[5.906s] Invoking command in '/root/GZ_DiNiu/src/io_control_py': PYTHONPATH=/root/GZ_DiNiu/build/io_control_py/prefix_override:/usr/lib/python3/dist-packages/colcon_core/task/python/colcon_distutils_commands:/root/GZ_DiNiu/install/io_control_py/lib/python3.10/site-packages:${PYTHONPATH} /usr/bin/python3 -W ignore:setup.py install is deprecated -W ignore:easy_install command is deprecated setup.py egg_info --egg-base ../../build/io_control_py build --build-base /root/GZ_DiNiu/build/io_control_py/build install --record /root/GZ_DiNiu/build/io_control_py/install.log --single-version-externally-managed install_data
[7.899s] running egg_info
[7.905s] writing ../../build/io_control_py/io_control_py.egg-info/PKG-INFO
[7.920s] writing dependency_links to ../../build/io_control_py/io_control_py.egg-info/dependency_links.txt
[7.921s] writing entry points to ../../build/io_control_py/io_control_py.egg-info/entry_points.txt
[7.921s] writing requirements to ../../build/io_control_py/io_control_py.egg-info/requires.txt
[7.922s] writing top-level names to ../../build/io_control_py/io_control_py.egg-info/top_level.txt
[7.937s] reading manifest file '../../build/io_control_py/io_control_py.egg-info/SOURCES.txt'
[7.946s] writing manifest file '../../build/io_control_py/io_control_py.egg-info/SOURCES.txt'
[7.947s] running build
[7.948s] running build_py
[7.948s] running install
[7.949s] running install_lib
[7.950s] running install_data
[7.963s] running install_egg_info
[7.964s] removing '/root/GZ_DiNiu/install/io_control_py/lib/python3.10/site-packages/io_control_py-0.0.1-py3.10.egg-info' (and everything under it)
[7.964s] Copying ../../build/io_control_py/io_control_py.egg-info to /root/GZ_DiNiu/install/io_control_py/lib/python3.10/site-packages/io_control_py-0.0.1-py3.10.egg-info
[7.978s] running install_scripts
[8.109s] Installing io_control_node script to /root/GZ_DiNiu/install/io_control_py/lib/io_control_py
[8.122s] writing list of installed files to '/root/GZ_DiNiu/build/io_control_py/install.log'
[8.297s] Invoked command in '/root/GZ_DiNiu/src/io_control_py' returned '0': PYTHONPATH=/root/GZ_DiNiu/build/io_control_py/prefix_override:/usr/lib/python3/dist-packages/colcon_core/task/python/colcon_distutils_commands:/root/GZ_DiNiu/install/io_control_py/lib/python3.10/site-packages:${PYTHONPATH} /usr/bin/python3 -W ignore:setup.py install is deprecated -W ignore:easy_install command is deprecated setup.py egg_info --egg-base ../../build/io_control_py build --build-base /root/GZ_DiNiu/build/io_control_py/build install --record /root/GZ_DiNiu/build/io_control_py/install.log --single-version-externally-managed install_data
