[10.897s] Invoking command in '/root/GZ_DiNiu/src/io_control_py': PYTHONPATH=/root/GZ_DiNiu/build/io_control_py/prefix_override:/usr/lib/python3/dist-packages/colcon_core/task/python/colcon_distutils_commands:/root/GZ_DiNiu/install/io_control_py/lib/python3.10/site-packages:${PYTHONPATH} /usr/bin/python3 -W ignore:setup.py install is deprecated -W ignore:easy_install command is deprecated setup.py egg_info --egg-base ../../build/io_control_py build --build-base /root/GZ_DiNiu/build/io_control_py/build install --record /root/GZ_DiNiu/build/io_control_py/install.log --single-version-externally-managed install_data
[14.415s] running egg_info
[14.433s] writing ../../build/io_control_py/io_control_py.egg-info/PKG-INFO
[14.443s] writing dependency_links to ../../build/io_control_py/io_control_py.egg-info/dependency_links.txt
[14.456s] writing entry points to ../../build/io_control_py/io_control_py.egg-info/entry_points.txt
[14.462s] writing requirements to ../../build/io_control_py/io_control_py.egg-info/requires.txt
[14.465s] writing top-level names to ../../build/io_control_py/io_control_py.egg-info/top_level.txt
[14.485s] reading manifest file '../../build/io_control_py/io_control_py.egg-info/SOURCES.txt'
[14.492s] writing manifest file '../../build/io_control_py/io_control_py.egg-info/SOURCES.txt'
[14.494s] running build
[14.495s] running build_py
[14.501s] running install
[14.505s] running install_lib
[14.519s] running install_data
[14.523s] running install_egg_info
[14.535s] removing '/root/GZ_DiNiu/install/io_control_py/lib/python3.10/site-packages/io_control_py-0.0.1-py3.10.egg-info' (and everything under it)
[14.541s] Copying ../../build/io_control_py/io_control_py.egg-info to /root/GZ_DiNiu/install/io_control_py/lib/python3.10/site-packages/io_control_py-0.0.1-py3.10.egg-info
[14.567s] running install_scripts
[14.792s] Installing io_control_node script to /root/GZ_DiNiu/install/io_control_py/lib/io_control_py
[14.801s] writing list of installed files to '/root/GZ_DiNiu/build/io_control_py/install.log'
[15.078s] Invoked command in '/root/GZ_DiNiu/src/io_control_py' returned '0': PYTHONPATH=/root/GZ_DiNiu/build/io_control_py/prefix_override:/usr/lib/python3/dist-packages/colcon_core/task/python/colcon_distutils_commands:/root/GZ_DiNiu/install/io_control_py/lib/python3.10/site-packages:${PYTHONPATH} /usr/bin/python3 -W ignore:setup.py install is deprecated -W ignore:easy_install command is deprecated setup.py egg_info --egg-base ../../build/io_control_py build --build-base /root/GZ_DiNiu/build/io_control_py/build install --record /root/GZ_DiNiu/build/io_control_py/install.log --single-version-externally-managed install_data
