[7.853s] Invoking command in '/root/GZ_DiNiu/src/motor_control_py': PYTHONPATH=/root/GZ_DiNiu/build/motor_control_py/prefix_override:/usr/lib/python3/dist-packages/colcon_core/task/python/colcon_distutils_commands:/root/GZ_DiNiu/install/motor_control_py/lib/python3.10/site-packages:${PYTHONPATH} /usr/bin/python3 -W ignore:setup.py install is deprecated -W ignore:easy_install command is deprecated setup.py egg_info --egg-base ../../build/motor_control_py build --build-base /root/GZ_DiNiu/build/motor_control_py/build install --record /root/GZ_DiNiu/build/motor_control_py/install.log --single-version-externally-managed install_data
[10.953s] running egg_info
[10.961s] writing ../../build/motor_control_py/motor_control_py.egg-info/PKG-INFO
[10.962s] writing dependency_links to ../../build/motor_control_py/motor_control_py.egg-info/dependency_links.txt
[10.963s] writing entry points to ../../build/motor_control_py/motor_control_py.egg-info/entry_points.txt
[10.965s] writing requirements to ../../build/motor_control_py/motor_control_py.egg-info/requires.txt
[10.968s] writing top-level names to ../../build/motor_control_py/motor_control_py.egg-info/top_level.txt
[10.984s] reading manifest file '../../build/motor_control_py/motor_control_py.egg-info/SOURCES.txt'
[10.989s] writing manifest file '../../build/motor_control_py/motor_control_py.egg-info/SOURCES.txt'
[10.997s] running build
[10.998s] running build_py
[10.998s] running install
[10.999s] running install_lib
[11.011s] running install_data
[11.014s] copying launch/cmd_vel_full.launch.py -> /root/GZ_DiNiu/install/motor_control_py/share/motor_control_py/launch
[11.019s] copying launch/bringup.launch.py -> /root/GZ_DiNiu/install/motor_control_py/share/motor_control_py/launch
[11.021s] running install_egg_info
[11.035s] removing '/root/GZ_DiNiu/install/motor_control_py/lib/python3.10/site-packages/motor_control_py-0.0.1-py3.10.egg-info' (and everything under it)
[11.042s] Copying ../../build/motor_control_py/motor_control_py.egg-info to /root/GZ_DiNiu/install/motor_control_py/lib/python3.10/site-packages/motor_control_py-0.0.1-py3.10.egg-info
[11.059s] running install_scripts
[11.234s] Installing motor_control_node script to /root/GZ_DiNiu/install/motor_control_py/lib/motor_control_py
[11.245s] Installing speed_web_node script to /root/GZ_DiNiu/install/motor_control_py/lib/motor_control_py
[11.246s] Installing steer_control_node script to /root/GZ_DiNiu/install/motor_control_py/lib/motor_control_py
[11.247s] writing list of installed files to '/root/GZ_DiNiu/build/motor_control_py/install.log'
[11.524s] Invoked command in '/root/GZ_DiNiu/src/motor_control_py' returned '0': PYTHONPATH=/root/GZ_DiNiu/build/motor_control_py/prefix_override:/usr/lib/python3/dist-packages/colcon_core/task/python/colcon_distutils_commands:/root/GZ_DiNiu/install/motor_control_py/lib/python3.10/site-packages:${PYTHONPATH} /usr/bin/python3 -W ignore:setup.py install is deprecated -W ignore:easy_install command is deprecated setup.py egg_info --egg-base ../../build/motor_control_py build --build-base /root/GZ_DiNiu/build/motor_control_py/build install --record /root/GZ_DiNiu/build/motor_control_py/install.log --single-version-externally-managed install_data
