[6.460s] Invoking command in '/root/GZ_DiNiu/src/io_control_py': PYTHONPATH=/root/GZ_DiNiu/build/io_control_py/prefix_override:/usr/lib/python3/dist-packages/colcon_core/task/python/colcon_distutils_commands:/root/GZ_DiNiu/install/io_control_py/lib/python3.10/site-packages:${PYTHONPATH} /usr/bin/python3 -W ignore:setup.py install is deprecated -W ignore:easy_install command is deprecated setup.py egg_info --egg-base ../../build/io_control_py build --build-base /root/GZ_DiNiu/build/io_control_py/build install --record /root/GZ_DiNiu/build/io_control_py/install.log --single-version-externally-managed install_data
[9.014s] running egg_info
[9.021s] writing ../../build/io_control_py/io_control_py.egg-info/PKG-INFO
[9.024s] writing dependency_links to ../../build/io_control_py/io_control_py.egg-info/dependency_links.txt
[9.027s] writing entry points to ../../build/io_control_py/io_control_py.egg-info/entry_points.txt
[9.031s] writing requirements to ../../build/io_control_py/io_control_py.egg-info/requires.txt
[9.035s] writing top-level names to ../../build/io_control_py/io_control_py.egg-info/top_level.txt
[9.050s] reading manifest file '../../build/io_control_py/io_control_py.egg-info/SOURCES.txt'
[9.056s] writing manifest file '../../build/io_control_py/io_control_py.egg-info/SOURCES.txt'
[9.061s] running build
[9.065s] running build_py
[9.074s] running install
[9.080s] running install_lib
[9.100s] running install_data
[9.111s] running install_egg_info
[9.153s] removing '/root/GZ_DiNiu/install/io_control_py/lib/python3.10/site-packages/io_control_py-0.0.1-py3.10.egg-info' (and everything under it)
[9.155s] Copying ../../build/io_control_py/io_control_py.egg-info to /root/GZ_DiNiu/install/io_control_py/lib/python3.10/site-packages/io_control_py-0.0.1-py3.10.egg-info
[9.180s] running install_scripts
[9.358s] Installing io_control_node script to /root/GZ_DiNiu/install/io_control_py/lib/io_control_py
[9.362s] writing list of installed files to '/root/GZ_DiNiu/build/io_control_py/install.log'
[9.573s] Invoked command in '/root/GZ_DiNiu/src/io_control_py' returned '0': PYTHONPATH=/root/GZ_DiNiu/build/io_control_py/prefix_override:/usr/lib/python3/dist-packages/colcon_core/task/python/colcon_distutils_commands:/root/GZ_DiNiu/install/io_control_py/lib/python3.10/site-packages:${PYTHONPATH} /usr/bin/python3 -W ignore:setup.py install is deprecated -W ignore:easy_install command is deprecated setup.py egg_info --egg-base ../../build/io_control_py build --build-base /root/GZ_DiNiu/build/io_control_py/build install --record /root/GZ_DiNiu/build/io_control_py/install.log --single-version-externally-managed install_data
