[7.454s] Invoking command in '/root/GZ_DiNiu/src/io_control_py': PYTHONPATH=/root/GZ_DiNiu/build/io_control_py/prefix_override:/usr/lib/python3/dist-packages/colcon_core/task/python/colcon_distutils_commands:/root/GZ_DiNiu/install/io_control_py/lib/python3.10/site-packages:${PYTHONPATH} /usr/bin/python3 -W ignore:setup.py install is deprecated -W ignore:easy_install command is deprecated setup.py egg_info --egg-base ../../build/io_control_py build --build-base /root/GZ_DiNiu/build/io_control_py/build install --record /root/GZ_DiNiu/build/io_control_py/install.log --single-version-externally-managed install_data
[9.752s] running egg_info
[9.758s] writing ../../build/io_control_py/io_control_py.egg-info/PKG-INFO
[9.762s] writing dependency_links to ../../build/io_control_py/io_control_py.egg-info/dependency_links.txt
[9.769s] writing entry points to ../../build/io_control_py/io_control_py.egg-info/entry_points.txt
[9.772s] writing requirements to ../../build/io_control_py/io_control_py.egg-info/requires.txt
[9.775s] writing top-level names to ../../build/io_control_py/io_control_py.egg-info/top_level.txt
[9.778s] reading manifest file '../../build/io_control_py/io_control_py.egg-info/SOURCES.txt'
[9.782s] writing manifest file '../../build/io_control_py/io_control_py.egg-info/SOURCES.txt'
[9.789s] running build
[9.792s] running build_py
[9.799s] running install
[9.800s] running install_lib
[9.801s] running install_data
[9.801s] running install_egg_info
[9.802s] removing '/root/GZ_DiNiu/install/io_control_py/lib/python3.10/site-packages/io_control_py-0.0.1-py3.10.egg-info' (and everything under it)
[9.813s] Copying ../../build/io_control_py/io_control_py.egg-info to /root/GZ_DiNiu/install/io_control_py/lib/python3.10/site-packages/io_control_py-0.0.1-py3.10.egg-info
[9.837s] running install_scripts
[9.971s] Installing io_control_node script to /root/GZ_DiNiu/install/io_control_py/lib/io_control_py
[9.975s] writing list of installed files to '/root/GZ_DiNiu/build/io_control_py/install.log'
[10.316s] Invoked command in '/root/GZ_DiNiu/src/io_control_py' returned '0': PYTHONPATH=/root/GZ_DiNiu/build/io_control_py/prefix_override:/usr/lib/python3/dist-packages/colcon_core/task/python/colcon_distutils_commands:/root/GZ_DiNiu/install/io_control_py/lib/python3.10/site-packages:${PYTHONPATH} /usr/bin/python3 -W ignore:setup.py install is deprecated -W ignore:easy_install command is deprecated setup.py egg_info --egg-base ../../build/io_control_py build --build-base /root/GZ_DiNiu/build/io_control_py/build install --record /root/GZ_DiNiu/build/io_control_py/install.log --single-version-externally-managed install_data
