[0.224s] Invoking command in '/root/GZ_DiNiu/build/ackermann_odom': CMAKE_PREFIX_PATH=${CMAKE_PREFIX_PATH}:/root/GZ_DiNiu/install/motor_control_py:/root/GZ_DiNiu/install/io_control_py:/root/GZ_DiNiu/install/imu_bno08x:/opt/ros/humble /usr/bin/cmake --build /root/GZ_DiNiu/build/ackermann_odom -- -j4 -l4
[1.857s] [100%] Built target ackermann_odom_node
[3.177s] Invoked command in '/root/GZ_DiNiu/build/ackermann_odom' returned '0': CMAKE_PREFIX_PATH=${CMAKE_PREFIX_PATH}:/root/GZ_DiNiu/install/motor_control_py:/root/GZ_DiNiu/install/io_control_py:/root/GZ_DiNiu/install/imu_bno08x:/opt/ros/humble /usr/bin/cmake --build /root/GZ_DiNiu/build/ackermann_odom -- -j4 -l4
[3.220s] Invoking command in '/root/GZ_DiNiu/build/ackermann_odom': CMAKE_PREFIX_PATH=${CMAKE_PREFIX_PATH}:/root/GZ_DiNiu/install/motor_control_py:/root/GZ_DiNiu/install/io_control_py:/root/GZ_DiNiu/install/imu_bno08x:/opt/ros/humble /usr/bin/cmake --install /root/GZ_DiNiu/build/ackermann_odom
[3.262s] -- Install configuration: ""
[3.274s] -- Up-to-date: /root/GZ_DiNiu/install/ackermann_odom/lib/ackermann_odom/ackermann_odom_node
[3.275s] -- Up-to-date: /root/GZ_DiNiu/install/ackermann_odom/share/ackermann_odom/config
[3.280s] -- Up-to-date: /root/GZ_DiNiu/install/ackermann_odom/share/ackermann_odom/config/motor_control_defaults.yaml
[3.281s] -- Up-to-date: /root/GZ_DiNiu/install/ackermann_odom/share/ament_index/resource_index/package_run_dependencies/ackermann_odom
[3.282s] -- Up-to-date: /root/GZ_DiNiu/install/ackermann_odom/share/ament_index/resource_index/parent_prefix_path/ackermann_odom
[3.283s] -- Up-to-date: /root/GZ_DiNiu/install/ackermann_odom/share/ackermann_odom/environment/ament_prefix_path.sh
[3.295s] -- Up-to-date: /root/GZ_DiNiu/install/ackermann_odom/share/ackermann_odom/environment/ament_prefix_path.dsv
[3.299s] -- Up-to-date: /root/GZ_DiNiu/install/ackermann_odom/share/ackermann_odom/environment/path.sh
[3.300s] -- Up-to-date: /root/GZ_DiNiu/install/ackermann_odom/share/ackermann_odom/environment/path.dsv
[3.301s] -- Up-to-date: /root/GZ_DiNiu/install/ackermann_odom/share/ackermann_odom/local_setup.bash
[3.301s] -- Up-to-date: /root/GZ_DiNiu/install/ackermann_odom/share/ackermann_odom/local_setup.sh
[3.302s] -- Up-to-date: /root/GZ_DiNiu/install/ackermann_odom/share/ackermann_odom/local_setup.zsh
[3.302s] -- Up-to-date: /root/GZ_DiNiu/install/ackermann_odom/share/ackermann_odom/local_setup.dsv
[3.303s] -- Installing: /root/GZ_DiNiu/install/ackermann_odom/share/ackermann_odom/package.dsv
[3.308s] -- Up-to-date: /root/GZ_DiNiu/install/ackermann_odom/share/ament_index/resource_index/packages/ackermann_odom
[3.309s] -- Up-to-date: /root/GZ_DiNiu/install/ackermann_odom/share/ackermann_odom/cmake/ackermann_odomConfig.cmake
[3.309s] -- Up-to-date: /root/GZ_DiNiu/install/ackermann_odom/share/ackermann_odom/cmake/ackermann_odomConfig-version.cmake
[3.310s] -- Up-to-date: /root/GZ_DiNiu/install/ackermann_odom/share/ackermann_odom/package.xml
[3.453s] Invoked command in '/root/GZ_DiNiu/build/ackermann_odom' returned '0': CMAKE_PREFIX_PATH=${CMAKE_PREFIX_PATH}:/root/GZ_DiNiu/install/motor_control_py:/root/GZ_DiNiu/install/io_control_py:/root/GZ_DiNiu/install/imu_bno08x:/opt/ros/humble /usr/bin/cmake --install /root/GZ_DiNiu/build/ackermann_odom
