[17.084s] Invoking command in '/root/GZ_DiNiu/src/motor_control_py': PYTHONPATH=/root/GZ_DiNiu/build/motor_control_py/prefix_override:/usr/lib/python3/dist-packages/colcon_core/task/python/colcon_distutils_commands:/root/GZ_DiNiu/install/motor_control_py/lib/python3.10/site-packages:${PYTHONPATH} /usr/bin/python3 -W ignore:setup.py install is deprecated -W ignore:easy_install command is deprecated setup.py egg_info --egg-base ../../build/motor_control_py build --build-base /root/GZ_DiNiu/build/motor_control_py/build install --record /root/GZ_DiNiu/build/motor_control_py/install.log --single-version-externally-managed install_data
[22.997s] running egg_info
[23.034s] writing ../../build/motor_control_py/motor_control_py.egg-info/PKG-INFO
[23.042s] writing dependency_links to ../../build/motor_control_py/motor_control_py.egg-info/dependency_links.txt
[23.050s] writing entry points to ../../build/motor_control_py/motor_control_py.egg-info/entry_points.txt
[23.061s] writing requirements to ../../build/motor_control_py/motor_control_py.egg-info/requires.txt
[23.079s] writing top-level names to ../../build/motor_control_py/motor_control_py.egg-info/top_level.txt
[23.147s] reading manifest file '../../build/motor_control_py/motor_control_py.egg-info/SOURCES.txt'
[23.175s] writing manifest file '../../build/motor_control_py/motor_control_py.egg-info/SOURCES.txt'
[23.183s] running build
[23.185s] running build_py
[23.241s] copying motor_control_py/speed_web_node.py -> /root/GZ_DiNiu/build/motor_control_py/build/lib/motor_control_py
[23.319s] copying motor_control_py/motor_control_node.py -> /root/GZ_DiNiu/build/motor_control_py/build/lib/motor_control_py
[23.367s] copying motor_control_py/steer_control_node.py -> /root/GZ_DiNiu/build/motor_control_py/build/lib/motor_control_py
[23.461s] running install
[23.524s] running install_lib
[23.593s] copying /root/GZ_DiNiu/build/motor_control_py/build/lib/motor_control_py/speed_web_node.py -> /root/GZ_DiNiu/install/motor_control_py/lib/python3.10/site-packages/motor_control_py
[23.628s] copying /root/GZ_DiNiu/build/motor_control_py/build/lib/motor_control_py/motor_control_node.py -> /root/GZ_DiNiu/install/motor_control_py/lib/python3.10/site-packages/motor_control_py
[23.637s] copying /root/GZ_DiNiu/build/motor_control_py/build/lib/motor_control_py/steer_control_node.py -> /root/GZ_DiNiu/install/motor_control_py/lib/python3.10/site-packages/motor_control_py
[23.678s] byte-compiling /root/GZ_DiNiu/install/motor_control_py/lib/python3.10/site-packages/motor_control_py/speed_web_node.py to speed_web_node.cpython-310.pyc
[23.689s] byte-compiling /root/GZ_DiNiu/install/motor_control_py/lib/python3.10/site-packages/motor_control_py/motor_control_node.py to motor_control_node.cpython-310.pyc
[23.696s] byte-compiling /root/GZ_DiNiu/install/motor_control_py/lib/python3.10/site-packages/motor_control_py/steer_control_node.py to steer_control_node.cpython-310.pyc
[23.705s] running install_data
[23.720s] copying package.xml -> /root/GZ_DiNiu/install/motor_control_py/share/motor_control_py
[23.732s] copying launch/cmd_vel_full.launch.py -> /root/GZ_DiNiu/install/motor_control_py/share/motor_control_py/launch
[23.742s] copying launch/bringup.launch.py -> /root/GZ_DiNiu/install/motor_control_py/share/motor_control_py/launch
[23.822s] running install_egg_info
[23.859s] removing '/root/GZ_DiNiu/install/motor_control_py/lib/python3.10/site-packages/motor_control_py-0.0.1-py3.10.egg-info' (and everything under it)
[23.945s] Copying ../../build/motor_control_py/motor_control_py.egg-info to /root/GZ_DiNiu/install/motor_control_py/lib/python3.10/site-packages/motor_control_py-0.0.1-py3.10.egg-info
[23.995s] running install_scripts
[24.122s] Installing motor_control_node script to /root/GZ_DiNiu/install/motor_control_py/lib/motor_control_py
[24.212s] Installing speed_web_node script to /root/GZ_DiNiu/install/motor_control_py/lib/motor_control_py
[24.273s] Installing steer_control_node script to /root/GZ_DiNiu/install/motor_control_py/lib/motor_control_py
[24.388s] writing list of installed files to '/root/GZ_DiNiu/build/motor_control_py/install.log'
[24.911s] Invoked command in '/root/GZ_DiNiu/src/motor_control_py' returned '0': PYTHONPATH=/root/GZ_DiNiu/build/motor_control_py/prefix_override:/usr/lib/python3/dist-packages/colcon_core/task/python/colcon_distutils_commands:/root/GZ_DiNiu/install/motor_control_py/lib/python3.10/site-packages:${PYTHONPATH} /usr/bin/python3 -W ignore:setup.py install is deprecated -W ignore:easy_install command is deprecated setup.py egg_info --egg-base ../../build/motor_control_py build --build-base /root/GZ_DiNiu/build/motor_control_py/build install --record /root/GZ_DiNiu/build/motor_control_py/install.log --single-version-externally-managed install_data
