running egg_info
writing ../../build/io_control_py/io_control_py.egg-info/PKG-INFO
writing dependency_links to ../../build/io_control_py/io_control_py.egg-info/dependency_links.txt
writing entry points to ../../build/io_control_py/io_control_py.egg-info/entry_points.txt
writing requirements to ../../build/io_control_py/io_control_py.egg-info/requires.txt
writing top-level names to ../../build/io_control_py/io_control_py.egg-info/top_level.txt
reading manifest file '../../build/io_control_py/io_control_py.egg-info/SOURCES.txt'
writing manifest file '../../build/io_control_py/io_control_py.egg-info/SOURCES.txt'
running build
running build_py
copying io_control_py/io_control_node.py -> /root/GZ_DiNiu/build/io_control_py/build/lib/io_control_py
running install
running install_lib
copying /root/GZ_DiNiu/build/io_control_py/build/lib/io_control_py/io_control_node.py -> /root/GZ_DiNiu/install/io_control_py/lib/python3.10/site-packages/io_control_py
byte-compiling /root/GZ_DiNiu/install/io_control_py/lib/python3.10/site-packages/io_control_py/io_control_node.py to io_control_node.cpython-310.pyc
running install_data
copying package.xml -> /root/GZ_DiNiu/install/io_control_py/share/io_control_py
running install_egg_info
removing '/root/GZ_DiNiu/install/io_control_py/lib/python3.10/site-packages/io_control_py-0.0.1-py3.10.egg-info' (and everything under it)
Copying ../../build/io_control_py/io_control_py.egg-info to /root/GZ_DiNiu/install/io_control_py/lib/python3.10/site-packages/io_control_py-0.0.1-py3.10.egg-info
running install_scripts
Installing io_control_node script to /root/GZ_DiNiu/install/io_control_py/lib/io_control_py
writing list of installed files to '/root/GZ_DiNiu/build/io_control_py/install.log'
