[15.882s] Invoking command in '/root/GZ_DiNiu/src/io_control_py': PYTHONPATH=/root/GZ_DiNiu/build/io_control_py/prefix_override:/usr/lib/python3/dist-packages/colcon_core/task/python/colcon_distutils_commands:/root/GZ_DiNiu/install/io_control_py/lib/python3.10/site-packages:${PYTHONPATH} /usr/bin/python3 -W ignore:setup.py install is deprecated -W ignore:easy_install command is deprecated setup.py egg_info --egg-base ../../build/io_control_py build --build-base /root/GZ_DiNiu/build/io_control_py/build install --record /root/GZ_DiNiu/build/io_control_py/install.log --single-version-externally-managed install_data
[23.752s] running egg_info
[23.792s] writing ../../build/io_control_py/io_control_py.egg-info/PKG-INFO
[23.807s] writing dependency_links to ../../build/io_control_py/io_control_py.egg-info/dependency_links.txt
[23.814s] writing entry points to ../../build/io_control_py/io_control_py.egg-info/entry_points.txt
[23.822s] writing requirements to ../../build/io_control_py/io_control_py.egg-info/requires.txt
[23.832s] writing top-level names to ../../build/io_control_py/io_control_py.egg-info/top_level.txt
[23.880s] reading manifest file '../../build/io_control_py/io_control_py.egg-info/SOURCES.txt'
[23.912s] writing manifest file '../../build/io_control_py/io_control_py.egg-info/SOURCES.txt'
[23.916s] running build
[23.916s] running build_py
[23.920s] copying io_control_py/io_control_node.py -> /root/GZ_DiNiu/build/io_control_py/build/lib/io_control_py
[23.934s] running install
[23.943s] running install_lib
[23.961s] copying /root/GZ_DiNiu/build/io_control_py/build/lib/io_control_py/io_control_node.py -> /root/GZ_DiNiu/install/io_control_py/lib/python3.10/site-packages/io_control_py
[23.980s] byte-compiling /root/GZ_DiNiu/install/io_control_py/lib/python3.10/site-packages/io_control_py/io_control_node.py to io_control_node.cpython-310.pyc
[24.012s] running install_data
[24.015s] copying package.xml -> /root/GZ_DiNiu/install/io_control_py/share/io_control_py
[24.028s] running install_egg_info
[24.058s] removing '/root/GZ_DiNiu/install/io_control_py/lib/python3.10/site-packages/io_control_py-0.0.1-py3.10.egg-info' (and everything under it)
[24.080s] Copying ../../build/io_control_py/io_control_py.egg-info to /root/GZ_DiNiu/install/io_control_py/lib/python3.10/site-packages/io_control_py-0.0.1-py3.10.egg-info
[24.140s] running install_scripts
[24.520s] Installing io_control_node script to /root/GZ_DiNiu/install/io_control_py/lib/io_control_py
[24.544s] writing list of installed files to '/root/GZ_DiNiu/build/io_control_py/install.log'
[31.661s] Invoked command in '/root/GZ_DiNiu/src/io_control_py' returned '0': PYTHONPATH=/root/GZ_DiNiu/build/io_control_py/prefix_override:/usr/lib/python3/dist-packages/colcon_core/task/python/colcon_distutils_commands:/root/GZ_DiNiu/install/io_control_py/lib/python3.10/site-packages:${PYTHONPATH} /usr/bin/python3 -W ignore:setup.py install is deprecated -W ignore:easy_install command is deprecated setup.py egg_info --egg-base ../../build/io_control_py build --build-base /root/GZ_DiNiu/build/io_control_py/build install --record /root/GZ_DiNiu/build/io_control_py/install.log --single-version-externally-managed install_data
