[7.724s] Invoking command in '/root/GZ_DiNiu/src/io_control_py': PYTHONPATH=/root/GZ_DiNiu/build/io_control_py/prefix_override:/usr/lib/python3/dist-packages/colcon_core/task/python/colcon_distutils_commands:/root/GZ_DiNiu/install/io_control_py/lib/python3.10/site-packages:${PYTHONPATH} /usr/bin/python3 -W ignore:setup.py install is deprecated -W ignore:easy_install command is deprecated setup.py egg_info --egg-base ../../build/io_control_py build --build-base /root/GZ_DiNiu/build/io_control_py/build install --record /root/GZ_DiNiu/build/io_control_py/install.log --single-version-externally-managed install_data
[10.817s] running egg_info
[10.825s] writing ../../build/io_control_py/io_control_py.egg-info/PKG-INFO
[10.829s] writing dependency_links to ../../build/io_control_py/io_control_py.egg-info/dependency_links.txt
[10.836s] writing entry points to ../../build/io_control_py/io_control_py.egg-info/entry_points.txt
[10.838s] writing requirements to ../../build/io_control_py/io_control_py.egg-info/requires.txt
[10.841s] writing top-level names to ../../build/io_control_py/io_control_py.egg-info/top_level.txt
[10.865s] reading manifest file '../../build/io_control_py/io_control_py.egg-info/SOURCES.txt'
[10.878s] writing manifest file '../../build/io_control_py/io_control_py.egg-info/SOURCES.txt'
[10.888s] running build
[10.892s] running build_py
[10.895s] running install
[10.898s] running install_lib
[10.912s] running install_data
[10.918s] running install_egg_info
[10.943s] removing '/root/GZ_DiNiu/install/io_control_py/lib/python3.10/site-packages/io_control_py-0.0.1-py3.10.egg-info' (and everything under it)
[10.952s] Copying ../../build/io_control_py/io_control_py.egg-info to /root/GZ_DiNiu/install/io_control_py/lib/python3.10/site-packages/io_control_py-0.0.1-py3.10.egg-info
[10.970s] running install_scripts
[11.200s] Installing io_control_node script to /root/GZ_DiNiu/install/io_control_py/lib/io_control_py
[11.215s] writing list of installed files to '/root/GZ_DiNiu/build/io_control_py/install.log'
[11.450s] Invoked command in '/root/GZ_DiNiu/src/io_control_py' returned '0': PYTHONPATH=/root/GZ_DiNiu/build/io_control_py/prefix_override:/usr/lib/python3/dist-packages/colcon_core/task/python/colcon_distutils_commands:/root/GZ_DiNiu/install/io_control_py/lib/python3.10/site-packages:${PYTHONPATH} /usr/bin/python3 -W ignore:setup.py install is deprecated -W ignore:easy_install command is deprecated setup.py egg_info --egg-base ../../build/io_control_py build --build-base /root/GZ_DiNiu/build/io_control_py/build install --record /root/GZ_DiNiu/build/io_control_py/install.log --single-version-externally-managed install_data
