-- The C compiler identification is GNU 11.4.0
-- The CXX compiler identification is GNU 11.4.0
-- Detecting C compiler ABI info
-- Detecting C compiler ABI info - done
-- Check for working C compiler: /usr/bin/cc - skipped
-- Detecting C compile features
-- Detecting C compile features - done
-- Detecting CXX compiler ABI info
-- Detecting CXX compiler ABI info - done
-- Check for working CXX compiler: /usr/bin/c++ - skipped
-- Detecting CXX compile features
-- Detecting CXX compile features - done
-- Found ament_cmake: 1.3.12 (/opt/ros/humble/share/ament_cmake/cmake)
-- Found Python3: /usr/bin/python3 (found version "3.10.12") found components: Interpreter 
-- Found rclcpp: 16.0.17 (/opt/ros/humble/share/rclcpp/cmake)
-- Found rosidl_generator_c: 3.1.8 (/opt/ros/humble/share/rosidl_generator_c/cmake)
-- Found rosidl_adapter: 3.1.8 (/opt/ros/humble/share/rosidl_adapter/cmake)
-- Found rosidl_generator_cpp: 3.1.8 (/opt/ros/humble/share/rosidl_generator_cpp/cmake)
-- Using all available rosidl_typesupport_c: rosidl_typesupport_fastrtps_c;rosidl_typesupport_introspection_c
-- Using all available rosidl_typesupport_cpp: rosidl_typesupport_fastrtps_cpp;rosidl_typesupport_introspection_cpp
-- Found rmw_implementation_cmake: 6.1.2 (/opt/ros/humble/share/rmw_implementation_cmake/cmake)
-- Found rmw_fastrtps_cpp: 6.2.9 (/opt/ros/humble/share/rmw_fastrtps_cpp/cmake)
-- Found OpenSSL: /usr/lib/aarch64-linux-gnu/libcrypto.so (found version "3.0.2")  
-- Found FastRTPS: /opt/ros/humble/include  
-- Using RMW implementation 'rmw_fastrtps_cpp' as default
-- Looking for pthread.h
-- Looking for pthread.h - found
-- Performing Test CMAKE_HAVE_LIBC_PTHREAD
-- Performing Test CMAKE_HAVE_LIBC_PTHREAD - Success
-- Found Threads: TRUE  
-- Found nav_msgs: 4.9.0 (/opt/ros/humble/share/nav_msgs/cmake)
-- Configuring done
-- Generating done
-- Build files have been written to: /root/GZ_DiNiu/build/ackermann_odom
[ 50%] Building CXX object CMakeFiles/ackermann_odom_node.dir/src/ackermann_odom_node.cpp.o
[100%] Linking CXX executable ackermann_odom_node
[100%] Built target ackermann_odom_node
-- Install configuration: ""
-- Installing: /root/GZ_DiNiu/install/ackermann_odom/lib/ackermann_odom/ackermann_odom_node
-- Set runtime path of "/root/GZ_DiNiu/install/ackermann_odom/lib/ackermann_odom/ackermann_odom_node" to ""
-- Installing: /root/GZ_DiNiu/install/ackermann_odom/share/ament_index/resource_index/package_run_dependencies/ackermann_odom
-- Installing: /root/GZ_DiNiu/install/ackermann_odom/share/ament_index/resource_index/parent_prefix_path/ackermann_odom
-- Installing: /root/GZ_DiNiu/install/ackermann_odom/share/ackermann_odom/environment/ament_prefix_path.sh
-- Installing: /root/GZ_DiNiu/install/ackermann_odom/share/ackermann_odom/environment/ament_prefix_path.dsv
-- Installing: /root/GZ_DiNiu/install/ackermann_odom/share/ackermann_odom/environment/path.sh
-- Installing: /root/GZ_DiNiu/install/ackermann_odom/share/ackermann_odom/environment/path.dsv
-- Installing: /root/GZ_DiNiu/install/ackermann_odom/share/ackermann_odom/local_setup.bash
-- Installing: /root/GZ_DiNiu/install/ackermann_odom/share/ackermann_odom/local_setup.sh
-- Installing: /root/GZ_DiNiu/install/ackermann_odom/share/ackermann_odom/local_setup.zsh
-- Installing: /root/GZ_DiNiu/install/ackermann_odom/share/ackermann_odom/local_setup.dsv
-- Installing: /root/GZ_DiNiu/install/ackermann_odom/share/ackermann_odom/package.dsv
-- Installing: /root/GZ_DiNiu/install/ackermann_odom/share/ament_index/resource_index/packages/ackermann_odom
-- Installing: /root/GZ_DiNiu/install/ackermann_odom/share/ackermann_odom/cmake/ackermann_odomConfig.cmake
-- Installing: /root/GZ_DiNiu/install/ackermann_odom/share/ackermann_odom/cmake/ackermann_odomConfig-version.cmake
-- Installing: /root/GZ_DiNiu/install/ackermann_odom/share/ackermann_odom/package.xml
