[0.139s] Invoking command in '/root/GZ_DiNiu/build/ackermann_odom': CMAKE_PREFIX_PATH=${CMAKE_PREFIX_PATH}:/root/GZ_DiNiu/install/motor_control_py:/root/GZ_DiNiu/install/imu_bno08x:/opt/ros/humble /usr/bin/cmake /root/GZ_DiNiu/src/ackermann_odom -DCMAKE_INSTALL_PREFIX=/root/GZ_DiNiu/install/ackermann_odom
[3.857s] -- The C compiler identification is GNU 11.4.0
[3.863s] -- The CXX compiler identification is GNU 11.4.0
[3.867s] -- Detecting C compiler ABI info
[3.874s] -- Detecting C compiler ABI info - done
[3.874s] -- Check for working C compiler: /usr/bin/cc - skipped
[3.875s] -- Detecting C compile features
[3.876s] -- Detecting C compile features - done
[3.876s] -- Detecting CXX compiler ABI info
[4.411s] -- Detecting CXX compiler ABI info - done
[4.588s] -- Check for working CXX compiler: /usr/bin/c++ - skipped
[4.589s] -- Detecting CXX compile features
[4.594s] -- Detecting CXX compile features - done
[4.724s] -- Found ament_cmake: 1.3.12 (/opt/ros/humble/share/ament_cmake/cmake)
[6.683s] -- Found Python3: /usr/bin/python3 (found version "3.10.12") found components: Interpreter 
[8.564s] -- Found rclcpp: 16.0.17 (/opt/ros/humble/share/rclcpp/cmake)
[9.377s] -- Found rosidl_generator_c: 3.1.8 (/opt/ros/humble/share/rosidl_generator_c/cmake)
[9.462s] -- Found rosidl_adapter: 3.1.8 (/opt/ros/humble/share/rosidl_adapter/cmake)
[9.587s] -- Found rosidl_generator_cpp: 3.1.8 (/opt/ros/humble/share/rosidl_generator_cpp/cmake)
[9.723s] -- Using all available rosidl_typesupport_c: rosidl_typesupport_fastrtps_c;rosidl_typesupport_introspection_c
[9.953s] -- Using all available rosidl_typesupport_cpp: rosidl_typesupport_fastrtps_cpp;rosidl_typesupport_introspection_cpp
[10.880s] -- Found rmw_implementation_cmake: 6.1.2 (/opt/ros/humble/share/rmw_implementation_cmake/cmake)
[10.955s] -- Found rmw_fastrtps_cpp: 6.2.9 (/opt/ros/humble/share/rmw_fastrtps_cpp/cmake)
[12.265s] -- Found OpenSSL: /usr/lib/aarch64-linux-gnu/libcrypto.so (found version "3.0.2")  
[12.635s] -- Found FastRTPS: /opt/ros/humble/include  
[13.258s] -- Using RMW implementation 'rmw_fastrtps_cpp' as default
[13.392s] -- Looking for pthread.h
[13.827s] -- Looking for pthread.h - found
[13.830s] -- Performing Test CMAKE_HAVE_LIBC_PTHREAD
[14.505s] -- Performing Test CMAKE_HAVE_LIBC_PTHREAD - Success
[14.521s] -- Found Threads: TRUE  
[15.223s] -- Found nav_msgs: 4.9.0 (/opt/ros/humble/share/nav_msgs/cmake)
[16.286s] -- Configuring done
[16.374s] -- Generating done
[16.404s] -- Build files have been written to: /root/GZ_DiNiu/build/ackermann_odom
[16.461s] Invoked command in '/root/GZ_DiNiu/build/ackermann_odom' returned '0': CMAKE_PREFIX_PATH=${CMAKE_PREFIX_PATH}:/root/GZ_DiNiu/install/motor_control_py:/root/GZ_DiNiu/install/imu_bno08x:/opt/ros/humble /usr/bin/cmake /root/GZ_DiNiu/src/ackermann_odom -DCMAKE_INSTALL_PREFIX=/root/GZ_DiNiu/install/ackermann_odom
[16.463s] Invoking command in '/root/GZ_DiNiu/build/ackermann_odom': CMAKE_PREFIX_PATH=${CMAKE_PREFIX_PATH}:/root/GZ_DiNiu/install/motor_control_py:/root/GZ_DiNiu/install/imu_bno08x:/opt/ros/humble /usr/bin/cmake --build /root/GZ_DiNiu/build/ackermann_odom -- -j4 -l4
[16.794s] [ 50%] Building CXX object CMakeFiles/ackermann_odom_node.dir/src/ackermann_odom_node.cpp.o
[82.220s] [100%] Linking CXX executable ackermann_odom_node
[85.052s] [100%] Built target ackermann_odom_node
[85.126s] Invoked command in '/root/GZ_DiNiu/build/ackermann_odom' returned '0': CMAKE_PREFIX_PATH=${CMAKE_PREFIX_PATH}:/root/GZ_DiNiu/install/motor_control_py:/root/GZ_DiNiu/install/imu_bno08x:/opt/ros/humble /usr/bin/cmake --build /root/GZ_DiNiu/build/ackermann_odom -- -j4 -l4
[85.208s] Invoking command in '/root/GZ_DiNiu/build/ackermann_odom': CMAKE_PREFIX_PATH=${CMAKE_PREFIX_PATH}:/root/GZ_DiNiu/install/motor_control_py:/root/GZ_DiNiu/install/imu_bno08x:/opt/ros/humble /usr/bin/cmake --install /root/GZ_DiNiu/build/ackermann_odom
[85.273s] -- Install configuration: ""
[85.281s] -- Installing: /root/GZ_DiNiu/install/ackermann_odom/lib/ackermann_odom/ackermann_odom_node
[85.334s] -- Set runtime path of "/root/GZ_DiNiu/install/ackermann_odom/lib/ackermann_odom/ackermann_odom_node" to ""
[85.338s] -- Installing: /root/GZ_DiNiu/install/ackermann_odom/share/ament_index/resource_index/package_run_dependencies/ackermann_odom
[85.344s] -- Installing: /root/GZ_DiNiu/install/ackermann_odom/share/ament_index/resource_index/parent_prefix_path/ackermann_odom
[85.350s] -- Installing: /root/GZ_DiNiu/install/ackermann_odom/share/ackermann_odom/environment/ament_prefix_path.sh
[85.355s] -- Installing: /root/GZ_DiNiu/install/ackermann_odom/share/ackermann_odom/environment/ament_prefix_path.dsv
[85.361s] -- Installing: /root/GZ_DiNiu/install/ackermann_odom/share/ackermann_odom/environment/path.sh
[85.365s] -- Installing: /root/GZ_DiNiu/install/ackermann_odom/share/ackermann_odom/environment/path.dsv
[85.370s] -- Installing: /root/GZ_DiNiu/install/ackermann_odom/share/ackermann_odom/local_setup.bash
[85.375s] -- Installing: /root/GZ_DiNiu/install/ackermann_odom/share/ackermann_odom/local_setup.sh
[85.381s] -- Installing: /root/GZ_DiNiu/install/ackermann_odom/share/ackermann_odom/local_setup.zsh
[85.386s] -- Installing: /root/GZ_DiNiu/install/ackermann_odom/share/ackermann_odom/local_setup.dsv
[85.401s] -- Installing: /root/GZ_DiNiu/install/ackermann_odom/share/ackermann_odom/package.dsv
[85.418s] -- Installing: /root/GZ_DiNiu/install/ackermann_odom/share/ament_index/resource_index/packages/ackermann_odom
[85.435s] -- Installing: /root/GZ_DiNiu/install/ackermann_odom/share/ackermann_odom/cmake/ackermann_odomConfig.cmake
[85.439s] -- Installing: /root/GZ_DiNiu/install/ackermann_odom/share/ackermann_odom/cmake/ackermann_odomConfig-version.cmake
[85.450s] -- Installing: /root/GZ_DiNiu/install/ackermann_odom/share/ackermann_odom/package.xml
[85.451s] Invoked command in '/root/GZ_DiNiu/build/ackermann_odom' returned '0': CMAKE_PREFIX_PATH=${CMAKE_PREFIX_PATH}:/root/GZ_DiNiu/install/motor_control_py:/root/GZ_DiNiu/install/imu_bno08x:/opt/ros/humble /usr/bin/cmake --install /root/GZ_DiNiu/build/ackermann_odom
