[30.081s] Invoking command in '/root/GZ_DiNiu/src/imu_bno08x': PYTHONPATH=/root/GZ_DiNiu/build/imu_bno08x/prefix_override:/usr/lib/python3/dist-packages/colcon_core/task/python/colcon_distutils_commands:/root/GZ_DiNiu/install/imu_bno08x/lib/python3.10/site-packages:${PYTHONPATH} /usr/bin/python3 -W ignore:setup.py install is deprecated -W ignore:easy_install command is deprecated setup.py egg_info --egg-base ../../build/imu_bno08x build --build-base /root/GZ_DiNiu/build/imu_bno08x/build install --record /root/GZ_DiNiu/build/imu_bno08x/install.log --single-version-externally-managed install_data
[38.991s] running egg_info
[39.041s] writing ../../build/imu_bno08x/imu_bno08x.egg-info/PKG-INFO
[39.059s] writing dependency_links to ../../build/imu_bno08x/imu_bno08x.egg-info/dependency_links.txt
[39.067s] writing entry points to ../../build/imu_bno08x/imu_bno08x.egg-info/entry_points.txt
[39.079s] writing requirements to ../../build/imu_bno08x/imu_bno08x.egg-info/requires.txt
[39.088s] writing top-level names to ../../build/imu_bno08x/imu_bno08x.egg-info/top_level.txt
[39.145s] reading manifest file '../../build/imu_bno08x/imu_bno08x.egg-info/SOURCES.txt'
[39.166s] writing manifest file '../../build/imu_bno08x/imu_bno08x.egg-info/SOURCES.txt'
[39.184s] running build
[39.187s] running build_py
[39.197s] copying imu_bno08x/imu_bno08x_node.py -> /root/GZ_DiNiu/build/imu_bno08x/build/lib/imu_bno08x
[39.221s] running install
[39.229s] running install_lib
[39.252s] copying /root/GZ_DiNiu/build/imu_bno08x/build/lib/imu_bno08x/imu_bno08x_node.py -> /root/GZ_DiNiu/install/imu_bno08x/lib/python3.10/site-packages/imu_bno08x
[39.287s] byte-compiling /root/GZ_DiNiu/install/imu_bno08x/lib/python3.10/site-packages/imu_bno08x/imu_bno08x_node.py to imu_bno08x_node.cpython-310.pyc
[39.340s] running install_data
[39.347s] running install_egg_info
[39.406s] removing '/root/GZ_DiNiu/install/imu_bno08x/lib/python3.10/site-packages/imu_bno08x-0.0.1-py3.10.egg-info' (and everything under it)
[39.470s] Copying ../../build/imu_bno08x/imu_bno08x.egg-info to /root/GZ_DiNiu/install/imu_bno08x/lib/python3.10/site-packages/imu_bno08x-0.0.1-py3.10.egg-info
[39.566s] running install_scripts
[40.028s] Installing imu_bno08x_node script to /root/GZ_DiNiu/install/imu_bno08x/lib/imu_bno08x
[40.045s] writing list of installed files to '/root/GZ_DiNiu/build/imu_bno08x/install.log'
[40.714s] Invoked command in '/root/GZ_DiNiu/src/imu_bno08x' returned '0': PYTHONPATH=/root/GZ_DiNiu/build/imu_bno08x/prefix_override:/usr/lib/python3/dist-packages/colcon_core/task/python/colcon_distutils_commands:/root/GZ_DiNiu/install/imu_bno08x/lib/python3.10/site-packages:${PYTHONPATH} /usr/bin/python3 -W ignore:setup.py install is deprecated -W ignore:easy_install command is deprecated setup.py egg_info --egg-base ../../build/imu_bno08x build --build-base /root/GZ_DiNiu/build/imu_bno08x/build install --record /root/GZ_DiNiu/build/imu_bno08x/install.log --single-version-externally-managed install_data
