[4.376s] Invoking command in '/root/GZ_DiNiu/src/motor_control_py': PYTHONPATH=/root/GZ_DiNiu/build/motor_control_py/prefix_override:/usr/lib/python3/dist-packages/colcon_core/task/python/colcon_distutils_commands:/root/GZ_DiNiu/install/motor_control_py/lib/python3.10/site-packages:${PYTHONPATH} /usr/bin/python3 -W ignore:setup.py install is deprecated -W ignore:easy_install command is deprecated setup.py egg_info --egg-base ../../build/motor_control_py build --build-base /root/GZ_DiNiu/build/motor_control_py/build install --record /root/GZ_DiNiu/build/motor_control_py/install.log --single-version-externally-managed install_data
[6.815s] running egg_info
[6.816s] writing ../../build/motor_control_py/motor_control_py.egg-info/PKG-INFO
[6.820s] writing dependency_links to ../../build/motor_control_py/motor_control_py.egg-info/dependency_links.txt
[6.827s] writing entry points to ../../build/motor_control_py/motor_control_py.egg-info/entry_points.txt
[6.832s] writing requirements to ../../build/motor_control_py/motor_control_py.egg-info/requires.txt
[6.838s] writing top-level names to ../../build/motor_control_py/motor_control_py.egg-info/top_level.txt
[6.868s] reading manifest file '../../build/motor_control_py/motor_control_py.egg-info/SOURCES.txt'
[6.879s] writing manifest file '../../build/motor_control_py/motor_control_py.egg-info/SOURCES.txt'
[6.884s] running build
[6.888s] running build_py
[6.892s] running install
[6.901s] running install_lib
[6.918s] running install_data
[6.924s] copying launch/cmd_vel_full.launch.py -> /root/GZ_DiNiu/install/motor_control_py/share/motor_control_py/launch
[6.934s] copying launch/bringup.launch.py -> /root/GZ_DiNiu/install/motor_control_py/share/motor_control_py/launch
[6.941s] running install_egg_info
[6.963s] removing '/root/GZ_DiNiu/install/motor_control_py/lib/python3.10/site-packages/motor_control_py-0.0.1-py3.10.egg-info' (and everything under it)
[6.976s] Copying ../../build/motor_control_py/motor_control_py.egg-info to /root/GZ_DiNiu/install/motor_control_py/lib/python3.10/site-packages/motor_control_py-0.0.1-py3.10.egg-info
[6.997s] running install_scripts
[7.239s] Installing motor_control_node script to /root/GZ_DiNiu/install/motor_control_py/lib/motor_control_py
[7.248s] Installing speed_web_node script to /root/GZ_DiNiu/install/motor_control_py/lib/motor_control_py
[7.258s] Installing steer_control_node script to /root/GZ_DiNiu/install/motor_control_py/lib/motor_control_py
[7.265s] writing list of installed files to '/root/GZ_DiNiu/build/motor_control_py/install.log'
[7.569s] Invoked command in '/root/GZ_DiNiu/src/motor_control_py' returned '0': PYTHONPATH=/root/GZ_DiNiu/build/motor_control_py/prefix_override:/usr/lib/python3/dist-packages/colcon_core/task/python/colcon_distutils_commands:/root/GZ_DiNiu/install/motor_control_py/lib/python3.10/site-packages:${PYTHONPATH} /usr/bin/python3 -W ignore:setup.py install is deprecated -W ignore:easy_install command is deprecated setup.py egg_info --egg-base ../../build/motor_control_py build --build-base /root/GZ_DiNiu/build/motor_control_py/build install --record /root/GZ_DiNiu/build/motor_control_py/install.log --single-version-externally-managed install_data
