[6.875s] Invoking command in '/root/GZ_DiNiu/src/io_control_py': PYTHONPATH=/root/GZ_DiNiu/build/io_control_py/prefix_override:/usr/lib/python3/dist-packages/colcon_core/task/python/colcon_distutils_commands:/root/GZ_DiNiu/install/io_control_py/lib/python3.10/site-packages:${PYTHONPATH} /usr/bin/python3 -W ignore:setup.py install is deprecated -W ignore:easy_install command is deprecated setup.py egg_info --egg-base ../../build/io_control_py build --build-base /root/GZ_DiNiu/build/io_control_py/build install --record /root/GZ_DiNiu/build/io_control_py/install.log --single-version-externally-managed install_data
[9.066s] running egg_info
[9.075s] writing ../../build/io_control_py/io_control_py.egg-info/PKG-INFO
[9.078s] writing dependency_links to ../../build/io_control_py/io_control_py.egg-info/dependency_links.txt
[9.085s] writing entry points to ../../build/io_control_py/io_control_py.egg-info/entry_points.txt
[9.091s] writing requirements to ../../build/io_control_py/io_control_py.egg-info/requires.txt
[9.102s] writing top-level names to ../../build/io_control_py/io_control_py.egg-info/top_level.txt
[9.122s] reading manifest file '../../build/io_control_py/io_control_py.egg-info/SOURCES.txt'
[9.128s] writing manifest file '../../build/io_control_py/io_control_py.egg-info/SOURCES.txt'
[9.150s] running build
[9.160s] running build_py
[9.165s] running install
[9.172s] running install_lib
[9.179s] running install_data
[9.197s] running install_egg_info
[9.202s] removing '/root/GZ_DiNiu/install/io_control_py/lib/python3.10/site-packages/io_control_py-0.0.1-py3.10.egg-info' (and everything under it)
[9.211s] Copying ../../build/io_control_py/io_control_py.egg-info to /root/GZ_DiNiu/install/io_control_py/lib/python3.10/site-packages/io_control_py-0.0.1-py3.10.egg-info
[9.220s] running install_scripts
[9.405s] Installing io_control_node script to /root/GZ_DiNiu/install/io_control_py/lib/io_control_py
[9.415s] writing list of installed files to '/root/GZ_DiNiu/build/io_control_py/install.log'
[9.642s] Invoked command in '/root/GZ_DiNiu/src/io_control_py' returned '0': PYTHONPATH=/root/GZ_DiNiu/build/io_control_py/prefix_override:/usr/lib/python3/dist-packages/colcon_core/task/python/colcon_distutils_commands:/root/GZ_DiNiu/install/io_control_py/lib/python3.10/site-packages:${PYTHONPATH} /usr/bin/python3 -W ignore:setup.py install is deprecated -W ignore:easy_install command is deprecated setup.py egg_info --egg-base ../../build/io_control_py build --build-base /root/GZ_DiNiu/build/io_control_py/build install --record /root/GZ_DiNiu/build/io_control_py/install.log --single-version-externally-managed install_data
