[2.615s] DEBUG:colcon:Command line arguments: ['/usr/bin/colcon', 'build']
[2.615s] DEBUG:colcon:Parsed command line arguments: Namespace(log_base=None, log_level=None, verb_name='build', build_base='build', install_base='install', merge_install=False, symlink_install=False, test_result_base=None, continue_on_error=False, executor='parallel', parallel_workers=4, event_handlers=None, ignore_user_meta=False, metas=['./colcon.meta'], base_paths=['.'], packages_ignore=None, packages_ignore_regex=None, paths=None, packages_up_to=None, packages_up_to_regex=None, packages_above=None, packages_above_and_dependencies=None, packages_above_depth=None, packages_select_by_dep=None, packages_skip_by_dep=None, packages_skip_up_to=None, packages_select_build_failed=False, packages_skip_build_finished=False, packages_select_test_failures=False, packages_skip_test_passed=False, packages_select=None, packages_skip=None, packages_select_regex=None, packages_skip_regex=None, packages_start=None, packages_end=None, allow_overriding=[], cmake_args=None, cmake_target=None, cmake_target_skip_unavailable=False, cmake_clean_cache=False, cmake_clean_first=False, cmake_force_configure=False, ament_cmake_args=None, catkin_cmake_args=None, catkin_skip_building_tests=False, verb_parser=<colcon_defaults.argument_parser.defaults.DefaultArgumentsDecorator object at 0xffff9acb8310>, verb_extension=<colcon_core.verb.build.BuildVerb object at 0xffff9ae557e0>, main=<bound method BuildVerb.main of <colcon_core.verb.build.BuildVerb object at 0xffff9ae557e0>>)
[9.993s] Level 1:colcon.colcon_core.package_discovery:discover_packages(colcon_meta) check parameters
[9.995s] Level 1:colcon.colcon_core.package_discovery:discover_packages(recursive) check parameters
[9.996s] Level 1:colcon.colcon_core.package_discovery:discover_packages(ignore) check parameters
[9.996s] Level 1:colcon.colcon_core.package_discovery:discover_packages(path) check parameters
[9.997s] Level 1:colcon.colcon_core.package_discovery:discover_packages(colcon_meta) discover
[9.998s] Level 1:colcon.colcon_core.package_discovery:discover_packages(recursive) discover
[9.999s] INFO:colcon.colcon_core.package_discovery:Crawling recursively for packages in '/root/GZ_DiNiu'
[10.001s] Level 1:colcon.colcon_core.package_identification:_identify(.) by extensions ['ignore', 'ignore_ament_install']
[10.002s] Level 1:colcon.colcon_core.package_identification:_identify(.) by extension 'ignore'
[10.003s] Level 1:colcon.colcon_core.package_identification:_identify(.) by extension 'ignore_ament_install'
[10.004s] Level 1:colcon.colcon_core.package_identification:_identify(.) by extensions ['colcon_pkg']
[10.004s] Level 1:colcon.colcon_core.package_identification:_identify(.) by extension 'colcon_pkg'
[10.005s] Level 1:colcon.colcon_core.package_identification:_identify(.) by extensions ['colcon_meta']
[10.005s] Level 1:colcon.colcon_core.package_identification:_identify(.) by extension 'colcon_meta'
[10.005s] Level 1:colcon.colcon_core.package_identification:_identify(.) by extensions ['ros']
[10.006s] Level 1:colcon.colcon_core.package_identification:_identify(.) by extension 'ros'
[10.258s] Level 1:colcon.colcon_core.package_identification:_identify(.) by extensions ['cmake', 'python']
[10.260s] Level 1:colcon.colcon_core.package_identification:_identify(.) by extension 'cmake'
[10.264s] Level 1:colcon.colcon_core.package_identification:_identify(.) by extension 'python'
[10.266s] Level 1:colcon.colcon_core.package_identification:_identify(.) by extensions ['python_setup_py']
[10.268s] Level 1:colcon.colcon_core.package_identification:_identify(.) by extension 'python_setup_py'
[10.270s] Level 1:colcon.colcon_core.package_identification:_identify(build) by extensions ['ignore', 'ignore_ament_install']
[10.273s] Level 1:colcon.colcon_core.package_identification:_identify(build) by extension 'ignore'
[10.275s] Level 1:colcon.colcon_core.package_identification:_identify(build) ignored
[10.277s] Level 1:colcon.colcon_core.package_identification:_identify(docs) by extensions ['ignore', 'ignore_ament_install']
[10.279s] Level 1:colcon.colcon_core.package_identification:_identify(docs) by extension 'ignore'
[10.282s] Level 1:colcon.colcon_core.package_identification:_identify(docs) by extension 'ignore_ament_install'
[10.284s] Level 1:colcon.colcon_core.package_identification:_identify(docs) by extensions ['colcon_pkg']
[10.285s] Level 1:colcon.colcon_core.package_identification:_identify(docs) by extension 'colcon_pkg'
[10.287s] Level 1:colcon.colcon_core.package_identification:_identify(docs) by extensions ['colcon_meta']
[10.288s] Level 1:colcon.colcon_core.package_identification:_identify(docs) by extension 'colcon_meta'
[10.289s] Level 1:colcon.colcon_core.package_identification:_identify(docs) by extensions ['ros']
[10.290s] Level 1:colcon.colcon_core.package_identification:_identify(docs) by extension 'ros'
[10.292s] Level 1:colcon.colcon_core.package_identification:_identify(docs) by extensions ['cmake', 'python']
[10.293s] Level 1:colcon.colcon_core.package_identification:_identify(docs) by extension 'cmake'
[10.294s] Level 1:colcon.colcon_core.package_identification:_identify(docs) by extension 'python'
[10.295s] Level 1:colcon.colcon_core.package_identification:_identify(docs) by extensions ['python_setup_py']
[10.296s] Level 1:colcon.colcon_core.package_identification:_identify(docs) by extension 'python_setup_py'
[10.299s] Level 1:colcon.colcon_core.package_identification:_identify(install) by extensions ['ignore', 'ignore_ament_install']
[10.303s] Level 1:colcon.colcon_core.package_identification:_identify(install) by extension 'ignore'
[10.304s] Level 1:colcon.colcon_core.package_identification:_identify(install) ignored
[10.310s] Level 1:colcon.colcon_core.package_identification:_identify(log) by extensions ['ignore', 'ignore_ament_install']
[10.312s] Level 1:colcon.colcon_core.package_identification:_identify(log) by extension 'ignore'
[10.313s] Level 1:colcon.colcon_core.package_identification:_identify(log) ignored
[10.315s] Level 1:colcon.colcon_core.package_identification:_identify(src) by extensions ['ignore', 'ignore_ament_install']
[10.317s] Level 1:colcon.colcon_core.package_identification:_identify(src) by extension 'ignore'
[10.318s] Level 1:colcon.colcon_core.package_identification:_identify(src) by extension 'ignore_ament_install'
[10.320s] Level 1:colcon.colcon_core.package_identification:_identify(src) by extensions ['colcon_pkg']
[10.323s] Level 1:colcon.colcon_core.package_identification:_identify(src) by extension 'colcon_pkg'
[10.325s] Level 1:colcon.colcon_core.package_identification:_identify(src) by extensions ['colcon_meta']
[10.326s] Level 1:colcon.colcon_core.package_identification:_identify(src) by extension 'colcon_meta'
[10.327s] Level 1:colcon.colcon_core.package_identification:_identify(src) by extensions ['ros']
[10.328s] Level 1:colcon.colcon_core.package_identification:_identify(src) by extension 'ros'
[10.330s] Level 1:colcon.colcon_core.package_identification:_identify(src) by extensions ['cmake', 'python']
[10.331s] Level 1:colcon.colcon_core.package_identification:_identify(src) by extension 'cmake'
[10.333s] Level 1:colcon.colcon_core.package_identification:_identify(src) by extension 'python'
[10.334s] Level 1:colcon.colcon_core.package_identification:_identify(src) by extensions ['python_setup_py']
[10.335s] Level 1:colcon.colcon_core.package_identification:_identify(src) by extension 'python_setup_py'
[10.337s] Level 1:colcon.colcon_core.package_identification:_identify(src/ackermann_odom) by extensions ['ignore', 'ignore_ament_install']
[10.339s] Level 1:colcon.colcon_core.package_identification:_identify(src/ackermann_odom) by extension 'ignore'
[10.342s] Level 1:colcon.colcon_core.package_identification:_identify(src/ackermann_odom) by extension 'ignore_ament_install'
[10.344s] Level 1:colcon.colcon_core.package_identification:_identify(src/ackermann_odom) by extensions ['colcon_pkg']
[10.345s] Level 1:colcon.colcon_core.package_identification:_identify(src/ackermann_odom) by extension 'colcon_pkg'
[10.347s] Level 1:colcon.colcon_core.package_identification:_identify(src/ackermann_odom) by extensions ['colcon_meta']
[10.348s] Level 1:colcon.colcon_core.package_identification:_identify(src/ackermann_odom) by extension 'colcon_meta'
[10.350s] Level 1:colcon.colcon_core.package_identification:_identify(src/ackermann_odom) by extensions ['ros']
[10.351s] Level 1:colcon.colcon_core.package_identification:_identify(src/ackermann_odom) by extension 'ros'
[10.399s] DEBUG:colcon.colcon_core.package_identification:Package 'src/ackermann_odom' with type 'ros.ament_cmake' and name 'ackermann_odom'
[10.403s] Level 1:colcon.colcon_core.package_identification:_identify(src/encoder_vel) by extensions ['ignore', 'ignore_ament_install']
[10.405s] Level 1:colcon.colcon_core.package_identification:_identify(src/encoder_vel) by extension 'ignore'
[10.407s] Level 1:colcon.colcon_core.package_identification:_identify(src/encoder_vel) by extension 'ignore_ament_install'
[10.409s] Level 1:colcon.colcon_core.package_identification:_identify(src/encoder_vel) by extensions ['colcon_pkg']
[10.410s] Level 1:colcon.colcon_core.package_identification:_identify(src/encoder_vel) by extension 'colcon_pkg'
[10.415s] Level 1:colcon.colcon_core.package_identification:_identify(src/encoder_vel) by extensions ['colcon_meta']
[10.417s] Level 1:colcon.colcon_core.package_identification:_identify(src/encoder_vel) by extension 'colcon_meta'
[10.420s] Level 1:colcon.colcon_core.package_identification:_identify(src/encoder_vel) by extensions ['ros']
[10.422s] Level 1:colcon.colcon_core.package_identification:_identify(src/encoder_vel) by extension 'ros'
[10.438s] DEBUG:colcon.colcon_core.package_identification:Package 'src/encoder_vel' with type 'ros.ament_cmake' and name 'encoder_vel'
[10.440s] Level 1:colcon.colcon_core.package_identification:_identify(src/imu_bno08x) by extensions ['ignore', 'ignore_ament_install']
[10.442s] Level 1:colcon.colcon_core.package_identification:_identify(src/imu_bno08x) by extension 'ignore'
[10.444s] Level 1:colcon.colcon_core.package_identification:_identify(src/imu_bno08x) by extension 'ignore_ament_install'
[10.448s] Level 1:colcon.colcon_core.package_identification:_identify(src/imu_bno08x) by extensions ['colcon_pkg']
[10.450s] Level 1:colcon.colcon_core.package_identification:_identify(src/imu_bno08x) by extension 'colcon_pkg'
[10.452s] Level 1:colcon.colcon_core.package_identification:_identify(src/imu_bno08x) by extensions ['colcon_meta']
[10.454s] Level 1:colcon.colcon_core.package_identification:_identify(src/imu_bno08x) by extension 'colcon_meta'
[10.456s] Level 1:colcon.colcon_core.package_identification:_identify(src/imu_bno08x) by extensions ['ros']
[10.457s] Level 1:colcon.colcon_core.package_identification:_identify(src/imu_bno08x) by extension 'ros'
[10.469s] DEBUG:colcon.colcon_core.package_identification:Package 'src/imu_bno08x' with type 'ros.ament_python' and name 'imu_bno08x'
[10.474s] Level 1:colcon.colcon_core.package_identification:_identify(src/io_control_py) by extensions ['ignore', 'ignore_ament_install']
[10.476s] Level 1:colcon.colcon_core.package_identification:_identify(src/io_control_py) by extension 'ignore'
[10.478s] Level 1:colcon.colcon_core.package_identification:_identify(src/io_control_py) by extension 'ignore_ament_install'
[10.480s] Level 1:colcon.colcon_core.package_identification:_identify(src/io_control_py) by extensions ['colcon_pkg']
[10.482s] Level 1:colcon.colcon_core.package_identification:_identify(src/io_control_py) by extension 'colcon_pkg'
[10.484s] Level 1:colcon.colcon_core.package_identification:_identify(src/io_control_py) by extensions ['colcon_meta']
[10.486s] Level 1:colcon.colcon_core.package_identification:_identify(src/io_control_py) by extension 'colcon_meta'
[10.488s] Level 1:colcon.colcon_core.package_identification:_identify(src/io_control_py) by extensions ['ros']
[10.489s] Level 1:colcon.colcon_core.package_identification:_identify(src/io_control_py) by extension 'ros'
[10.497s] DEBUG:colcon.colcon_core.package_identification:Package 'src/io_control_py' with type 'ros.ament_python' and name 'io_control_py'
[10.499s] Level 1:colcon.colcon_core.package_identification:_identify(src/motor_control_py) by extensions ['ignore', 'ignore_ament_install']
[10.500s] Level 1:colcon.colcon_core.package_identification:_identify(src/motor_control_py) by extension 'ignore'
[10.502s] Level 1:colcon.colcon_core.package_identification:_identify(src/motor_control_py) by extension 'ignore_ament_install'
[10.504s] Level 1:colcon.colcon_core.package_identification:_identify(src/motor_control_py) by extensions ['colcon_pkg']
[10.505s] Level 1:colcon.colcon_core.package_identification:_identify(src/motor_control_py) by extension 'colcon_pkg'
[10.506s] Level 1:colcon.colcon_core.package_identification:_identify(src/motor_control_py) by extensions ['colcon_meta']
[10.508s] Level 1:colcon.colcon_core.package_identification:_identify(src/motor_control_py) by extension 'colcon_meta'
[10.510s] Level 1:colcon.colcon_core.package_identification:_identify(src/motor_control_py) by extensions ['ros']
[10.511s] Level 1:colcon.colcon_core.package_identification:_identify(src/motor_control_py) by extension 'ros'
[10.521s] DEBUG:colcon.colcon_core.package_identification:Package 'src/motor_control_py' with type 'ros.ament_python' and name 'motor_control_py'
[10.523s] Level 1:colcon.colcon_core.package_identification:_identify(src/steer_closed_loop) by extensions ['ignore', 'ignore_ament_install']
[10.526s] Level 1:colcon.colcon_core.package_identification:_identify(src/steer_closed_loop) by extension 'ignore'
[10.528s] Level 1:colcon.colcon_core.package_identification:_identify(src/steer_closed_loop) by extension 'ignore_ament_install'
[10.530s] Level 1:colcon.colcon_core.package_identification:_identify(src/steer_closed_loop) by extensions ['colcon_pkg']
[10.531s] Level 1:colcon.colcon_core.package_identification:_identify(src/steer_closed_loop) by extension 'colcon_pkg'
[10.532s] Level 1:colcon.colcon_core.package_identification:_identify(src/steer_closed_loop) by extensions ['colcon_meta']
[10.533s] Level 1:colcon.colcon_core.package_identification:_identify(src/steer_closed_loop) by extension 'colcon_meta'
[10.533s] Level 1:colcon.colcon_core.package_identification:_identify(src/steer_closed_loop) by extensions ['ros']
[10.533s] Level 1:colcon.colcon_core.package_identification:_identify(src/steer_closed_loop) by extension 'ros'
[10.542s] DEBUG:colcon.colcon_core.package_identification:Package 'src/steer_closed_loop' with type 'ros.ament_cmake' and name 'steer_closed_loop'
[10.544s] Level 1:colcon.colcon_core.package_identification:_identify(test) by extensions ['ignore', 'ignore_ament_install']
[10.547s] Level 1:colcon.colcon_core.package_identification:_identify(test) by extension 'ignore'
[10.548s] Level 1:colcon.colcon_core.package_identification:_identify(test) by extension 'ignore_ament_install'
[10.550s] Level 1:colcon.colcon_core.package_identification:_identify(test) by extensions ['colcon_pkg']
[10.551s] Level 1:colcon.colcon_core.package_identification:_identify(test) by extension 'colcon_pkg'
[10.553s] Level 1:colcon.colcon_core.package_identification:_identify(test) by extensions ['colcon_meta']
[10.555s] Level 1:colcon.colcon_core.package_identification:_identify(test) by extension 'colcon_meta'
[10.556s] Level 1:colcon.colcon_core.package_identification:_identify(test) by extensions ['ros']
[10.557s] Level 1:colcon.colcon_core.package_identification:_identify(test) by extension 'ros'
[10.560s] Level 1:colcon.colcon_core.package_identification:_identify(test) by extensions ['cmake', 'python']
[10.562s] Level 1:colcon.colcon_core.package_identification:_identify(test) by extension 'cmake'
[10.566s] Level 1:colcon.colcon_core.package_identification:_identify(test) by extension 'python'
[10.569s] Level 1:colcon.colcon_core.package_identification:_identify(test) by extensions ['python_setup_py']
[10.570s] Level 1:colcon.colcon_core.package_identification:_identify(test) by extension 'python_setup_py'
[10.573s] Level 1:colcon.colcon_core.package_identification:_identify(test/__pycache__) by extensions ['ignore', 'ignore_ament_install']
[10.575s] Level 1:colcon.colcon_core.package_identification:_identify(test/__pycache__) by extension 'ignore'
[10.576s] Level 1:colcon.colcon_core.package_identification:_identify(test/__pycache__) by extension 'ignore_ament_install'
[10.578s] Level 1:colcon.colcon_core.package_identification:_identify(test/__pycache__) by extensions ['colcon_pkg']
[10.579s] Level 1:colcon.colcon_core.package_identification:_identify(test/__pycache__) by extension 'colcon_pkg'
[10.582s] Level 1:colcon.colcon_core.package_identification:_identify(test/__pycache__) by extensions ['colcon_meta']
[10.583s] Level 1:colcon.colcon_core.package_identification:_identify(test/__pycache__) by extension 'colcon_meta'
[10.585s] Level 1:colcon.colcon_core.package_identification:_identify(test/__pycache__) by extensions ['ros']
[10.586s] Level 1:colcon.colcon_core.package_identification:_identify(test/__pycache__) by extension 'ros'
[10.589s] Level 1:colcon.colcon_core.package_identification:_identify(test/__pycache__) by extensions ['cmake', 'python']
[10.590s] Level 1:colcon.colcon_core.package_identification:_identify(test/__pycache__) by extension 'cmake'
[10.592s] Level 1:colcon.colcon_core.package_identification:_identify(test/__pycache__) by extension 'python'
[10.595s] Level 1:colcon.colcon_core.package_identification:_identify(test/__pycache__) by extensions ['python_setup_py']
[10.596s] Level 1:colcon.colcon_core.package_identification:_identify(test/__pycache__) by extension 'python_setup_py'
[10.598s] Level 1:colcon.colcon_core.package_discovery:discover_packages(recursive) using defaults
[10.599s] Level 1:colcon.colcon_core.package_discovery:discover_packages(ignore) discover
[10.603s] Level 1:colcon.colcon_core.package_discovery:discover_packages(ignore) using defaults
[10.604s] Level 1:colcon.colcon_core.package_discovery:discover_packages(path) discover
[10.605s] Level 1:colcon.colcon_core.package_discovery:discover_packages(path) using defaults
[11.029s] Level 1:colcon.colcon_core.package_discovery:discover_packages(prefix_path) check parameters
[11.029s] Level 1:colcon.colcon_core.package_discovery:discover_packages(prefix_path) discover
[11.069s] DEBUG:colcon.colcon_installed_package_information.package_discovery:Found 6 installed packages in /root/GZ_DiNiu/install
[11.085s] DEBUG:colcon.colcon_installed_package_information.package_discovery:Found 272 installed packages in /opt/ros/humble
[11.168s] Level 1:colcon.colcon_core.package_discovery:discover_packages(prefix_path) using defaults
[11.726s] Level 5:colcon.colcon_core.verb:set package 'ackermann_odom' build argument 'cmake_args' from command line to 'None'
[11.727s] Level 5:colcon.colcon_core.verb:set package 'ackermann_odom' build argument 'cmake_target' from command line to 'None'
[11.727s] Level 5:colcon.colcon_core.verb:set package 'ackermann_odom' build argument 'cmake_target_skip_unavailable' from command line to 'False'
[11.728s] Level 5:colcon.colcon_core.verb:set package 'ackermann_odom' build argument 'cmake_clean_cache' from command line to 'False'
[11.729s] Level 5:colcon.colcon_core.verb:set package 'ackermann_odom' build argument 'cmake_clean_first' from command line to 'False'
[11.729s] Level 5:colcon.colcon_core.verb:set package 'ackermann_odom' build argument 'cmake_force_configure' from command line to 'False'
[11.729s] Level 5:colcon.colcon_core.verb:set package 'ackermann_odom' build argument 'ament_cmake_args' from command line to 'None'
[11.730s] Level 5:colcon.colcon_core.verb:set package 'ackermann_odom' build argument 'catkin_cmake_args' from command line to 'None'
[11.730s] Level 5:colcon.colcon_core.verb:set package 'ackermann_odom' build argument 'catkin_skip_building_tests' from command line to 'False'
[11.732s] DEBUG:colcon.colcon_core.verb:Building package 'ackermann_odom' with the following arguments: {'ament_cmake_args': None, 'build_base': '/root/GZ_DiNiu/build/ackermann_odom', 'catkin_cmake_args': None, 'catkin_skip_building_tests': False, 'cmake_args': None, 'cmake_clean_cache': False, 'cmake_clean_first': False, 'cmake_force_configure': False, 'cmake_target': None, 'cmake_target_skip_unavailable': False, 'install_base': '/root/GZ_DiNiu/install/ackermann_odom', 'merge_install': False, 'path': '/root/GZ_DiNiu/src/ackermann_odom', 'symlink_install': False, 'test_result_base': None}
[11.736s] Level 5:colcon.colcon_core.verb:set package 'encoder_vel' build argument 'cmake_args' from command line to 'None'
[11.736s] Level 5:colcon.colcon_core.verb:set package 'encoder_vel' build argument 'cmake_target' from command line to 'None'
[11.737s] Level 5:colcon.colcon_core.verb:set package 'encoder_vel' build argument 'cmake_target_skip_unavailable' from command line to 'False'
[11.737s] Level 5:colcon.colcon_core.verb:set package 'encoder_vel' build argument 'cmake_clean_cache' from command line to 'False'
[11.738s] Level 5:colcon.colcon_core.verb:set package 'encoder_vel' build argument 'cmake_clean_first' from command line to 'False'
[11.738s] Level 5:colcon.colcon_core.verb:set package 'encoder_vel' build argument 'cmake_force_configure' from command line to 'False'
[11.739s] Level 5:colcon.colcon_core.verb:set package 'encoder_vel' build argument 'ament_cmake_args' from command line to 'None'
[11.739s] Level 5:colcon.colcon_core.verb:set package 'encoder_vel' build argument 'catkin_cmake_args' from command line to 'None'
[11.740s] Level 5:colcon.colcon_core.verb:set package 'encoder_vel' build argument 'catkin_skip_building_tests' from command line to 'False'
[11.740s] DEBUG:colcon.colcon_core.verb:Building package 'encoder_vel' with the following arguments: {'ament_cmake_args': None, 'build_base': '/root/GZ_DiNiu/build/encoder_vel', 'catkin_cmake_args': None, 'catkin_skip_building_tests': False, 'cmake_args': None, 'cmake_clean_cache': False, 'cmake_clean_first': False, 'cmake_force_configure': False, 'cmake_target': None, 'cmake_target_skip_unavailable': False, 'install_base': '/root/GZ_DiNiu/install/encoder_vel', 'merge_install': False, 'path': '/root/GZ_DiNiu/src/encoder_vel', 'symlink_install': False, 'test_result_base': None}
[11.743s] Level 5:colcon.colcon_core.verb:set package 'imu_bno08x' build argument 'cmake_args' from command line to 'None'
[11.744s] Level 5:colcon.colcon_core.verb:set package 'imu_bno08x' build argument 'cmake_target' from command line to 'None'
[11.744s] Level 5:colcon.colcon_core.verb:set package 'imu_bno08x' build argument 'cmake_target_skip_unavailable' from command line to 'False'
[11.745s] Level 5:colcon.colcon_core.verb:set package 'imu_bno08x' build argument 'cmake_clean_cache' from command line to 'False'
[11.745s] Level 5:colcon.colcon_core.verb:set package 'imu_bno08x' build argument 'cmake_clean_first' from command line to 'False'
[11.745s] Level 5:colcon.colcon_core.verb:set package 'imu_bno08x' build argument 'cmake_force_configure' from command line to 'False'
[11.746s] Level 5:colcon.colcon_core.verb:set package 'imu_bno08x' build argument 'ament_cmake_args' from command line to 'None'
[11.746s] Level 5:colcon.colcon_core.verb:set package 'imu_bno08x' build argument 'catkin_cmake_args' from command line to 'None'
[11.747s] Level 5:colcon.colcon_core.verb:set package 'imu_bno08x' build argument 'catkin_skip_building_tests' from command line to 'False'
[11.748s] DEBUG:colcon.colcon_core.verb:Building package 'imu_bno08x' with the following arguments: {'ament_cmake_args': None, 'build_base': '/root/GZ_DiNiu/build/imu_bno08x', 'catkin_cmake_args': None, 'catkin_skip_building_tests': False, 'cmake_args': None, 'cmake_clean_cache': False, 'cmake_clean_first': False, 'cmake_force_configure': False, 'cmake_target': None, 'cmake_target_skip_unavailable': False, 'install_base': '/root/GZ_DiNiu/install/imu_bno08x', 'merge_install': False, 'path': '/root/GZ_DiNiu/src/imu_bno08x', 'symlink_install': False, 'test_result_base': None}
[11.752s] Level 5:colcon.colcon_core.verb:set package 'io_control_py' build argument 'cmake_args' from command line to 'None'
[11.753s] Level 5:colcon.colcon_core.verb:set package 'io_control_py' build argument 'cmake_target' from command line to 'None'
[11.754s] Level 5:colcon.colcon_core.verb:set package 'io_control_py' build argument 'cmake_target_skip_unavailable' from command line to 'False'
[11.754s] Level 5:colcon.colcon_core.verb:set package 'io_control_py' build argument 'cmake_clean_cache' from command line to 'False'
[11.755s] Level 5:colcon.colcon_core.verb:set package 'io_control_py' build argument 'cmake_clean_first' from command line to 'False'
[11.755s] Level 5:colcon.colcon_core.verb:set package 'io_control_py' build argument 'cmake_force_configure' from command line to 'False'
[11.756s] Level 5:colcon.colcon_core.verb:set package 'io_control_py' build argument 'ament_cmake_args' from command line to 'None'
[11.756s] Level 5:colcon.colcon_core.verb:set package 'io_control_py' build argument 'catkin_cmake_args' from command line to 'None'
[11.757s] Level 5:colcon.colcon_core.verb:set package 'io_control_py' build argument 'catkin_skip_building_tests' from command line to 'False'
[11.757s] DEBUG:colcon.colcon_core.verb:Building package 'io_control_py' with the following arguments: {'ament_cmake_args': None, 'build_base': '/root/GZ_DiNiu/build/io_control_py', 'catkin_cmake_args': None, 'catkin_skip_building_tests': False, 'cmake_args': None, 'cmake_clean_cache': False, 'cmake_clean_first': False, 'cmake_force_configure': False, 'cmake_target': None, 'cmake_target_skip_unavailable': False, 'install_base': '/root/GZ_DiNiu/install/io_control_py', 'merge_install': False, 'path': '/root/GZ_DiNiu/src/io_control_py', 'symlink_install': False, 'test_result_base': None}
[11.760s] Level 5:colcon.colcon_core.verb:set package 'motor_control_py' build argument 'cmake_args' from command line to 'None'
[11.761s] Level 5:colcon.colcon_core.verb:set package 'motor_control_py' build argument 'cmake_target' from command line to 'None'
[11.761s] Level 5:colcon.colcon_core.verb:set package 'motor_control_py' build argument 'cmake_target_skip_unavailable' from command line to 'False'
[11.762s] Level 5:colcon.colcon_core.verb:set package 'motor_control_py' build argument 'cmake_clean_cache' from command line to 'False'
[11.762s] Level 5:colcon.colcon_core.verb:set package 'motor_control_py' build argument 'cmake_clean_first' from command line to 'False'
[11.762s] Level 5:colcon.colcon_core.verb:set package 'motor_control_py' build argument 'cmake_force_configure' from command line to 'False'
[11.764s] Level 5:colcon.colcon_core.verb:set package 'motor_control_py' build argument 'ament_cmake_args' from command line to 'None'
[11.764s] Level 5:colcon.colcon_core.verb:set package 'motor_control_py' build argument 'catkin_cmake_args' from command line to 'None'
[11.765s] Level 5:colcon.colcon_core.verb:set package 'motor_control_py' build argument 'catkin_skip_building_tests' from command line to 'False'
[11.766s] DEBUG:colcon.colcon_core.verb:Building package 'motor_control_py' with the following arguments: {'ament_cmake_args': None, 'build_base': '/root/GZ_DiNiu/build/motor_control_py', 'catkin_cmake_args': None, 'catkin_skip_building_tests': False, 'cmake_args': None, 'cmake_clean_cache': False, 'cmake_clean_first': False, 'cmake_force_configure': False, 'cmake_target': None, 'cmake_target_skip_unavailable': False, 'install_base': '/root/GZ_DiNiu/install/motor_control_py', 'merge_install': False, 'path': '/root/GZ_DiNiu/src/motor_control_py', 'symlink_install': False, 'test_result_base': None}
[11.768s] Level 5:colcon.colcon_core.verb:set package 'steer_closed_loop' build argument 'cmake_args' from command line to 'None'
[11.769s] Level 5:colcon.colcon_core.verb:set package 'steer_closed_loop' build argument 'cmake_target' from command line to 'None'
[11.770s] Level 5:colcon.colcon_core.verb:set package 'steer_closed_loop' build argument 'cmake_target_skip_unavailable' from command line to 'False'
[11.770s] Level 5:colcon.colcon_core.verb:set package 'steer_closed_loop' build argument 'cmake_clean_cache' from command line to 'False'
[11.771s] Level 5:colcon.colcon_core.verb:set package 'steer_closed_loop' build argument 'cmake_clean_first' from command line to 'False'
[11.771s] Level 5:colcon.colcon_core.verb:set package 'steer_closed_loop' build argument 'cmake_force_configure' from command line to 'False'
[11.771s] Level 5:colcon.colcon_core.verb:set package 'steer_closed_loop' build argument 'ament_cmake_args' from command line to 'None'
[11.772s] Level 5:colcon.colcon_core.verb:set package 'steer_closed_loop' build argument 'catkin_cmake_args' from command line to 'None'
[11.773s] Level 5:colcon.colcon_core.verb:set package 'steer_closed_loop' build argument 'catkin_skip_building_tests' from command line to 'False'
[11.774s] DEBUG:colcon.colcon_core.verb:Building package 'steer_closed_loop' with the following arguments: {'ament_cmake_args': None, 'build_base': '/root/GZ_DiNiu/build/steer_closed_loop', 'catkin_cmake_args': None, 'catkin_skip_building_tests': False, 'cmake_args': None, 'cmake_clean_cache': False, 'cmake_clean_first': False, 'cmake_force_configure': False, 'cmake_target': None, 'cmake_target_skip_unavailable': False, 'install_base': '/root/GZ_DiNiu/install/steer_closed_loop', 'merge_install': False, 'path': '/root/GZ_DiNiu/src/steer_closed_loop', 'symlink_install': False, 'test_result_base': None}
[11.776s] INFO:colcon.colcon_core.executor:Executing jobs using 'parallel' executor
[11.787s] DEBUG:colcon.colcon_parallel_executor.executor.parallel:run_until_complete
[11.789s] INFO:colcon.colcon_ros.task.ament_cmake.build:Building ROS package in '/root/GZ_DiNiu/src/ackermann_odom' with build type 'ament_cmake'
[11.790s] INFO:colcon.colcon_cmake.task.cmake.build:Building CMake package in '/root/GZ_DiNiu/src/ackermann_odom'
[11.855s] INFO:colcon.colcon_core.plugin_system:Skipping extension 'colcon_core.shell.bat': Not used on non-Windows systems
[11.857s] INFO:colcon.colcon_core.shell:Skip shell extension 'powershell' for command environment: Not usable outside of PowerShell
[11.859s] DEBUG:colcon.colcon_core.shell:Skip shell extension 'dsv' for command environment
[11.926s] INFO:colcon.colcon_ros.task.ament_cmake.build:Building ROS package in '/root/GZ_DiNiu/src/encoder_vel' with build type 'ament_cmake'
[11.932s] INFO:colcon.colcon_cmake.task.cmake.build:Building CMake package in '/root/GZ_DiNiu/src/encoder_vel'
[11.939s] INFO:colcon.colcon_core.shell:Skip shell extension 'powershell' for command environment: Not usable outside of PowerShell
[11.939s] DEBUG:colcon.colcon_core.shell:Skip shell extension 'dsv' for command environment
[11.998s] INFO:colcon.colcon_ros.task.ament_python.build:Building ROS package in '/root/GZ_DiNiu/src/imu_bno08x' with build type 'ament_python'
[12.000s] Level 1:colcon.colcon_core.shell:create_environment_hook('imu_bno08x', 'ament_prefix_path')
[12.003s] INFO:colcon.colcon_core.shell:Creating environment hook '/root/GZ_DiNiu/install/imu_bno08x/share/imu_bno08x/hook/ament_prefix_path.ps1'
[12.018s] INFO:colcon.colcon_core.shell:Creating environment descriptor '/root/GZ_DiNiu/install/imu_bno08x/share/imu_bno08x/hook/ament_prefix_path.dsv'
[12.029s] INFO:colcon.colcon_core.shell:Creating environment hook '/root/GZ_DiNiu/install/imu_bno08x/share/imu_bno08x/hook/ament_prefix_path.sh'
[12.044s] INFO:colcon.colcon_core.shell:Skip shell extension 'powershell' for command environment: Not usable outside of PowerShell
[12.046s] DEBUG:colcon.colcon_core.shell:Skip shell extension 'dsv' for command environment
[12.097s] INFO:colcon.colcon_ros.task.ament_python.build:Building ROS package in '/root/GZ_DiNiu/src/io_control_py' with build type 'ament_python'
[12.098s] Level 1:colcon.colcon_core.shell:create_environment_hook('io_control_py', 'ament_prefix_path')
[12.101s] INFO:colcon.colcon_core.shell:Creating environment hook '/root/GZ_DiNiu/install/io_control_py/share/io_control_py/hook/ament_prefix_path.ps1'
[12.114s] INFO:colcon.colcon_core.shell:Creating environment descriptor '/root/GZ_DiNiu/install/io_control_py/share/io_control_py/hook/ament_prefix_path.dsv'
[12.126s] INFO:colcon.colcon_core.shell:Creating environment hook '/root/GZ_DiNiu/install/io_control_py/share/io_control_py/hook/ament_prefix_path.sh'
[12.139s] INFO:colcon.colcon_core.shell:Skip shell extension 'powershell' for command environment: Not usable outside of PowerShell
[12.140s] DEBUG:colcon.colcon_core.shell:Skip shell extension 'dsv' for command environment
[12.268s] DEBUG:colcon.colcon_core.event_handler.log_command:Invoking command in '/root/GZ_DiNiu/build/ackermann_odom': CMAKE_PREFIX_PATH=${CMAKE_PREFIX_PATH}:/root/GZ_DiNiu/install/motor_control_py:/root/GZ_DiNiu/install/io_control_py:/root/GZ_DiNiu/install/imu_bno08x:/opt/ros/humble /usr/bin/cmake --build /root/GZ_DiNiu/build/ackermann_odom -- -j4 -l4
[12.346s] DEBUG:colcon.colcon_core.event_handler.log_command:Invoking command in '/root/GZ_DiNiu/build/encoder_vel': CMAKE_PREFIX_PATH=${CMAKE_PREFIX_PATH}:/root/GZ_DiNiu/install/motor_control_py:/root/GZ_DiNiu/install/io_control_py:/root/GZ_DiNiu/install/imu_bno08x:/opt/ros/humble /usr/bin/cmake --build /root/GZ_DiNiu/build/encoder_vel -- -j4 -l4
[16.786s] INFO:colcon.colcon_core.task.python.build:Building Python package in '/root/GZ_DiNiu/src/imu_bno08x'
[16.788s] INFO:colcon.colcon_core.shell:Skip shell extension 'powershell' for command environment: Not usable outside of PowerShell
[16.789s] DEBUG:colcon.colcon_core.shell:Skip shell extension 'dsv' for command environment
[19.925s] INFO:colcon.colcon_core.task.python.build:Building Python package in '/root/GZ_DiNiu/src/io_control_py'
[19.926s] INFO:colcon.colcon_core.shell:Skip shell extension 'powershell' for command environment: Not usable outside of PowerShell
[19.927s] DEBUG:colcon.colcon_core.shell:Skip shell extension 'dsv' for command environment
[19.954s] DEBUG:colcon.colcon_core.event_handler.log_command:Invoked command in '/root/GZ_DiNiu/build/ackermann_odom' returned '0': CMAKE_PREFIX_PATH=${CMAKE_PREFIX_PATH}:/root/GZ_DiNiu/install/motor_control_py:/root/GZ_DiNiu/install/io_control_py:/root/GZ_DiNiu/install/imu_bno08x:/opt/ros/humble /usr/bin/cmake --build /root/GZ_DiNiu/build/ackermann_odom -- -j4 -l4
[20.045s] DEBUG:colcon.colcon_core.event_handler.log_command:Invoking command in '/root/GZ_DiNiu/build/ackermann_odom': CMAKE_PREFIX_PATH=${CMAKE_PREFIX_PATH}:/root/GZ_DiNiu/install/motor_control_py:/root/GZ_DiNiu/install/io_control_py:/root/GZ_DiNiu/install/imu_bno08x:/opt/ros/humble /usr/bin/cmake --install /root/GZ_DiNiu/build/ackermann_odom
[20.066s] DEBUG:colcon.colcon_core.event_handler.log_command:Invoked command in '/root/GZ_DiNiu/build/encoder_vel' returned '0': CMAKE_PREFIX_PATH=${CMAKE_PREFIX_PATH}:/root/GZ_DiNiu/install/motor_control_py:/root/GZ_DiNiu/install/io_control_py:/root/GZ_DiNiu/install/imu_bno08x:/opt/ros/humble /usr/bin/cmake --build /root/GZ_DiNiu/build/encoder_vel -- -j4 -l4
[20.099s] DEBUG:colcon.colcon_core.event_handler.log_command:Invoking command in '/root/GZ_DiNiu/build/encoder_vel': CMAKE_PREFIX_PATH=${CMAKE_PREFIX_PATH}:/root/GZ_DiNiu/install/motor_control_py:/root/GZ_DiNiu/install/io_control_py:/root/GZ_DiNiu/install/imu_bno08x:/opt/ros/humble /usr/bin/cmake --install /root/GZ_DiNiu/build/encoder_vel
[20.267s] Level 1:colcon.colcon_core.environment:create_environment_scripts_only(ackermann_odom)
[20.285s] DEBUG:colcon.colcon_core.event_handler.log_command:Invoked command in '/root/GZ_DiNiu/build/ackermann_odom' returned '0': CMAKE_PREFIX_PATH=${CMAKE_PREFIX_PATH}:/root/GZ_DiNiu/install/motor_control_py:/root/GZ_DiNiu/install/io_control_py:/root/GZ_DiNiu/install/imu_bno08x:/opt/ros/humble /usr/bin/cmake --install /root/GZ_DiNiu/build/ackermann_odom
[20.340s] Level 1:colcon.colcon_core.environment:checking '/root/GZ_DiNiu/install/ackermann_odom' for CMake module files
[20.349s] Level 1:colcon.colcon_core.environment:checking '/root/GZ_DiNiu/install/ackermann_odom' for CMake config files
[20.357s] Level 1:colcon.colcon_core.shell:create_environment_hook('ackermann_odom', 'cmake_prefix_path')
[20.359s] INFO:colcon.colcon_core.shell:Creating environment hook '/root/GZ_DiNiu/install/ackermann_odom/share/ackermann_odom/hook/cmake_prefix_path.ps1'
[20.372s] INFO:colcon.colcon_core.shell:Creating environment descriptor '/root/GZ_DiNiu/install/ackermann_odom/share/ackermann_odom/hook/cmake_prefix_path.dsv'
[20.375s] INFO:colcon.colcon_core.shell:Creating environment hook '/root/GZ_DiNiu/install/ackermann_odom/share/ackermann_odom/hook/cmake_prefix_path.sh'
[20.385s] Level 1:colcon.colcon_core.environment:checking '/root/GZ_DiNiu/install/ackermann_odom/lib'
[20.388s] Level 1:colcon.colcon_core.environment:checking '/root/GZ_DiNiu/install/ackermann_odom/bin'
[20.389s] Level 1:colcon.colcon_core.environment:checking '/root/GZ_DiNiu/install/ackermann_odom/lib/pkgconfig/ackermann_odom.pc'
[20.393s] Level 1:colcon.colcon_core.environment:checking '/root/GZ_DiNiu/install/ackermann_odom/lib/python3.10/site-packages'
[20.397s] Level 1:colcon.colcon_core.environment:checking '/root/GZ_DiNiu/install/ackermann_odom/bin'
[20.404s] INFO:colcon.colcon_core.shell:Creating package script '/root/GZ_DiNiu/install/ackermann_odom/share/ackermann_odom/package.ps1'
[20.417s] INFO:colcon.colcon_core.shell:Creating package descriptor '/root/GZ_DiNiu/install/ackermann_odom/share/ackermann_odom/package.dsv'
[20.433s] INFO:colcon.colcon_core.shell:Creating package script '/root/GZ_DiNiu/install/ackermann_odom/share/ackermann_odom/package.sh'
[20.455s] INFO:colcon.colcon_core.shell:Creating package script '/root/GZ_DiNiu/install/ackermann_odom/share/ackermann_odom/package.bash'
[20.473s] INFO:colcon.colcon_core.shell:Creating package script '/root/GZ_DiNiu/install/ackermann_odom/share/ackermann_odom/package.zsh'
[20.484s] Level 1:colcon.colcon_core.environment:create_file_with_runtime_dependencies(/root/GZ_DiNiu/install/ackermann_odom/share/colcon-core/packages/ackermann_odom)
[20.504s] Level 1:colcon.colcon_core.environment:create_environment_scripts_only(ackermann_odom)
[20.506s] Level 1:colcon.colcon_core.environment:checking '/root/GZ_DiNiu/install/ackermann_odom' for CMake module files
[20.510s] Level 1:colcon.colcon_core.environment:checking '/root/GZ_DiNiu/install/ackermann_odom' for CMake config files
[20.514s] Level 1:colcon.colcon_core.shell:create_environment_hook('ackermann_odom', 'cmake_prefix_path')
[20.515s] INFO:colcon.colcon_core.shell:Creating environment hook '/root/GZ_DiNiu/install/ackermann_odom/share/ackermann_odom/hook/cmake_prefix_path.ps1'
[20.524s] INFO:colcon.colcon_core.shell:Creating environment descriptor '/root/GZ_DiNiu/install/ackermann_odom/share/ackermann_odom/hook/cmake_prefix_path.dsv'
[20.530s] INFO:colcon.colcon_core.shell:Creating environment hook '/root/GZ_DiNiu/install/ackermann_odom/share/ackermann_odom/hook/cmake_prefix_path.sh'
[20.535s] Level 1:colcon.colcon_core.environment:checking '/root/GZ_DiNiu/install/ackermann_odom/lib'
[20.536s] Level 1:colcon.colcon_core.environment:checking '/root/GZ_DiNiu/install/ackermann_odom/bin'
[20.551s] Level 1:colcon.colcon_core.environment:checking '/root/GZ_DiNiu/install/ackermann_odom/lib/pkgconfig/ackermann_odom.pc'
[20.552s] Level 1:colcon.colcon_core.environment:checking '/root/GZ_DiNiu/install/ackermann_odom/lib/python3.10/site-packages'
[20.555s] Level 1:colcon.colcon_core.environment:checking '/root/GZ_DiNiu/install/ackermann_odom/bin'
[20.563s] INFO:colcon.colcon_core.shell:Creating package script '/root/GZ_DiNiu/install/ackermann_odom/share/ackermann_odom/package.ps1'
[20.567s] INFO:colcon.colcon_core.shell:Creating package descriptor '/root/GZ_DiNiu/install/ackermann_odom/share/ackermann_odom/package.dsv'
[20.571s] INFO:colcon.colcon_core.shell:Creating package script '/root/GZ_DiNiu/install/ackermann_odom/share/ackermann_odom/package.sh'
[20.576s] INFO:colcon.colcon_core.shell:Creating package script '/root/GZ_DiNiu/install/ackermann_odom/share/ackermann_odom/package.bash'
[20.585s] INFO:colcon.colcon_core.shell:Creating package script '/root/GZ_DiNiu/install/ackermann_odom/share/ackermann_odom/package.zsh'
[20.589s] Level 1:colcon.colcon_core.environment:create_file_with_runtime_dependencies(/root/GZ_DiNiu/install/ackermann_odom/share/colcon-core/packages/ackermann_odom)
[20.600s] INFO:colcon.colcon_ros.task.ament_python.build:Building ROS package in '/root/GZ_DiNiu/src/motor_control_py' with build type 'ament_python'
[20.601s] Level 1:colcon.colcon_core.shell:create_environment_hook('motor_control_py', 'ament_prefix_path')
[20.617s] INFO:colcon.colcon_core.shell:Creating environment hook '/root/GZ_DiNiu/install/motor_control_py/share/motor_control_py/hook/ament_prefix_path.ps1'
[20.637s] INFO:colcon.colcon_core.shell:Creating environment descriptor '/root/GZ_DiNiu/install/motor_control_py/share/motor_control_py/hook/ament_prefix_path.dsv'
[20.645s] INFO:colcon.colcon_core.shell:Creating environment hook '/root/GZ_DiNiu/install/motor_control_py/share/motor_control_py/hook/ament_prefix_path.sh'
[20.652s] INFO:colcon.colcon_core.shell:Skip shell extension 'powershell' for command environment: Not usable outside of PowerShell
[20.653s] DEBUG:colcon.colcon_core.shell:Skip shell extension 'dsv' for command environment
[24.070s] INFO:colcon.colcon_core.task.python.build:Building Python package in '/root/GZ_DiNiu/src/motor_control_py'
[24.071s] INFO:colcon.colcon_core.shell:Skip shell extension 'powershell' for command environment: Not usable outside of PowerShell
[24.072s] DEBUG:colcon.colcon_core.shell:Skip shell extension 'dsv' for command environment
[24.106s] Level 1:colcon.colcon_core.environment:create_environment_scripts_only(encoder_vel)
[24.107s] Level 1:colcon.colcon_core.environment:checking '/root/GZ_DiNiu/install/encoder_vel' for CMake module files
[24.116s] DEBUG:colcon.colcon_core.event_handler.log_command:Invoked command in '/root/GZ_DiNiu/build/encoder_vel' returned '0': CMAKE_PREFIX_PATH=${CMAKE_PREFIX_PATH}:/root/GZ_DiNiu/install/motor_control_py:/root/GZ_DiNiu/install/io_control_py:/root/GZ_DiNiu/install/imu_bno08x:/opt/ros/humble /usr/bin/cmake --install /root/GZ_DiNiu/build/encoder_vel
[24.120s] Level 1:colcon.colcon_core.environment:checking '/root/GZ_DiNiu/install/encoder_vel' for CMake config files
[24.123s] Level 1:colcon.colcon_core.shell:create_environment_hook('encoder_vel', 'cmake_prefix_path')
[24.125s] INFO:colcon.colcon_core.shell:Creating environment hook '/root/GZ_DiNiu/install/encoder_vel/share/encoder_vel/hook/cmake_prefix_path.ps1'
[24.131s] INFO:colcon.colcon_core.shell:Creating environment descriptor '/root/GZ_DiNiu/install/encoder_vel/share/encoder_vel/hook/cmake_prefix_path.dsv'
[24.135s] INFO:colcon.colcon_core.shell:Creating environment hook '/root/GZ_DiNiu/install/encoder_vel/share/encoder_vel/hook/cmake_prefix_path.sh'
[24.141s] Level 1:colcon.colcon_core.environment:checking '/root/GZ_DiNiu/install/encoder_vel/lib'
[24.142s] Level 1:colcon.colcon_core.environment:checking '/root/GZ_DiNiu/install/encoder_vel/bin'
[24.144s] Level 1:colcon.colcon_core.environment:checking '/root/GZ_DiNiu/install/encoder_vel/lib/pkgconfig/encoder_vel.pc'
[24.147s] Level 1:colcon.colcon_core.environment:checking '/root/GZ_DiNiu/install/encoder_vel/lib/python3.10/site-packages'
[24.151s] Level 1:colcon.colcon_core.environment:checking '/root/GZ_DiNiu/install/encoder_vel/bin'
[24.154s] INFO:colcon.colcon_core.shell:Creating package script '/root/GZ_DiNiu/install/encoder_vel/share/encoder_vel/package.ps1'
[24.161s] INFO:colcon.colcon_core.shell:Creating package descriptor '/root/GZ_DiNiu/install/encoder_vel/share/encoder_vel/package.dsv'
[24.166s] INFO:colcon.colcon_core.shell:Creating package script '/root/GZ_DiNiu/install/encoder_vel/share/encoder_vel/package.sh'
[24.172s] INFO:colcon.colcon_core.shell:Creating package script '/root/GZ_DiNiu/install/encoder_vel/share/encoder_vel/package.bash'
[24.176s] INFO:colcon.colcon_core.shell:Creating package script '/root/GZ_DiNiu/install/encoder_vel/share/encoder_vel/package.zsh'
[24.180s] Level 1:colcon.colcon_core.environment:create_file_with_runtime_dependencies(/root/GZ_DiNiu/install/encoder_vel/share/colcon-core/packages/encoder_vel)
[24.186s] Level 1:colcon.colcon_core.environment:create_environment_scripts_only(encoder_vel)
[24.187s] Level 1:colcon.colcon_core.environment:checking '/root/GZ_DiNiu/install/encoder_vel' for CMake module files
[24.192s] Level 1:colcon.colcon_core.environment:checking '/root/GZ_DiNiu/install/encoder_vel' for CMake config files
[24.194s] Level 1:colcon.colcon_core.shell:create_environment_hook('encoder_vel', 'cmake_prefix_path')
[24.197s] INFO:colcon.colcon_core.shell:Creating environment hook '/root/GZ_DiNiu/install/encoder_vel/share/encoder_vel/hook/cmake_prefix_path.ps1'
[24.202s] INFO:colcon.colcon_core.shell:Creating environment descriptor '/root/GZ_DiNiu/install/encoder_vel/share/encoder_vel/hook/cmake_prefix_path.dsv'
[24.208s] INFO:colcon.colcon_core.shell:Creating environment hook '/root/GZ_DiNiu/install/encoder_vel/share/encoder_vel/hook/cmake_prefix_path.sh'
[24.217s] Level 1:colcon.colcon_core.environment:checking '/root/GZ_DiNiu/install/encoder_vel/lib'
[24.218s] Level 1:colcon.colcon_core.environment:checking '/root/GZ_DiNiu/install/encoder_vel/bin'
[24.219s] Level 1:colcon.colcon_core.environment:checking '/root/GZ_DiNiu/install/encoder_vel/lib/pkgconfig/encoder_vel.pc'
[24.221s] Level 1:colcon.colcon_core.environment:checking '/root/GZ_DiNiu/install/encoder_vel/lib/python3.10/site-packages'
[24.225s] Level 1:colcon.colcon_core.environment:checking '/root/GZ_DiNiu/install/encoder_vel/bin'
[24.227s] INFO:colcon.colcon_core.shell:Creating package script '/root/GZ_DiNiu/install/encoder_vel/share/encoder_vel/package.ps1'
[24.233s] INFO:colcon.colcon_core.shell:Creating package descriptor '/root/GZ_DiNiu/install/encoder_vel/share/encoder_vel/package.dsv'
[24.240s] INFO:colcon.colcon_core.shell:Creating package script '/root/GZ_DiNiu/install/encoder_vel/share/encoder_vel/package.sh'
[24.248s] INFO:colcon.colcon_core.shell:Creating package script '/root/GZ_DiNiu/install/encoder_vel/share/encoder_vel/package.bash'
[24.254s] INFO:colcon.colcon_core.shell:Creating package script '/root/GZ_DiNiu/install/encoder_vel/share/encoder_vel/package.zsh'
[24.262s] Level 1:colcon.colcon_core.environment:create_file_with_runtime_dependencies(/root/GZ_DiNiu/install/encoder_vel/share/colcon-core/packages/encoder_vel)
[24.274s] INFO:colcon.colcon_ros.task.ament_cmake.build:Building ROS package in '/root/GZ_DiNiu/src/steer_closed_loop' with build type 'ament_cmake'
[24.276s] INFO:colcon.colcon_cmake.task.cmake.build:Building CMake package in '/root/GZ_DiNiu/src/steer_closed_loop'
[24.278s] INFO:colcon.colcon_core.shell:Skip shell extension 'powershell' for command environment: Not usable outside of PowerShell
[24.278s] DEBUG:colcon.colcon_core.shell:Skip shell extension 'dsv' for command environment
[24.564s] DEBUG:colcon.colcon_core.event_handler.log_command:Invoking command in '/root/GZ_DiNiu/build/steer_closed_loop': CMAKE_PREFIX_PATH=${CMAKE_PREFIX_PATH}:/root/GZ_DiNiu/install/motor_control_py:/root/GZ_DiNiu/install/io_control_py:/root/GZ_DiNiu/install/imu_bno08x:/opt/ros/humble /usr/bin/cmake --build /root/GZ_DiNiu/build/steer_closed_loop -- -j4 -l4
[24.610s] DEBUG:colcon.colcon_core.event_handler.log_command:Invoking command in '/root/GZ_DiNiu/src/io_control_py': PYTHONPATH=/root/GZ_DiNiu/build/io_control_py/prefix_override:/usr/lib/python3/dist-packages/colcon_core/task/python/colcon_distutils_commands:/root/GZ_DiNiu/install/io_control_py/lib/python3.10/site-packages:${PYTHONPATH} /usr/bin/python3 -W ignore:setup.py install is deprecated -W ignore:easy_install command is deprecated setup.py egg_info --egg-base ../../build/io_control_py build --build-base /root/GZ_DiNiu/build/io_control_py/build install --record /root/GZ_DiNiu/build/io_control_py/install.log --single-version-externally-managed install_data
[25.749s] DEBUG:colcon.colcon_core.event_handler.log_command:Invoked command in '/root/GZ_DiNiu/build/steer_closed_loop' returned '0': CMAKE_PREFIX_PATH=${CMAKE_PREFIX_PATH}:/root/GZ_DiNiu/install/motor_control_py:/root/GZ_DiNiu/install/io_control_py:/root/GZ_DiNiu/install/imu_bno08x:/opt/ros/humble /usr/bin/cmake --build /root/GZ_DiNiu/build/steer_closed_loop -- -j4 -l4
[25.786s] DEBUG:colcon.colcon_core.event_handler.log_command:Invoking command in '/root/GZ_DiNiu/build/steer_closed_loop': CMAKE_PREFIX_PATH=${CMAKE_PREFIX_PATH}:/root/GZ_DiNiu/install/motor_control_py:/root/GZ_DiNiu/install/io_control_py:/root/GZ_DiNiu/install/imu_bno08x:/opt/ros/humble /usr/bin/cmake --install /root/GZ_DiNiu/build/steer_closed_loop
[25.941s] DEBUG:colcon.colcon_core.event_handler.log_command:Invoking command in '/root/GZ_DiNiu/src/imu_bno08x': PYTHONPATH=/root/GZ_DiNiu/build/imu_bno08x/prefix_override:/usr/lib/python3/dist-packages/colcon_core/task/python/colcon_distutils_commands:/root/GZ_DiNiu/install/imu_bno08x/lib/python3.10/site-packages:${PYTHONPATH} /usr/bin/python3 -W ignore:setup.py install is deprecated -W ignore:easy_install command is deprecated setup.py egg_info --egg-base ../../build/imu_bno08x build --build-base /root/GZ_DiNiu/build/imu_bno08x/build install --record /root/GZ_DiNiu/build/imu_bno08x/install.log --single-version-externally-managed install_data
[26.025s] Level 1:colcon.colcon_core.environment:create_environment_scripts_only(steer_closed_loop)
[26.027s] Level 1:colcon.colcon_core.environment:checking '/root/GZ_DiNiu/install/steer_closed_loop' for CMake module files
[26.028s] DEBUG:colcon.colcon_core.event_handler.log_command:Invoked command in '/root/GZ_DiNiu/build/steer_closed_loop' returned '0': CMAKE_PREFIX_PATH=${CMAKE_PREFIX_PATH}:/root/GZ_DiNiu/install/motor_control_py:/root/GZ_DiNiu/install/io_control_py:/root/GZ_DiNiu/install/imu_bno08x:/opt/ros/humble /usr/bin/cmake --install /root/GZ_DiNiu/build/steer_closed_loop
[26.033s] Level 1:colcon.colcon_core.environment:checking '/root/GZ_DiNiu/install/steer_closed_loop' for CMake config files
[26.039s] Level 1:colcon.colcon_core.shell:create_environment_hook('steer_closed_loop', 'cmake_prefix_path')
[26.043s] INFO:colcon.colcon_core.shell:Creating environment hook '/root/GZ_DiNiu/install/steer_closed_loop/share/steer_closed_loop/hook/cmake_prefix_path.ps1'
[26.050s] INFO:colcon.colcon_core.shell:Creating environment descriptor '/root/GZ_DiNiu/install/steer_closed_loop/share/steer_closed_loop/hook/cmake_prefix_path.dsv'
[26.059s] INFO:colcon.colcon_core.shell:Creating environment hook '/root/GZ_DiNiu/install/steer_closed_loop/share/steer_closed_loop/hook/cmake_prefix_path.sh'
[26.070s] Level 1:colcon.colcon_core.environment:checking '/root/GZ_DiNiu/install/steer_closed_loop/lib'
[26.072s] Level 1:colcon.colcon_core.environment:checking '/root/GZ_DiNiu/install/steer_closed_loop/bin'
[26.073s] Level 1:colcon.colcon_core.environment:checking '/root/GZ_DiNiu/install/steer_closed_loop/lib/pkgconfig/steer_closed_loop.pc'
[26.075s] Level 1:colcon.colcon_core.environment:checking '/root/GZ_DiNiu/install/steer_closed_loop/lib/python3.10/site-packages'
[26.079s] Level 1:colcon.colcon_core.environment:checking '/root/GZ_DiNiu/install/steer_closed_loop/bin'
[26.082s] INFO:colcon.colcon_core.shell:Creating package script '/root/GZ_DiNiu/install/steer_closed_loop/share/steer_closed_loop/package.ps1'
[26.087s] INFO:colcon.colcon_core.shell:Creating package descriptor '/root/GZ_DiNiu/install/steer_closed_loop/share/steer_closed_loop/package.dsv'
[26.096s] INFO:colcon.colcon_core.shell:Creating package script '/root/GZ_DiNiu/install/steer_closed_loop/share/steer_closed_loop/package.sh'
[26.102s] INFO:colcon.colcon_core.shell:Creating package script '/root/GZ_DiNiu/install/steer_closed_loop/share/steer_closed_loop/package.bash'
[26.109s] INFO:colcon.colcon_core.shell:Creating package script '/root/GZ_DiNiu/install/steer_closed_loop/share/steer_closed_loop/package.zsh'
[26.114s] Level 1:colcon.colcon_core.environment:create_file_with_runtime_dependencies(/root/GZ_DiNiu/install/steer_closed_loop/share/colcon-core/packages/steer_closed_loop)
[26.124s] Level 1:colcon.colcon_core.environment:create_environment_scripts_only(steer_closed_loop)
[26.127s] Level 1:colcon.colcon_core.environment:checking '/root/GZ_DiNiu/install/steer_closed_loop' for CMake module files
[26.133s] Level 1:colcon.colcon_core.environment:checking '/root/GZ_DiNiu/install/steer_closed_loop' for CMake config files
[26.137s] Level 1:colcon.colcon_core.shell:create_environment_hook('steer_closed_loop', 'cmake_prefix_path')
[26.140s] INFO:colcon.colcon_core.shell:Creating environment hook '/root/GZ_DiNiu/install/steer_closed_loop/share/steer_closed_loop/hook/cmake_prefix_path.ps1'
[26.145s] INFO:colcon.colcon_core.shell:Creating environment descriptor '/root/GZ_DiNiu/install/steer_closed_loop/share/steer_closed_loop/hook/cmake_prefix_path.dsv'
[26.150s] INFO:colcon.colcon_core.shell:Creating environment hook '/root/GZ_DiNiu/install/steer_closed_loop/share/steer_closed_loop/hook/cmake_prefix_path.sh'
[26.156s] Level 1:colcon.colcon_core.environment:checking '/root/GZ_DiNiu/install/steer_closed_loop/lib'
[26.157s] Level 1:colcon.colcon_core.environment:checking '/root/GZ_DiNiu/install/steer_closed_loop/bin'
[26.160s] Level 1:colcon.colcon_core.environment:checking '/root/GZ_DiNiu/install/steer_closed_loop/lib/pkgconfig/steer_closed_loop.pc'
[26.163s] Level 1:colcon.colcon_core.environment:checking '/root/GZ_DiNiu/install/steer_closed_loop/lib/python3.10/site-packages'
[26.167s] Level 1:colcon.colcon_core.environment:checking '/root/GZ_DiNiu/install/steer_closed_loop/bin'
[26.169s] INFO:colcon.colcon_core.shell:Creating package script '/root/GZ_DiNiu/install/steer_closed_loop/share/steer_closed_loop/package.ps1'
[26.175s] INFO:colcon.colcon_core.shell:Creating package descriptor '/root/GZ_DiNiu/install/steer_closed_loop/share/steer_closed_loop/package.dsv'
[26.183s] INFO:colcon.colcon_core.shell:Creating package script '/root/GZ_DiNiu/install/steer_closed_loop/share/steer_closed_loop/package.sh'
[26.188s] INFO:colcon.colcon_core.shell:Creating package script '/root/GZ_DiNiu/install/steer_closed_loop/share/steer_closed_loop/package.bash'
[26.197s] INFO:colcon.colcon_core.shell:Creating package script '/root/GZ_DiNiu/install/steer_closed_loop/share/steer_closed_loop/package.zsh'
[26.203s] Level 1:colcon.colcon_core.environment:create_file_with_runtime_dependencies(/root/GZ_DiNiu/install/steer_closed_loop/share/colcon-core/packages/steer_closed_loop)
[28.410s] Level 1:colcon.colcon_core.environment:checking '/root/GZ_DiNiu/install/io_control_py' for CMake module files
[28.415s] DEBUG:colcon.colcon_core.event_handler.log_command:Invoked command in '/root/GZ_DiNiu/src/io_control_py' returned '0': PYTHONPATH=/root/GZ_DiNiu/build/io_control_py/prefix_override:/usr/lib/python3/dist-packages/colcon_core/task/python/colcon_distutils_commands:/root/GZ_DiNiu/install/io_control_py/lib/python3.10/site-packages:${PYTHONPATH} /usr/bin/python3 -W ignore:setup.py install is deprecated -W ignore:easy_install command is deprecated setup.py egg_info --egg-base ../../build/io_control_py build --build-base /root/GZ_DiNiu/build/io_control_py/build install --record /root/GZ_DiNiu/build/io_control_py/install.log --single-version-externally-managed install_data
[28.425s] Level 1:colcon.colcon_core.environment:checking '/root/GZ_DiNiu/install/io_control_py' for CMake config files
[28.435s] Level 1:colcon.colcon_core.environment:checking '/root/GZ_DiNiu/install/io_control_py/lib'
[28.443s] Level 1:colcon.colcon_core.environment:checking '/root/GZ_DiNiu/install/io_control_py/bin'
[28.444s] Level 1:colcon.colcon_core.environment:checking '/root/GZ_DiNiu/install/io_control_py/lib/pkgconfig/io_control_py.pc'
[28.447s] Level 1:colcon.colcon_core.environment:checking '/root/GZ_DiNiu/install/io_control_py/lib/python3.10/site-packages'
[28.454s] Level 1:colcon.colcon_core.shell:create_environment_hook('io_control_py', 'pythonpath')
[28.459s] INFO:colcon.colcon_core.shell:Creating environment hook '/root/GZ_DiNiu/install/io_control_py/share/io_control_py/hook/pythonpath.ps1'
[28.469s] INFO:colcon.colcon_core.shell:Creating environment descriptor '/root/GZ_DiNiu/install/io_control_py/share/io_control_py/hook/pythonpath.dsv'
[28.474s] INFO:colcon.colcon_core.shell:Creating environment hook '/root/GZ_DiNiu/install/io_control_py/share/io_control_py/hook/pythonpath.sh'
[28.482s] Level 1:colcon.colcon_core.environment:checking '/root/GZ_DiNiu/install/io_control_py/bin'
[28.485s] Level 1:colcon.colcon_core.environment:create_environment_scripts_only(io_control_py)
[28.488s] INFO:colcon.colcon_core.shell:Creating package script '/root/GZ_DiNiu/install/io_control_py/share/io_control_py/package.ps1'
[28.494s] INFO:colcon.colcon_core.shell:Creating package descriptor '/root/GZ_DiNiu/install/io_control_py/share/io_control_py/package.dsv'
[28.508s] INFO:colcon.colcon_core.shell:Creating package script '/root/GZ_DiNiu/install/io_control_py/share/io_control_py/package.sh'
[28.515s] INFO:colcon.colcon_core.shell:Creating package script '/root/GZ_DiNiu/install/io_control_py/share/io_control_py/package.bash'
[28.524s] INFO:colcon.colcon_core.shell:Creating package script '/root/GZ_DiNiu/install/io_control_py/share/io_control_py/package.zsh'
[28.529s] Level 1:colcon.colcon_core.environment:create_file_with_runtime_dependencies(/root/GZ_DiNiu/install/io_control_py/share/colcon-core/packages/io_control_py)
[28.824s] DEBUG:colcon.colcon_core.event_handler.log_command:Invoking command in '/root/GZ_DiNiu/src/motor_control_py': PYTHONPATH=/root/GZ_DiNiu/build/motor_control_py/prefix_override:/usr/lib/python3/dist-packages/colcon_core/task/python/colcon_distutils_commands:/root/GZ_DiNiu/install/motor_control_py/lib/python3.10/site-packages:${PYTHONPATH} /usr/bin/python3 -W ignore:setup.py install is deprecated -W ignore:easy_install command is deprecated setup.py egg_info --egg-base ../../build/motor_control_py build --build-base /root/GZ_DiNiu/build/motor_control_py/build install --record /root/GZ_DiNiu/build/motor_control_py/install.log --single-version-externally-managed install_data
[29.889s] Level 1:colcon.colcon_core.environment:checking '/root/GZ_DiNiu/install/imu_bno08x' for CMake module files
[29.891s] DEBUG:colcon.colcon_core.event_handler.log_command:Invoked command in '/root/GZ_DiNiu/src/imu_bno08x' returned '0': PYTHONPATH=/root/GZ_DiNiu/build/imu_bno08x/prefix_override:/usr/lib/python3/dist-packages/colcon_core/task/python/colcon_distutils_commands:/root/GZ_DiNiu/install/imu_bno08x/lib/python3.10/site-packages:${PYTHONPATH} /usr/bin/python3 -W ignore:setup.py install is deprecated -W ignore:easy_install command is deprecated setup.py egg_info --egg-base ../../build/imu_bno08x build --build-base /root/GZ_DiNiu/build/imu_bno08x/build install --record /root/GZ_DiNiu/build/imu_bno08x/install.log --single-version-externally-managed install_data
[29.894s] Level 1:colcon.colcon_core.environment:checking '/root/GZ_DiNiu/install/imu_bno08x' for CMake config files
[29.898s] Level 1:colcon.colcon_core.environment:checking '/root/GZ_DiNiu/install/imu_bno08x/lib'
[29.899s] Level 1:colcon.colcon_core.environment:checking '/root/GZ_DiNiu/install/imu_bno08x/bin'
[29.900s] Level 1:colcon.colcon_core.environment:checking '/root/GZ_DiNiu/install/imu_bno08x/lib/pkgconfig/imu_bno08x.pc'
[29.901s] Level 1:colcon.colcon_core.environment:checking '/root/GZ_DiNiu/install/imu_bno08x/lib/python3.10/site-packages'
[29.902s] Level 1:colcon.colcon_core.shell:create_environment_hook('imu_bno08x', 'pythonpath')
[29.903s] INFO:colcon.colcon_core.shell:Creating environment hook '/root/GZ_DiNiu/install/imu_bno08x/share/imu_bno08x/hook/pythonpath.ps1'
[29.906s] INFO:colcon.colcon_core.shell:Creating environment descriptor '/root/GZ_DiNiu/install/imu_bno08x/share/imu_bno08x/hook/pythonpath.dsv'
[29.909s] INFO:colcon.colcon_core.shell:Creating environment hook '/root/GZ_DiNiu/install/imu_bno08x/share/imu_bno08x/hook/pythonpath.sh'
[29.915s] Level 1:colcon.colcon_core.environment:checking '/root/GZ_DiNiu/install/imu_bno08x/bin'
[29.916s] Level 1:colcon.colcon_core.environment:create_environment_scripts_only(imu_bno08x)
[29.918s] INFO:colcon.colcon_core.shell:Creating package script '/root/GZ_DiNiu/install/imu_bno08x/share/imu_bno08x/package.ps1'
[29.922s] INFO:colcon.colcon_core.shell:Creating package descriptor '/root/GZ_DiNiu/install/imu_bno08x/share/imu_bno08x/package.dsv'
[29.926s] INFO:colcon.colcon_core.shell:Creating package script '/root/GZ_DiNiu/install/imu_bno08x/share/imu_bno08x/package.sh'
[29.929s] INFO:colcon.colcon_core.shell:Creating package script '/root/GZ_DiNiu/install/imu_bno08x/share/imu_bno08x/package.bash'
[29.933s] INFO:colcon.colcon_core.shell:Creating package script '/root/GZ_DiNiu/install/imu_bno08x/share/imu_bno08x/package.zsh'
[29.935s] Level 1:colcon.colcon_core.environment:create_file_with_runtime_dependencies(/root/GZ_DiNiu/install/imu_bno08x/share/colcon-core/packages/imu_bno08x)
[31.272s] Level 1:colcon.colcon_core.environment:checking '/root/GZ_DiNiu/install/motor_control_py' for CMake module files
[31.275s] Level 1:colcon.colcon_core.environment:checking '/root/GZ_DiNiu/install/motor_control_py' for CMake config files
[31.278s] DEBUG:colcon.colcon_core.event_handler.log_command:Invoked command in '/root/GZ_DiNiu/src/motor_control_py' returned '0': PYTHONPATH=/root/GZ_DiNiu/build/motor_control_py/prefix_override:/usr/lib/python3/dist-packages/colcon_core/task/python/colcon_distutils_commands:/root/GZ_DiNiu/install/motor_control_py/lib/python3.10/site-packages:${PYTHONPATH} /usr/bin/python3 -W ignore:setup.py install is deprecated -W ignore:easy_install command is deprecated setup.py egg_info --egg-base ../../build/motor_control_py build --build-base /root/GZ_DiNiu/build/motor_control_py/build install --record /root/GZ_DiNiu/build/motor_control_py/install.log --single-version-externally-managed install_data
[31.286s] Level 1:colcon.colcon_core.environment:checking '/root/GZ_DiNiu/install/motor_control_py/lib'
[31.287s] Level 1:colcon.colcon_core.environment:checking '/root/GZ_DiNiu/install/motor_control_py/bin'
[31.287s] Level 1:colcon.colcon_core.environment:checking '/root/GZ_DiNiu/install/motor_control_py/lib/pkgconfig/motor_control_py.pc'
[31.289s] Level 1:colcon.colcon_core.environment:checking '/root/GZ_DiNiu/install/motor_control_py/lib/python3.10/site-packages'
[31.293s] Level 1:colcon.colcon_core.shell:create_environment_hook('motor_control_py', 'pythonpath')
[31.295s] INFO:colcon.colcon_core.shell:Creating environment hook '/root/GZ_DiNiu/install/motor_control_py/share/motor_control_py/hook/pythonpath.ps1'
[31.299s] INFO:colcon.colcon_core.shell:Creating environment descriptor '/root/GZ_DiNiu/install/motor_control_py/share/motor_control_py/hook/pythonpath.dsv'
[31.301s] INFO:colcon.colcon_core.shell:Creating environment hook '/root/GZ_DiNiu/install/motor_control_py/share/motor_control_py/hook/pythonpath.sh'
[31.306s] Level 1:colcon.colcon_core.environment:checking '/root/GZ_DiNiu/install/motor_control_py/bin'
[31.306s] Level 1:colcon.colcon_core.environment:create_environment_scripts_only(motor_control_py)
[31.308s] INFO:colcon.colcon_core.shell:Creating package script '/root/GZ_DiNiu/install/motor_control_py/share/motor_control_py/package.ps1'
[31.310s] INFO:colcon.colcon_core.shell:Creating package descriptor '/root/GZ_DiNiu/install/motor_control_py/share/motor_control_py/package.dsv'
[31.313s] INFO:colcon.colcon_core.shell:Creating package script '/root/GZ_DiNiu/install/motor_control_py/share/motor_control_py/package.sh'
[31.315s] INFO:colcon.colcon_core.shell:Creating package script '/root/GZ_DiNiu/install/motor_control_py/share/motor_control_py/package.bash'
[31.318s] INFO:colcon.colcon_core.shell:Creating package script '/root/GZ_DiNiu/install/motor_control_py/share/motor_control_py/package.zsh'
[31.321s] Level 1:colcon.colcon_core.environment:create_file_with_runtime_dependencies(/root/GZ_DiNiu/install/motor_control_py/share/colcon-core/packages/motor_control_py)
[31.323s] DEBUG:colcon.colcon_parallel_executor.executor.parallel:closing loop
[31.329s] DEBUG:colcon.colcon_parallel_executor.executor.parallel:loop closed
[31.329s] DEBUG:colcon.colcon_parallel_executor.executor.parallel:run_until_complete finished with '0'
[31.330s] DEBUG:colcon.colcon_core.event_reactor:joining thread
[31.415s] INFO:colcon.colcon_core.plugin_system:Skipping extension 'colcon_notification.desktop_notification.terminal_notifier': Not used on non-Darwin systems
[31.416s] INFO:colcon.colcon_core.plugin_system:Skipping extension 'colcon_notification.desktop_notification.win32': Not used on non-Windows systems
[31.416s] INFO:colcon.colcon_notification.desktop_notification:Sending desktop notification using 'notify2'
[31.456s] DEBUG:colcon.colcon_notification.desktop_notification.notify2:Failed to initialize notify2: org.freedesktop.DBus.Error.ServiceUnknown: The name org.freedesktop.Notifications was not provided by any .service files
[31.456s] DEBUG:colcon.colcon_core.event_reactor:joined thread
[31.458s] INFO:colcon.colcon_core.shell:Creating prefix script '/root/GZ_DiNiu/install/local_setup.ps1'
[31.467s] INFO:colcon.colcon_core.shell:Creating prefix util module '/root/GZ_DiNiu/install/_local_setup_util_ps1.py'
[31.479s] INFO:colcon.colcon_core.shell:Creating prefix chain script '/root/GZ_DiNiu/install/setup.ps1'
[31.490s] INFO:colcon.colcon_core.shell:Creating prefix script '/root/GZ_DiNiu/install/local_setup.sh'
[31.495s] INFO:colcon.colcon_core.shell:Creating prefix util module '/root/GZ_DiNiu/install/_local_setup_util_sh.py'
[31.499s] INFO:colcon.colcon_core.shell:Creating prefix chain script '/root/GZ_DiNiu/install/setup.sh'
[31.509s] INFO:colcon.colcon_core.shell:Creating prefix script '/root/GZ_DiNiu/install/local_setup.bash'
[31.514s] INFO:colcon.colcon_core.shell:Creating prefix chain script '/root/GZ_DiNiu/install/setup.bash'
[31.526s] INFO:colcon.colcon_core.shell:Creating prefix script '/root/GZ_DiNiu/install/local_setup.zsh'
[31.533s] INFO:colcon.colcon_core.shell:Creating prefix chain script '/root/GZ_DiNiu/install/setup.zsh'
