[10.501s] Invoking command in '/root/GZ_DiNiu/src/motor_control_py': PYTHONPATH=/root/GZ_DiNiu/build/motor_control_py/prefix_override:/usr/lib/python3/dist-packages/colcon_core/task/python/colcon_distutils_commands:/root/GZ_DiNiu/install/motor_control_py/lib/python3.10/site-packages:${PYTHONPATH} /usr/bin/python3 -W ignore:setup.py install is deprecated -W ignore:easy_install command is deprecated setup.py egg_info --egg-base ../../build/motor_control_py build --build-base /root/GZ_DiNiu/build/motor_control_py/build install --record /root/GZ_DiNiu/build/motor_control_py/install.log --single-version-externally-managed install_data
[15.021s] running egg_info
[15.032s] writing ../../build/motor_control_py/motor_control_py.egg-info/PKG-INFO
[15.038s] writing dependency_links to ../../build/motor_control_py/motor_control_py.egg-info/dependency_links.txt
[15.044s] writing entry points to ../../build/motor_control_py/motor_control_py.egg-info/entry_points.txt
[15.050s] writing requirements to ../../build/motor_control_py/motor_control_py.egg-info/requires.txt
[15.052s] writing top-level names to ../../build/motor_control_py/motor_control_py.egg-info/top_level.txt
[15.074s] reading manifest file '../../build/motor_control_py/motor_control_py.egg-info/SOURCES.txt'
[15.086s] writing manifest file '../../build/motor_control_py/motor_control_py.egg-info/SOURCES.txt'
[15.090s] running build
[15.091s] running build_py
[15.093s] running install
[15.103s] running install_lib
[15.121s] running install_data
[15.125s] running install_egg_info
[15.140s] removing '/root/GZ_DiNiu/install/motor_control_py/lib/python3.10/site-packages/motor_control_py-0.0.1-py3.10.egg-info' (and everything under it)
[15.150s] Copying ../../build/motor_control_py/motor_control_py.egg-info to /root/GZ_DiNiu/install/motor_control_py/lib/python3.10/site-packages/motor_control_py-0.0.1-py3.10.egg-info
[15.179s] running install_scripts
[15.360s] Installing motor_control_node script to /root/GZ_DiNiu/install/motor_control_py/lib/motor_control_py
[15.364s] Installing speed_web_node script to /root/GZ_DiNiu/install/motor_control_py/lib/motor_control_py
[15.371s] Installing steer_control_node script to /root/GZ_DiNiu/install/motor_control_py/lib/motor_control_py
[15.374s] writing list of installed files to '/root/GZ_DiNiu/build/motor_control_py/install.log'
[15.620s] Invoked command in '/root/GZ_DiNiu/src/motor_control_py' returned '0': PYTHONPATH=/root/GZ_DiNiu/build/motor_control_py/prefix_override:/usr/lib/python3/dist-packages/colcon_core/task/python/colcon_distutils_commands:/root/GZ_DiNiu/install/motor_control_py/lib/python3.10/site-packages:${PYTHONPATH} /usr/bin/python3 -W ignore:setup.py install is deprecated -W ignore:easy_install command is deprecated setup.py egg_info --egg-base ../../build/motor_control_py build --build-base /root/GZ_DiNiu/build/motor_control_py/build install --record /root/GZ_DiNiu/build/motor_control_py/install.log --single-version-externally-managed install_data
