[3.493s] Invoking command in '/root/GZ_DiNiu/src/motor_control_py': PYTHONPATH=/root/GZ_DiNiu/build/motor_control_py/prefix_override:/usr/lib/python3/dist-packages/colcon_core/task/python/colcon_distutils_commands:/root/GZ_DiNiu/install/motor_control_py/lib/python3.10/site-packages:${PYTHONPATH} /usr/bin/python3 -W ignore:setup.py install is deprecated -W ignore:easy_install command is deprecated setup.py egg_info --egg-base ../../build/motor_control_py build --build-base /root/GZ_DiNiu/build/motor_control_py/build install --record /root/GZ_DiNiu/build/motor_control_py/install.log --single-version-externally-managed install_data
[4.769s] running egg_info
[4.772s] writing ../../build/motor_control_py/motor_control_py.egg-info/PKG-INFO
[4.774s] writing dependency_links to ../../build/motor_control_py/motor_control_py.egg-info/dependency_links.txt
[4.776s] writing entry points to ../../build/motor_control_py/motor_control_py.egg-info/entry_points.txt
[4.778s] writing requirements to ../../build/motor_control_py/motor_control_py.egg-info/requires.txt
[4.778s] writing top-level names to ../../build/motor_control_py/motor_control_py.egg-info/top_level.txt
[4.788s] reading manifest file '../../build/motor_control_py/motor_control_py.egg-info/SOURCES.txt'
[4.793s] writing manifest file '../../build/motor_control_py/motor_control_py.egg-info/SOURCES.txt'
[4.793s] running build
[4.794s] running build_py
[4.795s] running install
[4.798s] running install_lib
[4.804s] running install_data
[4.805s] copying launch/cmd_vel_full.launch.py -> /root/GZ_DiNiu/install/motor_control_py/share/motor_control_py/launch
[4.806s] copying launch/bringup.launch.py -> /root/GZ_DiNiu/install/motor_control_py/share/motor_control_py/launch
[4.806s] running install_egg_info
[4.814s] removing '/root/GZ_DiNiu/install/motor_control_py/lib/python3.10/site-packages/motor_control_py-0.0.1-py3.10.egg-info' (and everything under it)
[4.816s] Copying ../../build/motor_control_py/motor_control_py.egg-info to /root/GZ_DiNiu/install/motor_control_py/lib/python3.10/site-packages/motor_control_py-0.0.1-py3.10.egg-info
[4.823s] running install_scripts
[4.911s] Installing motor_control_node script to /root/GZ_DiNiu/install/motor_control_py/lib/motor_control_py
[4.913s] Installing speed_web_node script to /root/GZ_DiNiu/install/motor_control_py/lib/motor_control_py
[4.914s] Installing steer_control_node script to /root/GZ_DiNiu/install/motor_control_py/lib/motor_control_py
[4.916s] writing list of installed files to '/root/GZ_DiNiu/build/motor_control_py/install.log'
[5.066s] Invoked command in '/root/GZ_DiNiu/src/motor_control_py' returned '0': PYTHONPATH=/root/GZ_DiNiu/build/motor_control_py/prefix_override:/usr/lib/python3/dist-packages/colcon_core/task/python/colcon_distutils_commands:/root/GZ_DiNiu/install/motor_control_py/lib/python3.10/site-packages:${PYTHONPATH} /usr/bin/python3 -W ignore:setup.py install is deprecated -W ignore:easy_install command is deprecated setup.py egg_info --egg-base ../../build/motor_control_py build --build-base /root/GZ_DiNiu/build/motor_control_py/build install --record /root/GZ_DiNiu/build/motor_control_py/install.log --single-version-externally-managed install_data
