[1.058s] DEBUG:colcon:Command line arguments: ['/usr/bin/colcon', 'build', '--packages-select', 'io_control_py']
[1.059s] DEBUG:colcon:Parsed command line arguments: Namespace(log_base=None, log_level=None, verb_name='build', build_base='build', install_base='install', merge_install=False, symlink_install=False, test_result_base=None, continue_on_error=False, executor='parallel', parallel_workers=4, event_handlers=None, ignore_user_meta=False, metas=['./colcon.meta'], base_paths=['.'], packages_ignore=None, packages_ignore_regex=None, paths=None, packages_up_to=None, packages_up_to_regex=None, packages_above=None, packages_above_and_dependencies=None, packages_above_depth=None, packages_select_by_dep=None, packages_skip_by_dep=None, packages_skip_up_to=None, packages_select_build_failed=False, packages_skip_build_finished=False, packages_select_test_failures=False, packages_skip_test_passed=False, packages_select=['io_control_py'], packages_skip=None, packages_select_regex=None, packages_skip_regex=None, packages_start=None, packages_end=None, allow_overriding=[], cmake_args=None, cmake_target=None, cmake_target_skip_unavailable=False, cmake_clean_cache=False, cmake_clean_first=False, cmake_force_configure=False, ament_cmake_args=None, catkin_cmake_args=None, catkin_skip_building_tests=False, verb_parser=<colcon_defaults.argument_parser.defaults.DefaultArgumentsDecorator object at 0xffff9865fd60>, verb_extension=<colcon_core.verb.build.BuildVerb object at 0xffff9883d1e0>, main=<bound method BuildVerb.main of <colcon_core.verb.build.BuildVerb object at 0xffff9883d1e0>>)
[3.567s] Level 1:colcon.colcon_core.package_discovery:discover_packages(colcon_meta) check parameters
[3.568s] Level 1:colcon.colcon_core.package_discovery:discover_packages(recursive) check parameters
[3.571s] Level 1:colcon.colcon_core.package_discovery:discover_packages(ignore) check parameters
[3.571s] Level 1:colcon.colcon_core.package_discovery:discover_packages(path) check parameters
[3.572s] Level 1:colcon.colcon_core.package_discovery:discover_packages(colcon_meta) discover
[3.572s] Level 1:colcon.colcon_core.package_discovery:discover_packages(recursive) discover
[3.573s] INFO:colcon.colcon_core.package_discovery:Crawling recursively for packages in '/root/GZ_DiNiu'
[3.573s] Level 1:colcon.colcon_core.package_identification:_identify(.) by extensions ['ignore', 'ignore_ament_install']
[3.575s] Level 1:colcon.colcon_core.package_identification:_identify(.) by extension 'ignore'
[3.576s] Level 1:colcon.colcon_core.package_identification:_identify(.) by extension 'ignore_ament_install'
[3.576s] Level 1:colcon.colcon_core.package_identification:_identify(.) by extensions ['colcon_pkg']
[3.577s] Level 1:colcon.colcon_core.package_identification:_identify(.) by extension 'colcon_pkg'
[3.577s] Level 1:colcon.colcon_core.package_identification:_identify(.) by extensions ['colcon_meta']
[3.578s] Level 1:colcon.colcon_core.package_identification:_identify(.) by extension 'colcon_meta'
[3.578s] Level 1:colcon.colcon_core.package_identification:_identify(.) by extensions ['ros']
[3.579s] Level 1:colcon.colcon_core.package_identification:_identify(.) by extension 'ros'
[3.676s] Level 1:colcon.colcon_core.package_identification:_identify(.) by extensions ['cmake', 'python']
[3.677s] Level 1:colcon.colcon_core.package_identification:_identify(.) by extension 'cmake'
[3.678s] Level 1:colcon.colcon_core.package_identification:_identify(.) by extension 'python'
[3.679s] Level 1:colcon.colcon_core.package_identification:_identify(.) by extensions ['python_setup_py']
[3.679s] Level 1:colcon.colcon_core.package_identification:_identify(.) by extension 'python_setup_py'
[3.681s] Level 1:colcon.colcon_core.package_identification:_identify(build) by extensions ['ignore', 'ignore_ament_install']
[3.681s] Level 1:colcon.colcon_core.package_identification:_identify(build) by extension 'ignore'
[3.682s] Level 1:colcon.colcon_core.package_identification:_identify(build) ignored
[3.685s] Level 1:colcon.colcon_core.package_identification:_identify(docs) by extensions ['ignore', 'ignore_ament_install']
[3.686s] Level 1:colcon.colcon_core.package_identification:_identify(docs) by extension 'ignore'
[3.686s] Level 1:colcon.colcon_core.package_identification:_identify(docs) by extension 'ignore_ament_install'
[3.687s] Level 1:colcon.colcon_core.package_identification:_identify(docs) by extensions ['colcon_pkg']
[3.688s] Level 1:colcon.colcon_core.package_identification:_identify(docs) by extension 'colcon_pkg'
[3.688s] Level 1:colcon.colcon_core.package_identification:_identify(docs) by extensions ['colcon_meta']
[3.688s] Level 1:colcon.colcon_core.package_identification:_identify(docs) by extension 'colcon_meta'
[3.689s] Level 1:colcon.colcon_core.package_identification:_identify(docs) by extensions ['ros']
[3.689s] Level 1:colcon.colcon_core.package_identification:_identify(docs) by extension 'ros'
[3.691s] Level 1:colcon.colcon_core.package_identification:_identify(docs) by extensions ['cmake', 'python']
[3.692s] Level 1:colcon.colcon_core.package_identification:_identify(docs) by extension 'cmake'
[3.693s] Level 1:colcon.colcon_core.package_identification:_identify(docs) by extension 'python'
[3.693s] Level 1:colcon.colcon_core.package_identification:_identify(docs) by extensions ['python_setup_py']
[3.694s] Level 1:colcon.colcon_core.package_identification:_identify(docs) by extension 'python_setup_py'
[3.696s] Level 1:colcon.colcon_core.package_identification:_identify(install) by extensions ['ignore', 'ignore_ament_install']
[3.697s] Level 1:colcon.colcon_core.package_identification:_identify(install) by extension 'ignore'
[3.698s] Level 1:colcon.colcon_core.package_identification:_identify(install) ignored
[3.704s] Level 1:colcon.colcon_core.package_identification:_identify(log) by extensions ['ignore', 'ignore_ament_install']
[3.706s] Level 1:colcon.colcon_core.package_identification:_identify(log) by extension 'ignore'
[3.707s] Level 1:colcon.colcon_core.package_identification:_identify(log) ignored
[3.708s] Level 1:colcon.colcon_core.package_identification:_identify(src) by extensions ['ignore', 'ignore_ament_install']
[3.709s] Level 1:colcon.colcon_core.package_identification:_identify(src) by extension 'ignore'
[3.709s] Level 1:colcon.colcon_core.package_identification:_identify(src) by extension 'ignore_ament_install'
[3.710s] Level 1:colcon.colcon_core.package_identification:_identify(src) by extensions ['colcon_pkg']
[3.710s] Level 1:colcon.colcon_core.package_identification:_identify(src) by extension 'colcon_pkg'
[3.712s] Level 1:colcon.colcon_core.package_identification:_identify(src) by extensions ['colcon_meta']
[3.712s] Level 1:colcon.colcon_core.package_identification:_identify(src) by extension 'colcon_meta'
[3.713s] Level 1:colcon.colcon_core.package_identification:_identify(src) by extensions ['ros']
[3.714s] Level 1:colcon.colcon_core.package_identification:_identify(src) by extension 'ros'
[3.716s] Level 1:colcon.colcon_core.package_identification:_identify(src) by extensions ['cmake', 'python']
[3.716s] Level 1:colcon.colcon_core.package_identification:_identify(src) by extension 'cmake'
[3.717s] Level 1:colcon.colcon_core.package_identification:_identify(src) by extension 'python'
[3.717s] Level 1:colcon.colcon_core.package_identification:_identify(src) by extensions ['python_setup_py']
[3.718s] Level 1:colcon.colcon_core.package_identification:_identify(src) by extension 'python_setup_py'
[3.719s] Level 1:colcon.colcon_core.package_identification:_identify(src/ackermann_odom) by extensions ['ignore', 'ignore_ament_install']
[3.720s] Level 1:colcon.colcon_core.package_identification:_identify(src/ackermann_odom) by extension 'ignore'
[3.724s] Level 1:colcon.colcon_core.package_identification:_identify(src/ackermann_odom) by extension 'ignore_ament_install'
[3.725s] Level 1:colcon.colcon_core.package_identification:_identify(src/ackermann_odom) by extensions ['colcon_pkg']
[3.725s] Level 1:colcon.colcon_core.package_identification:_identify(src/ackermann_odom) by extension 'colcon_pkg'
[3.726s] Level 1:colcon.colcon_core.package_identification:_identify(src/ackermann_odom) by extensions ['colcon_meta']
[3.726s] Level 1:colcon.colcon_core.package_identification:_identify(src/ackermann_odom) by extension 'colcon_meta'
[3.727s] Level 1:colcon.colcon_core.package_identification:_identify(src/ackermann_odom) by extensions ['ros']
[3.728s] Level 1:colcon.colcon_core.package_identification:_identify(src/ackermann_odom) by extension 'ros'
[3.750s] DEBUG:colcon.colcon_core.package_identification:Package 'src/ackermann_odom' with type 'ros.ament_cmake' and name 'ackermann_odom'
[3.751s] Level 1:colcon.colcon_core.package_identification:_identify(src/encoder_vel) by extensions ['ignore', 'ignore_ament_install']
[3.752s] Level 1:colcon.colcon_core.package_identification:_identify(src/encoder_vel) by extension 'ignore'
[3.754s] Level 1:colcon.colcon_core.package_identification:_identify(src/encoder_vel) by extension 'ignore_ament_install'
[3.754s] Level 1:colcon.colcon_core.package_identification:_identify(src/encoder_vel) by extensions ['colcon_pkg']
[3.755s] Level 1:colcon.colcon_core.package_identification:_identify(src/encoder_vel) by extension 'colcon_pkg'
[3.755s] Level 1:colcon.colcon_core.package_identification:_identify(src/encoder_vel) by extensions ['colcon_meta']
[3.756s] Level 1:colcon.colcon_core.package_identification:_identify(src/encoder_vel) by extension 'colcon_meta'
[3.756s] Level 1:colcon.colcon_core.package_identification:_identify(src/encoder_vel) by extensions ['ros']
[3.757s] Level 1:colcon.colcon_core.package_identification:_identify(src/encoder_vel) by extension 'ros'
[3.762s] DEBUG:colcon.colcon_core.package_identification:Package 'src/encoder_vel' with type 'ros.ament_cmake' and name 'encoder_vel'
[3.763s] Level 1:colcon.colcon_core.package_identification:_identify(src/imu_bno08x) by extensions ['ignore', 'ignore_ament_install']
[3.764s] Level 1:colcon.colcon_core.package_identification:_identify(src/imu_bno08x) by extension 'ignore'
[3.765s] Level 1:colcon.colcon_core.package_identification:_identify(src/imu_bno08x) by extension 'ignore_ament_install'
[3.766s] Level 1:colcon.colcon_core.package_identification:_identify(src/imu_bno08x) by extensions ['colcon_pkg']
[3.766s] Level 1:colcon.colcon_core.package_identification:_identify(src/imu_bno08x) by extension 'colcon_pkg'
[3.767s] Level 1:colcon.colcon_core.package_identification:_identify(src/imu_bno08x) by extensions ['colcon_meta']
[3.769s] Level 1:colcon.colcon_core.package_identification:_identify(src/imu_bno08x) by extension 'colcon_meta'
[3.769s] Level 1:colcon.colcon_core.package_identification:_identify(src/imu_bno08x) by extensions ['ros']
[3.770s] Level 1:colcon.colcon_core.package_identification:_identify(src/imu_bno08x) by extension 'ros'
[3.774s] DEBUG:colcon.colcon_core.package_identification:Package 'src/imu_bno08x' with type 'ros.ament_python' and name 'imu_bno08x'
[3.775s] Level 1:colcon.colcon_core.package_identification:_identify(src/io_control_py) by extensions ['ignore', 'ignore_ament_install']
[3.776s] Level 1:colcon.colcon_core.package_identification:_identify(src/io_control_py) by extension 'ignore'
[3.776s] Level 1:colcon.colcon_core.package_identification:_identify(src/io_control_py) by extension 'ignore_ament_install'
[3.778s] Level 1:colcon.colcon_core.package_identification:_identify(src/io_control_py) by extensions ['colcon_pkg']
[3.780s] Level 1:colcon.colcon_core.package_identification:_identify(src/io_control_py) by extension 'colcon_pkg'
[3.781s] Level 1:colcon.colcon_core.package_identification:_identify(src/io_control_py) by extensions ['colcon_meta']
[3.781s] Level 1:colcon.colcon_core.package_identification:_identify(src/io_control_py) by extension 'colcon_meta'
[3.782s] Level 1:colcon.colcon_core.package_identification:_identify(src/io_control_py) by extensions ['ros']
[3.782s] Level 1:colcon.colcon_core.package_identification:_identify(src/io_control_py) by extension 'ros'
[3.788s] DEBUG:colcon.colcon_core.package_identification:Package 'src/io_control_py' with type 'ros.ament_python' and name 'io_control_py'
[3.789s] Level 1:colcon.colcon_core.package_identification:_identify(src/motor_control_py) by extensions ['ignore', 'ignore_ament_install']
[3.790s] Level 1:colcon.colcon_core.package_identification:_identify(src/motor_control_py) by extension 'ignore'
[3.792s] Level 1:colcon.colcon_core.package_identification:_identify(src/motor_control_py) by extension 'ignore_ament_install'
[3.792s] Level 1:colcon.colcon_core.package_identification:_identify(src/motor_control_py) by extensions ['colcon_pkg']
[3.793s] Level 1:colcon.colcon_core.package_identification:_identify(src/motor_control_py) by extension 'colcon_pkg'
[3.793s] Level 1:colcon.colcon_core.package_identification:_identify(src/motor_control_py) by extensions ['colcon_meta']
[3.794s] Level 1:colcon.colcon_core.package_identification:_identify(src/motor_control_py) by extension 'colcon_meta'
[3.794s] Level 1:colcon.colcon_core.package_identification:_identify(src/motor_control_py) by extensions ['ros']
[3.796s] Level 1:colcon.colcon_core.package_identification:_identify(src/motor_control_py) by extension 'ros'
[3.801s] DEBUG:colcon.colcon_core.package_identification:Package 'src/motor_control_py' with type 'ros.ament_python' and name 'motor_control_py'
[3.802s] Level 1:colcon.colcon_core.package_identification:_identify(src/steer_closed_loop) by extensions ['ignore', 'ignore_ament_install']
[3.803s] Level 1:colcon.colcon_core.package_identification:_identify(src/steer_closed_loop) by extension 'ignore'
[3.804s] Level 1:colcon.colcon_core.package_identification:_identify(src/steer_closed_loop) by extension 'ignore_ament_install'
[3.806s] Level 1:colcon.colcon_core.package_identification:_identify(src/steer_closed_loop) by extensions ['colcon_pkg']
[3.806s] Level 1:colcon.colcon_core.package_identification:_identify(src/steer_closed_loop) by extension 'colcon_pkg'
[3.807s] Level 1:colcon.colcon_core.package_identification:_identify(src/steer_closed_loop) by extensions ['colcon_meta']
[3.809s] Level 1:colcon.colcon_core.package_identification:_identify(src/steer_closed_loop) by extension 'colcon_meta'
[3.810s] Level 1:colcon.colcon_core.package_identification:_identify(src/steer_closed_loop) by extensions ['ros']
[3.811s] Level 1:colcon.colcon_core.package_identification:_identify(src/steer_closed_loop) by extension 'ros'
[3.818s] DEBUG:colcon.colcon_core.package_identification:Package 'src/steer_closed_loop' with type 'ros.ament_cmake' and name 'steer_closed_loop'
[3.819s] Level 1:colcon.colcon_core.package_identification:_identify(test) by extensions ['ignore', 'ignore_ament_install']
[3.821s] Level 1:colcon.colcon_core.package_identification:_identify(test) by extension 'ignore'
[3.821s] Level 1:colcon.colcon_core.package_identification:_identify(test) by extension 'ignore_ament_install'
[3.822s] Level 1:colcon.colcon_core.package_identification:_identify(test) by extensions ['colcon_pkg']
[3.823s] Level 1:colcon.colcon_core.package_identification:_identify(test) by extension 'colcon_pkg'
[3.824s] Level 1:colcon.colcon_core.package_identification:_identify(test) by extensions ['colcon_meta']
[3.824s] Level 1:colcon.colcon_core.package_identification:_identify(test) by extension 'colcon_meta'
[3.825s] Level 1:colcon.colcon_core.package_identification:_identify(test) by extensions ['ros']
[3.826s] Level 1:colcon.colcon_core.package_identification:_identify(test) by extension 'ros'
[3.828s] Level 1:colcon.colcon_core.package_identification:_identify(test) by extensions ['cmake', 'python']
[3.829s] Level 1:colcon.colcon_core.package_identification:_identify(test) by extension 'cmake'
[3.829s] Level 1:colcon.colcon_core.package_identification:_identify(test) by extension 'python'
[3.831s] Level 1:colcon.colcon_core.package_identification:_identify(test) by extensions ['python_setup_py']
[3.831s] Level 1:colcon.colcon_core.package_identification:_identify(test) by extension 'python_setup_py'
[3.834s] Level 1:colcon.colcon_core.package_identification:_identify(test/__pycache__) by extensions ['ignore', 'ignore_ament_install']
[3.835s] Level 1:colcon.colcon_core.package_identification:_identify(test/__pycache__) by extension 'ignore'
[3.836s] Level 1:colcon.colcon_core.package_identification:_identify(test/__pycache__) by extension 'ignore_ament_install'
[3.838s] Level 1:colcon.colcon_core.package_identification:_identify(test/__pycache__) by extensions ['colcon_pkg']
[3.838s] Level 1:colcon.colcon_core.package_identification:_identify(test/__pycache__) by extension 'colcon_pkg'
[3.839s] Level 1:colcon.colcon_core.package_identification:_identify(test/__pycache__) by extensions ['colcon_meta']
[3.839s] Level 1:colcon.colcon_core.package_identification:_identify(test/__pycache__) by extension 'colcon_meta'
[3.840s] Level 1:colcon.colcon_core.package_identification:_identify(test/__pycache__) by extensions ['ros']
[3.842s] Level 1:colcon.colcon_core.package_identification:_identify(test/__pycache__) by extension 'ros'
[3.843s] Level 1:colcon.colcon_core.package_identification:_identify(test/__pycache__) by extensions ['cmake', 'python']
[3.843s] Level 1:colcon.colcon_core.package_identification:_identify(test/__pycache__) by extension 'cmake'
[3.845s] Level 1:colcon.colcon_core.package_identification:_identify(test/__pycache__) by extension 'python'
[3.846s] Level 1:colcon.colcon_core.package_identification:_identify(test/__pycache__) by extensions ['python_setup_py']
[3.846s] Level 1:colcon.colcon_core.package_identification:_identify(test/__pycache__) by extension 'python_setup_py'
[3.848s] Level 1:colcon.colcon_core.package_discovery:discover_packages(recursive) using defaults
[3.848s] Level 1:colcon.colcon_core.package_discovery:discover_packages(ignore) discover
[3.849s] Level 1:colcon.colcon_core.package_discovery:discover_packages(ignore) using defaults
[3.850s] Level 1:colcon.colcon_core.package_discovery:discover_packages(path) discover
[3.851s] Level 1:colcon.colcon_core.package_discovery:discover_packages(path) using defaults
[4.050s] INFO:colcon.colcon_core.package_selection:Skipping not selected package 'ackermann_odom' in 'src/ackermann_odom'
[4.051s] INFO:colcon.colcon_core.package_selection:Skipping not selected package 'encoder_vel' in 'src/encoder_vel'
[4.051s] INFO:colcon.colcon_core.package_selection:Skipping not selected package 'imu_bno08x' in 'src/imu_bno08x'
[4.051s] INFO:colcon.colcon_core.package_selection:Skipping not selected package 'motor_control_py' in 'src/motor_control_py'
[4.052s] INFO:colcon.colcon_core.package_selection:Skipping not selected package 'steer_closed_loop' in 'src/steer_closed_loop'
[4.054s] Level 1:colcon.colcon_core.package_discovery:discover_packages(prefix_path) check parameters
[4.055s] Level 1:colcon.colcon_core.package_discovery:discover_packages(prefix_path) discover
[4.076s] DEBUG:colcon.colcon_installed_package_information.package_discovery:Found 5 installed packages in /root/GZ_DiNiu/install
[4.092s] DEBUG:colcon.colcon_installed_package_information.package_discovery:Found 272 installed packages in /opt/ros/humble
[4.183s] Level 1:colcon.colcon_core.package_discovery:discover_packages(prefix_path) using defaults
[4.645s] Level 5:colcon.colcon_core.verb:set package 'io_control_py' build argument 'cmake_args' from command line to 'None'
[4.645s] Level 5:colcon.colcon_core.verb:set package 'io_control_py' build argument 'cmake_target' from command line to 'None'
[4.646s] Level 5:colcon.colcon_core.verb:set package 'io_control_py' build argument 'cmake_target_skip_unavailable' from command line to 'False'
[4.646s] Level 5:colcon.colcon_core.verb:set package 'io_control_py' build argument 'cmake_clean_cache' from command line to 'False'
[4.646s] Level 5:colcon.colcon_core.verb:set package 'io_control_py' build argument 'cmake_clean_first' from command line to 'False'
[4.647s] Level 5:colcon.colcon_core.verb:set package 'io_control_py' build argument 'cmake_force_configure' from command line to 'False'
[4.648s] Level 5:colcon.colcon_core.verb:set package 'io_control_py' build argument 'ament_cmake_args' from command line to 'None'
[4.648s] Level 5:colcon.colcon_core.verb:set package 'io_control_py' build argument 'catkin_cmake_args' from command line to 'None'
[4.648s] Level 5:colcon.colcon_core.verb:set package 'io_control_py' build argument 'catkin_skip_building_tests' from command line to 'False'
[4.648s] DEBUG:colcon.colcon_core.verb:Building package 'io_control_py' with the following arguments: {'ament_cmake_args': None, 'build_base': '/root/GZ_DiNiu/build/io_control_py', 'catkin_cmake_args': None, 'catkin_skip_building_tests': False, 'cmake_args': None, 'cmake_clean_cache': False, 'cmake_clean_first': False, 'cmake_force_configure': False, 'cmake_target': None, 'cmake_target_skip_unavailable': False, 'install_base': '/root/GZ_DiNiu/install/io_control_py', 'merge_install': False, 'path': '/root/GZ_DiNiu/src/io_control_py', 'symlink_install': False, 'test_result_base': None}
[4.651s] INFO:colcon.colcon_core.executor:Executing jobs using 'parallel' executor
[4.657s] DEBUG:colcon.colcon_parallel_executor.executor.parallel:run_until_complete
[4.659s] INFO:colcon.colcon_ros.task.ament_python.build:Building ROS package in '/root/GZ_DiNiu/src/io_control_py' with build type 'ament_python'
[4.660s] Level 1:colcon.colcon_core.shell:create_environment_hook('io_control_py', 'ament_prefix_path')
[4.686s] INFO:colcon.colcon_core.plugin_system:Skipping extension 'colcon_core.shell.bat': Not used on non-Windows systems
[4.689s] INFO:colcon.colcon_core.shell:Creating environment hook '/root/GZ_DiNiu/install/io_control_py/share/io_control_py/hook/ament_prefix_path.ps1'
[4.696s] INFO:colcon.colcon_core.shell:Creating environment descriptor '/root/GZ_DiNiu/install/io_control_py/share/io_control_py/hook/ament_prefix_path.dsv'
[4.703s] INFO:colcon.colcon_core.shell:Creating environment hook '/root/GZ_DiNiu/install/io_control_py/share/io_control_py/hook/ament_prefix_path.sh'
[4.711s] INFO:colcon.colcon_core.shell:Skip shell extension 'powershell' for command environment: Not usable outside of PowerShell
[4.712s] DEBUG:colcon.colcon_core.shell:Skip shell extension 'dsv' for command environment
[7.717s] INFO:colcon.colcon_core.task.python.build:Building Python package in '/root/GZ_DiNiu/src/io_control_py'
[7.719s] INFO:colcon.colcon_core.shell:Skip shell extension 'powershell' for command environment: Not usable outside of PowerShell
[7.720s] DEBUG:colcon.colcon_core.shell:Skip shell extension 'dsv' for command environment
[11.428s] DEBUG:colcon.colcon_core.event_handler.log_command:Invoking command in '/root/GZ_DiNiu/src/io_control_py': PYTHONPATH=/root/GZ_DiNiu/build/io_control_py/prefix_override:/usr/lib/python3/dist-packages/colcon_core/task/python/colcon_distutils_commands:/root/GZ_DiNiu/install/io_control_py/lib/python3.10/site-packages:${PYTHONPATH} /usr/bin/python3 -W ignore:setup.py install is deprecated -W ignore:easy_install command is deprecated setup.py egg_info --egg-base ../../build/io_control_py build --build-base /root/GZ_DiNiu/build/io_control_py/build install --record /root/GZ_DiNiu/build/io_control_py/install.log --single-version-externally-managed install_data
[15.564s] DEBUG:colcon.colcon_core.event_handler.log_command:Invoked command in '/root/GZ_DiNiu/src/io_control_py' returned '0': PYTHONPATH=/root/GZ_DiNiu/build/io_control_py/prefix_override:/usr/lib/python3/dist-packages/colcon_core/task/python/colcon_distutils_commands:/root/GZ_DiNiu/install/io_control_py/lib/python3.10/site-packages:${PYTHONPATH} /usr/bin/python3 -W ignore:setup.py install is deprecated -W ignore:easy_install command is deprecated setup.py egg_info --egg-base ../../build/io_control_py build --build-base /root/GZ_DiNiu/build/io_control_py/build install --record /root/GZ_DiNiu/build/io_control_py/install.log --single-version-externally-managed install_data
[15.586s] Level 1:colcon.colcon_core.environment:checking '/root/GZ_DiNiu/install/io_control_py' for CMake module files
[15.591s] Level 1:colcon.colcon_core.environment:checking '/root/GZ_DiNiu/install/io_control_py' for CMake config files
[15.600s] Level 1:colcon.colcon_core.environment:checking '/root/GZ_DiNiu/install/io_control_py/lib'
[15.602s] Level 1:colcon.colcon_core.environment:checking '/root/GZ_DiNiu/install/io_control_py/bin'
[15.603s] Level 1:colcon.colcon_core.environment:checking '/root/GZ_DiNiu/install/io_control_py/lib/pkgconfig/io_control_py.pc'
[15.606s] Level 1:colcon.colcon_core.environment:checking '/root/GZ_DiNiu/install/io_control_py/lib/python3.10/site-packages'
[15.607s] Level 1:colcon.colcon_core.shell:create_environment_hook('io_control_py', 'pythonpath')
[15.609s] INFO:colcon.colcon_core.shell:Creating environment hook '/root/GZ_DiNiu/install/io_control_py/share/io_control_py/hook/pythonpath.ps1'
[15.614s] INFO:colcon.colcon_core.shell:Creating environment descriptor '/root/GZ_DiNiu/install/io_control_py/share/io_control_py/hook/pythonpath.dsv'
[15.618s] INFO:colcon.colcon_core.shell:Creating environment hook '/root/GZ_DiNiu/install/io_control_py/share/io_control_py/hook/pythonpath.sh'
[15.625s] Level 1:colcon.colcon_core.environment:checking '/root/GZ_DiNiu/install/io_control_py/bin'
[15.625s] Level 1:colcon.colcon_core.environment:create_environment_scripts_only(io_control_py)
[15.630s] INFO:colcon.colcon_core.shell:Creating package script '/root/GZ_DiNiu/install/io_control_py/share/io_control_py/package.ps1'
[15.637s] INFO:colcon.colcon_core.shell:Creating package descriptor '/root/GZ_DiNiu/install/io_control_py/share/io_control_py/package.dsv'
[15.644s] INFO:colcon.colcon_core.shell:Creating package script '/root/GZ_DiNiu/install/io_control_py/share/io_control_py/package.sh'
[15.652s] INFO:colcon.colcon_core.shell:Creating package script '/root/GZ_DiNiu/install/io_control_py/share/io_control_py/package.bash'
[15.659s] INFO:colcon.colcon_core.shell:Creating package script '/root/GZ_DiNiu/install/io_control_py/share/io_control_py/package.zsh'
[15.665s] Level 1:colcon.colcon_core.environment:create_file_with_runtime_dependencies(/root/GZ_DiNiu/install/io_control_py/share/colcon-core/packages/io_control_py)
[15.673s] DEBUG:colcon.colcon_parallel_executor.executor.parallel:closing loop
[15.674s] DEBUG:colcon.colcon_parallel_executor.executor.parallel:loop closed
[15.674s] DEBUG:colcon.colcon_parallel_executor.executor.parallel:run_until_complete finished with '0'
[15.675s] DEBUG:colcon.colcon_core.event_reactor:joining thread
[15.722s] INFO:colcon.colcon_core.plugin_system:Skipping extension 'colcon_notification.desktop_notification.terminal_notifier': Not used on non-Darwin systems
[15.723s] INFO:colcon.colcon_core.plugin_system:Skipping extension 'colcon_notification.desktop_notification.win32': Not used on non-Windows systems
[15.724s] INFO:colcon.colcon_notification.desktop_notification:Sending desktop notification using 'notify2'
[15.734s] DEBUG:colcon.colcon_notification.desktop_notification.notify2:Failed to initialize notify2: org.freedesktop.DBus.Error.ServiceUnknown: The name org.freedesktop.Notifications was not provided by any .service files
[15.735s] DEBUG:colcon.colcon_core.event_reactor:joined thread
[15.737s] INFO:colcon.colcon_core.shell:Creating prefix script '/root/GZ_DiNiu/install/local_setup.ps1'
[15.744s] INFO:colcon.colcon_core.shell:Creating prefix util module '/root/GZ_DiNiu/install/_local_setup_util_ps1.py'
[15.756s] INFO:colcon.colcon_core.shell:Creating prefix chain script '/root/GZ_DiNiu/install/setup.ps1'
[15.767s] INFO:colcon.colcon_core.shell:Creating prefix script '/root/GZ_DiNiu/install/local_setup.sh'
[15.782s] INFO:colcon.colcon_core.shell:Creating prefix util module '/root/GZ_DiNiu/install/_local_setup_util_sh.py'
[15.789s] INFO:colcon.colcon_core.shell:Creating prefix chain script '/root/GZ_DiNiu/install/setup.sh'
[15.803s] INFO:colcon.colcon_core.shell:Creating prefix script '/root/GZ_DiNiu/install/local_setup.bash'
[15.814s] INFO:colcon.colcon_core.shell:Creating prefix chain script '/root/GZ_DiNiu/install/setup.bash'
[15.832s] INFO:colcon.colcon_core.shell:Creating prefix script '/root/GZ_DiNiu/install/local_setup.zsh'
[15.840s] INFO:colcon.colcon_core.shell:Creating prefix chain script '/root/GZ_DiNiu/install/setup.zsh'
