[7.618s] Invoking command in '/root/GZ_DiNiu/src/io_control_py': PYTHONPATH=/root/GZ_DiNiu/build/io_control_py/prefix_override:/usr/lib/python3/dist-packages/colcon_core/task/python/colcon_distutils_commands:/root/GZ_DiNiu/install/io_control_py/lib/python3.10/site-packages:${PYTHONPATH} /usr/bin/python3 -W ignore:setup.py install is deprecated -W ignore:easy_install command is deprecated setup.py egg_info --egg-base ../../build/io_control_py build --build-base /root/GZ_DiNiu/build/io_control_py/build install --record /root/GZ_DiNiu/build/io_control_py/install.log --single-version-externally-managed install_data
[10.834s] running egg_info
[10.852s] writing ../../build/io_control_py/io_control_py.egg-info/PKG-INFO
[10.864s] writing dependency_links to ../../build/io_control_py/io_control_py.egg-info/dependency_links.txt
[10.866s] writing entry points to ../../build/io_control_py/io_control_py.egg-info/entry_points.txt
[10.873s] writing requirements to ../../build/io_control_py/io_control_py.egg-info/requires.txt
[10.878s] writing top-level names to ../../build/io_control_py/io_control_py.egg-info/top_level.txt
[10.891s] reading manifest file '../../build/io_control_py/io_control_py.egg-info/SOURCES.txt'
[10.906s] writing manifest file '../../build/io_control_py/io_control_py.egg-info/SOURCES.txt'
[10.906s] running build
[10.907s] running build_py
[10.908s] running install
[10.910s] running install_lib
[10.926s] running install_data
[10.929s] running install_egg_info
[10.972s] removing '/root/GZ_DiNiu/install/io_control_py/lib/python3.10/site-packages/io_control_py-0.0.1-py3.10.egg-info' (and everything under it)
[10.978s] Copying ../../build/io_control_py/io_control_py.egg-info to /root/GZ_DiNiu/install/io_control_py/lib/python3.10/site-packages/io_control_py-0.0.1-py3.10.egg-info
[11.007s] running install_scripts
[11.185s] Installing io_control_node script to /root/GZ_DiNiu/install/io_control_py/lib/io_control_py
[11.194s] writing list of installed files to '/root/GZ_DiNiu/build/io_control_py/install.log'
[11.500s] Invoked command in '/root/GZ_DiNiu/src/io_control_py' returned '0': PYTHONPATH=/root/GZ_DiNiu/build/io_control_py/prefix_override:/usr/lib/python3/dist-packages/colcon_core/task/python/colcon_distutils_commands:/root/GZ_DiNiu/install/io_control_py/lib/python3.10/site-packages:${PYTHONPATH} /usr/bin/python3 -W ignore:setup.py install is deprecated -W ignore:easy_install command is deprecated setup.py egg_info --egg-base ../../build/io_control_py build --build-base /root/GZ_DiNiu/build/io_control_py/build install --record /root/GZ_DiNiu/build/io_control_py/install.log --single-version-externally-managed install_data
