[10.212s] Invoking command in '/root/GZ_DiNiu/src/io_control_py': PYTHONPATH=/root/GZ_DiNiu/build/io_control_py/prefix_override:/usr/lib/python3/dist-packages/colcon_core/task/python/colcon_distutils_commands:/root/GZ_DiNiu/install/io_control_py/lib/python3.10/site-packages:${PYTHONPATH} /usr/bin/python3 -W ignore:setup.py install is deprecated -W ignore:easy_install command is deprecated setup.py egg_info --egg-base ../../build/io_control_py build --build-base /root/GZ_DiNiu/build/io_control_py/build install --record /root/GZ_DiNiu/build/io_control_py/install.log --single-version-externally-managed install_data
[13.746s] running egg_info
[13.747s] writing ../../build/io_control_py/io_control_py.egg-info/PKG-INFO
[13.748s] writing dependency_links to ../../build/io_control_py/io_control_py.egg-info/dependency_links.txt
[13.749s] writing entry points to ../../build/io_control_py/io_control_py.egg-info/entry_points.txt
[13.750s] writing requirements to ../../build/io_control_py/io_control_py.egg-info/requires.txt
[13.750s] writing top-level names to ../../build/io_control_py/io_control_py.egg-info/top_level.txt
[13.775s] reading manifest file '../../build/io_control_py/io_control_py.egg-info/SOURCES.txt'
[13.784s] writing manifest file '../../build/io_control_py/io_control_py.egg-info/SOURCES.txt'
[13.799s] running build
[13.799s] running build_py
[13.800s] running install
[13.817s] running install_lib
[13.829s] running install_data
[13.830s] running install_egg_info
[13.831s] removing '/root/GZ_DiNiu/install/io_control_py/lib/python3.10/site-packages/io_control_py-0.0.1-py3.10.egg-info' (and everything under it)
[13.832s] Copying ../../build/io_control_py/io_control_py.egg-info to /root/GZ_DiNiu/install/io_control_py/lib/python3.10/site-packages/io_control_py-0.0.1-py3.10.egg-info
[13.832s] running install_scripts
[14.038s] Installing io_control_node script to /root/GZ_DiNiu/install/io_control_py/lib/io_control_py
[14.052s] writing list of installed files to '/root/GZ_DiNiu/build/io_control_py/install.log'
[14.357s] Invoked command in '/root/GZ_DiNiu/src/io_control_py' returned '0': PYTHONPATH=/root/GZ_DiNiu/build/io_control_py/prefix_override:/usr/lib/python3/dist-packages/colcon_core/task/python/colcon_distutils_commands:/root/GZ_DiNiu/install/io_control_py/lib/python3.10/site-packages:${PYTHONPATH} /usr/bin/python3 -W ignore:setup.py install is deprecated -W ignore:easy_install command is deprecated setup.py egg_info --egg-base ../../build/io_control_py build --build-base /root/GZ_DiNiu/build/io_control_py/build install --record /root/GZ_DiNiu/build/io_control_py/install.log --single-version-externally-managed install_data
