[9.502s] Invoking command in '/root/GZ_DiNiu/src/motor_control_py': PYTHONPATH=/root/GZ_DiNiu/build/motor_control_py/prefix_override:/usr/lib/python3/dist-packages/colcon_core/task/python/colcon_distutils_commands:/root/GZ_DiNiu/install/motor_control_py/lib/python3.10/site-packages:${PYTHONPATH} /usr/bin/python3 -W ignore:setup.py install is deprecated -W ignore:easy_install command is deprecated setup.py egg_info --egg-base ../../build/motor_control_py build --build-base /root/GZ_DiNiu/build/motor_control_py/build install --record /root/GZ_DiNiu/build/motor_control_py/install.log --single-version-externally-managed install_data
[11.900s] running egg_info
[11.904s] writing ../../build/motor_control_py/motor_control_py.egg-info/PKG-INFO
[11.905s] writing dependency_links to ../../build/motor_control_py/motor_control_py.egg-info/dependency_links.txt
[11.907s] writing entry points to ../../build/motor_control_py/motor_control_py.egg-info/entry_points.txt
[11.909s] writing requirements to ../../build/motor_control_py/motor_control_py.egg-info/requires.txt
[11.913s] writing top-level names to ../../build/motor_control_py/motor_control_py.egg-info/top_level.txt
[11.922s] reading manifest file '../../build/motor_control_py/motor_control_py.egg-info/SOURCES.txt'
[11.927s] writing manifest file '../../build/motor_control_py/motor_control_py.egg-info/SOURCES.txt'
[11.929s] running build
[11.929s] running build_py
[11.935s] running install
[11.935s] running install_lib
[11.946s] running install_data
[11.947s] running install_egg_info
[11.956s] removing '/root/GZ_DiNiu/install/motor_control_py/lib/python3.10/site-packages/motor_control_py-0.0.1-py3.10.egg-info' (and everything under it)
[11.965s] Copying ../../build/motor_control_py/motor_control_py.egg-info to /root/GZ_DiNiu/install/motor_control_py/lib/python3.10/site-packages/motor_control_py-0.0.1-py3.10.egg-info
[11.977s] running install_scripts
[12.105s] Installing motor_control_node script to /root/GZ_DiNiu/install/motor_control_py/lib/motor_control_py
[12.110s] Installing speed_web_node script to /root/GZ_DiNiu/install/motor_control_py/lib/motor_control_py
[12.111s] Installing steer_control_node script to /root/GZ_DiNiu/install/motor_control_py/lib/motor_control_py
[12.111s] writing list of installed files to '/root/GZ_DiNiu/build/motor_control_py/install.log'
[12.597s] Invoked command in '/root/GZ_DiNiu/src/motor_control_py' returned '0': PYTHONPATH=/root/GZ_DiNiu/build/motor_control_py/prefix_override:/usr/lib/python3/dist-packages/colcon_core/task/python/colcon_distutils_commands:/root/GZ_DiNiu/install/motor_control_py/lib/python3.10/site-packages:${PYTHONPATH} /usr/bin/python3 -W ignore:setup.py install is deprecated -W ignore:easy_install command is deprecated setup.py egg_info --egg-base ../../build/motor_control_py build --build-base /root/GZ_DiNiu/build/motor_control_py/build install --record /root/GZ_DiNiu/build/motor_control_py/install.log --single-version-externally-managed install_data
