[15.271s] Invoking command in '/root/GZ_DiNiu/src/imu_bno08x': PYTHONPATH=/root/GZ_DiNiu/build/imu_bno08x/prefix_override:/usr/lib/python3/dist-packages/colcon_core/task/python/colcon_distutils_commands:/root/GZ_DiNiu/install/imu_bno08x/lib/python3.10/site-packages:${PYTHONPATH} /usr/bin/python3 -W ignore:setup.py install is deprecated -W ignore:easy_install command is deprecated setup.py egg_info --egg-base ../../build/imu_bno08x build --build-base /root/GZ_DiNiu/build/imu_bno08x/build install --record /root/GZ_DiNiu/build/imu_bno08x/install.log --single-version-externally-managed install_data
[20.597s] running egg_info
[20.627s] writing ../../build/imu_bno08x/imu_bno08x.egg-info/PKG-INFO
[20.634s] writing dependency_links to ../../build/imu_bno08x/imu_bno08x.egg-info/dependency_links.txt
[20.647s] writing entry points to ../../build/imu_bno08x/imu_bno08x.egg-info/entry_points.txt
[20.654s] writing requirements to ../../build/imu_bno08x/imu_bno08x.egg-info/requires.txt
[20.665s] writing top-level names to ../../build/imu_bno08x/imu_bno08x.egg-info/top_level.txt
[20.728s] reading manifest file '../../build/imu_bno08x/imu_bno08x.egg-info/SOURCES.txt'
[20.752s] writing manifest file '../../build/imu_bno08x/imu_bno08x.egg-info/SOURCES.txt'
[20.757s] running build
[20.766s] running build_py
[20.770s] copying imu_bno08x/imu_bno08x_node.py -> /root/GZ_DiNiu/build/imu_bno08x/build/lib/imu_bno08x
[20.796s] running install
[20.811s] running install_lib
[20.837s] copying /root/GZ_DiNiu/build/imu_bno08x/build/lib/imu_bno08x/imu_bno08x_node.py -> /root/GZ_DiNiu/install/imu_bno08x/lib/python3.10/site-packages/imu_bno08x
[20.864s] byte-compiling /root/GZ_DiNiu/install/imu_bno08x/lib/python3.10/site-packages/imu_bno08x/imu_bno08x_node.py to imu_bno08x_node.cpython-310.pyc
[20.908s] running install_data
[20.917s] copying package.xml -> /root/GZ_DiNiu/install/imu_bno08x/share/imu_bno08x
[20.924s] running install_egg_info
[20.977s] removing '/root/GZ_DiNiu/install/imu_bno08x/lib/python3.10/site-packages/imu_bno08x-0.0.1-py3.10.egg-info' (and everything under it)
[21.014s] Copying ../../build/imu_bno08x/imu_bno08x.egg-info to /root/GZ_DiNiu/install/imu_bno08x/lib/python3.10/site-packages/imu_bno08x-0.0.1-py3.10.egg-info
[21.067s] running install_scripts
[21.271s] Installing imu_bno08x_node script to /root/GZ_DiNiu/install/imu_bno08x/lib/imu_bno08x
[21.351s] writing list of installed files to '/root/GZ_DiNiu/build/imu_bno08x/install.log'
[21.932s] Invoked command in '/root/GZ_DiNiu/src/imu_bno08x' returned '0': PYTHONPATH=/root/GZ_DiNiu/build/imu_bno08x/prefix_override:/usr/lib/python3/dist-packages/colcon_core/task/python/colcon_distutils_commands:/root/GZ_DiNiu/install/imu_bno08x/lib/python3.10/site-packages:${PYTHONPATH} /usr/bin/python3 -W ignore:setup.py install is deprecated -W ignore:easy_install command is deprecated setup.py egg_info --egg-base ../../build/imu_bno08x build --build-base /root/GZ_DiNiu/build/imu_bno08x/build install --record /root/GZ_DiNiu/build/imu_bno08x/install.log --single-version-externally-managed install_data
