[0.271s] Invoking command in '/root/GZ_DiNiu/build/ackermann_odom': CMAKE_PREFIX_PATH=${CMAKE_PREFIX_PATH}:/root/GZ_DiNiu/install/motor_control_py:/root/GZ_DiNiu/install/imu_bno08x:/opt/ros/humble /usr/bin/cmake --build /root/GZ_DiNiu/build/ackermann_odom -- -j4 -l4
[4.776s] [100%] Built target ackermann_odom_node
[4.842s] Invoked command in '/root/GZ_DiNiu/build/ackermann_odom' returned '0': CMAKE_PREFIX_PATH=${CMAKE_PREFIX_PATH}:/root/GZ_DiNiu/install/motor_control_py:/root/GZ_DiNiu/install/imu_bno08x:/opt/ros/humble /usr/bin/cmake --build /root/GZ_DiNiu/build/ackermann_odom -- -j4 -l4
[4.965s] Invoking command in '/root/GZ_DiNiu/build/ackermann_odom': CMAKE_PREFIX_PATH=${CMAKE_PREFIX_PATH}:/root/GZ_DiNiu/install/motor_control_py:/root/GZ_DiNiu/install/imu_bno08x:/opt/ros/humble /usr/bin/cmake --install /root/GZ_DiNiu/build/ackermann_odom
[5.056s] -- Install configuration: ""
[5.061s] -- Up-to-date: /root/GZ_DiNiu/install/ackermann_odom/lib/ackermann_odom/ackermann_odom_node
[5.073s] -- Up-to-date: /root/GZ_DiNiu/install/ackermann_odom/share/ament_index/resource_index/package_run_dependencies/ackermann_odom
[5.073s] -- Up-to-date: /root/GZ_DiNiu/install/ackermann_odom/share/ament_index/resource_index/parent_prefix_path/ackermann_odom
[5.079s] -- Up-to-date: /root/GZ_DiNiu/install/ackermann_odom/share/ackermann_odom/environment/ament_prefix_path.sh
[5.079s] -- Up-to-date: /root/GZ_DiNiu/install/ackermann_odom/share/ackermann_odom/environment/ament_prefix_path.dsv
[5.080s] -- Up-to-date: /root/GZ_DiNiu/install/ackermann_odom/share/ackermann_odom/environment/path.sh
[5.101s] -- Up-to-date: /root/GZ_DiNiu/install/ackermann_odom/share/ackermann_odom/environment/path.dsv
[5.102s] -- Up-to-date: /root/GZ_DiNiu/install/ackermann_odom/share/ackermann_odom/local_setup.bash
[5.105s] -- Up-to-date: /root/GZ_DiNiu/install/ackermann_odom/share/ackermann_odom/local_setup.sh
[5.108s] -- Up-to-date: /root/GZ_DiNiu/install/ackermann_odom/share/ackermann_odom/local_setup.zsh
[5.110s] -- Up-to-date: /root/GZ_DiNiu/install/ackermann_odom/share/ackermann_odom/local_setup.dsv
[5.113s] -- Installing: /root/GZ_DiNiu/install/ackermann_odom/share/ackermann_odom/package.dsv
[5.120s] -- Up-to-date: /root/GZ_DiNiu/install/ackermann_odom/share/ament_index/resource_index/packages/ackermann_odom
[5.120s] -- Up-to-date: /root/GZ_DiNiu/install/ackermann_odom/share/ackermann_odom/cmake/ackermann_odomConfig.cmake
[5.125s] -- Up-to-date: /root/GZ_DiNiu/install/ackermann_odom/share/ackermann_odom/cmake/ackermann_odomConfig-version.cmake
[5.127s] -- Up-to-date: /root/GZ_DiNiu/install/ackermann_odom/share/ackermann_odom/package.xml
[5.179s] Invoked command in '/root/GZ_DiNiu/build/ackermann_odom' returned '0': CMAKE_PREFIX_PATH=${CMAKE_PREFIX_PATH}:/root/GZ_DiNiu/install/motor_control_py:/root/GZ_DiNiu/install/imu_bno08x:/opt/ros/humble /usr/bin/cmake --install /root/GZ_DiNiu/build/ackermann_odom
