[10.134s] Invoking command in '/root/GZ_DiNiu/src/motor_control_py': PYTHONPATH=/root/GZ_DiNiu/build/motor_control_py/prefix_override:/usr/lib/python3/dist-packages/colcon_core/task/python/colcon_distutils_commands:/root/GZ_DiNiu/install/motor_control_py/lib/python3.10/site-packages:${PYTHONPATH} /usr/bin/python3 -W ignore:setup.py install is deprecated -W ignore:easy_install command is deprecated setup.py egg_info --egg-base ../../build/motor_control_py build --build-base /root/GZ_DiNiu/build/motor_control_py/build install --record /root/GZ_DiNiu/build/motor_control_py/install.log --single-version-externally-managed install_data
[12.897s] running egg_info
[12.903s] writing ../../build/motor_control_py/motor_control_py.egg-info/PKG-INFO
[12.906s] writing dependency_links to ../../build/motor_control_py/motor_control_py.egg-info/dependency_links.txt
[12.912s] writing entry points to ../../build/motor_control_py/motor_control_py.egg-info/entry_points.txt
[12.916s] writing requirements to ../../build/motor_control_py/motor_control_py.egg-info/requires.txt
[12.917s] writing top-level names to ../../build/motor_control_py/motor_control_py.egg-info/top_level.txt
[12.935s] reading manifest file '../../build/motor_control_py/motor_control_py.egg-info/SOURCES.txt'
[12.936s] writing manifest file '../../build/motor_control_py/motor_control_py.egg-info/SOURCES.txt'
[12.938s] running build
[12.940s] running build_py
[12.941s] running install
[12.944s] running install_lib
[12.959s] running install_data
[12.972s] running install_egg_info
[12.972s] removing '/root/GZ_DiNiu/install/motor_control_py/lib/python3.10/site-packages/motor_control_py-0.0.1-py3.10.egg-info' (and everything under it)
[12.973s] Copying ../../build/motor_control_py/motor_control_py.egg-info to /root/GZ_DiNiu/install/motor_control_py/lib/python3.10/site-packages/motor_control_py-0.0.1-py3.10.egg-info
[12.982s] running install_scripts
[13.155s] Installing motor_control_node script to /root/GZ_DiNiu/install/motor_control_py/lib/motor_control_py
[13.156s] Installing speed_web_node script to /root/GZ_DiNiu/install/motor_control_py/lib/motor_control_py
[13.160s] Installing steer_control_node script to /root/GZ_DiNiu/install/motor_control_py/lib/motor_control_py
[13.163s] writing list of installed files to '/root/GZ_DiNiu/build/motor_control_py/install.log'
[13.369s] Invoked command in '/root/GZ_DiNiu/src/motor_control_py' returned '0': PYTHONPATH=/root/GZ_DiNiu/build/motor_control_py/prefix_override:/usr/lib/python3/dist-packages/colcon_core/task/python/colcon_distutils_commands:/root/GZ_DiNiu/install/motor_control_py/lib/python3.10/site-packages:${PYTHONPATH} /usr/bin/python3 -W ignore:setup.py install is deprecated -W ignore:easy_install command is deprecated setup.py egg_info --egg-base ../../build/motor_control_py build --build-base /root/GZ_DiNiu/build/motor_control_py/build install --record /root/GZ_DiNiu/build/motor_control_py/install.log --single-version-externally-managed install_data
