running egg_info
creating ../../build/io_control_py/io_control_py.egg-info
writing ../../build/io_control_py/io_control_py.egg-info/PKG-INFO
writing dependency_links to ../../build/io_control_py/io_control_py.egg-info/dependency_links.txt
writing entry points to ../../build/io_control_py/io_control_py.egg-info/entry_points.txt
writing requirements to ../../build/io_control_py/io_control_py.egg-info/requires.txt
writing top-level names to ../../build/io_control_py/io_control_py.egg-info/top_level.txt
writing manifest file '../../build/io_control_py/io_control_py.egg-info/SOURCES.txt'
reading manifest file '../../build/io_control_py/io_control_py.egg-info/SOURCES.txt'
writing manifest file '../../build/io_control_py/io_control_py.egg-info/SOURCES.txt'
running build
running build_py
creating /root/GZ_DiNiu/build/io_control_py/build
creating /root/GZ_DiNiu/build/io_control_py/build/lib
creating /root/GZ_DiNiu/build/io_control_py/build/lib/io_control_py
copying io_control_py/__init__.py -> /root/GZ_DiNiu/build/io_control_py/build/lib/io_control_py
copying io_control_py/io_control_node.py -> /root/GZ_DiNiu/build/io_control_py/build/lib/io_control_py
running install
running install_lib
creating /root/GZ_DiNiu/install/io_control_py/lib/python3.10/site-packages/io_control_py
copying /root/GZ_DiNiu/build/io_control_py/build/lib/io_control_py/__init__.py -> /root/GZ_DiNiu/install/io_control_py/lib/python3.10/site-packages/io_control_py
copying /root/GZ_DiNiu/build/io_control_py/build/lib/io_control_py/io_control_node.py -> /root/GZ_DiNiu/install/io_control_py/lib/python3.10/site-packages/io_control_py
byte-compiling /root/GZ_DiNiu/install/io_control_py/lib/python3.10/site-packages/io_control_py/__init__.py to __init__.cpython-310.pyc
byte-compiling /root/GZ_DiNiu/install/io_control_py/lib/python3.10/site-packages/io_control_py/io_control_node.py to io_control_node.cpython-310.pyc
running install_data
creating /root/GZ_DiNiu/install/io_control_py/share/ament_index
creating /root/GZ_DiNiu/install/io_control_py/share/ament_index/resource_index
creating /root/GZ_DiNiu/install/io_control_py/share/ament_index/resource_index/packages
copying resource/io_control_py -> /root/GZ_DiNiu/install/io_control_py/share/ament_index/resource_index/packages
copying package.xml -> /root/GZ_DiNiu/install/io_control_py/share/io_control_py
running install_egg_info
Copying ../../build/io_control_py/io_control_py.egg-info to /root/GZ_DiNiu/install/io_control_py/lib/python3.10/site-packages/io_control_py-0.0.1-py3.10.egg-info
running install_scripts
Installing io_control_node script to /root/GZ_DiNiu/install/io_control_py/lib/io_control_py
writing list of installed files to '/root/GZ_DiNiu/build/io_control_py/install.log'
