[15.389s] Invoking command in '/root/GZ_DiNiu/src/io_control_py': PYTHONPATH=/root/GZ_DiNiu/build/io_control_py/prefix_override:/usr/lib/python3/dist-packages/colcon_core/task/python/colcon_distutils_commands:/root/GZ_DiNiu/install/io_control_py/lib/python3.10/site-packages:${PYTHONPATH} /usr/bin/python3 -W ignore:setup.py install is deprecated -W ignore:easy_install command is deprecated setup.py egg_info --egg-base ../../build/io_control_py build --build-base /root/GZ_DiNiu/build/io_control_py/build install --record /root/GZ_DiNiu/build/io_control_py/install.log --single-version-externally-managed install_data
[23.975s] running egg_info
[23.996s] creating ../../build/io_control_py/io_control_py.egg-info
[24.007s] writing ../../build/io_control_py/io_control_py.egg-info/PKG-INFO
[24.020s] writing dependency_links to ../../build/io_control_py/io_control_py.egg-info/dependency_links.txt
[24.029s] writing entry points to ../../build/io_control_py/io_control_py.egg-info/entry_points.txt
[24.029s] writing requirements to ../../build/io_control_py/io_control_py.egg-info/requires.txt
[24.030s] writing top-level names to ../../build/io_control_py/io_control_py.egg-info/top_level.txt
[24.032s] writing manifest file '../../build/io_control_py/io_control_py.egg-info/SOURCES.txt'
[24.059s] reading manifest file '../../build/io_control_py/io_control_py.egg-info/SOURCES.txt'
[24.073s] writing manifest file '../../build/io_control_py/io_control_py.egg-info/SOURCES.txt'
[24.078s] running build
[24.082s] running build_py
[24.086s] creating /root/GZ_DiNiu/build/io_control_py/build
[24.090s] creating /root/GZ_DiNiu/build/io_control_py/build/lib
[24.093s] creating /root/GZ_DiNiu/build/io_control_py/build/lib/io_control_py
[24.101s] copying io_control_py/__init__.py -> /root/GZ_DiNiu/build/io_control_py/build/lib/io_control_py
[24.122s] copying io_control_py/io_control_node.py -> /root/GZ_DiNiu/build/io_control_py/build/lib/io_control_py
[24.125s] running install
[24.132s] running install_lib
[24.153s] creating /root/GZ_DiNiu/install/io_control_py/lib/python3.10/site-packages/io_control_py
[24.161s] copying /root/GZ_DiNiu/build/io_control_py/build/lib/io_control_py/__init__.py -> /root/GZ_DiNiu/install/io_control_py/lib/python3.10/site-packages/io_control_py
[24.169s] copying /root/GZ_DiNiu/build/io_control_py/build/lib/io_control_py/io_control_node.py -> /root/GZ_DiNiu/install/io_control_py/lib/python3.10/site-packages/io_control_py
[24.189s] byte-compiling /root/GZ_DiNiu/install/io_control_py/lib/python3.10/site-packages/io_control_py/__init__.py to __init__.cpython-310.pyc
[24.199s] byte-compiling /root/GZ_DiNiu/install/io_control_py/lib/python3.10/site-packages/io_control_py/io_control_node.py to io_control_node.cpython-310.pyc
[24.230s] running install_data
[24.235s] creating /root/GZ_DiNiu/install/io_control_py/share/ament_index
[24.241s] creating /root/GZ_DiNiu/install/io_control_py/share/ament_index/resource_index
[24.249s] creating /root/GZ_DiNiu/install/io_control_py/share/ament_index/resource_index/packages
[24.256s] copying resource/io_control_py -> /root/GZ_DiNiu/install/io_control_py/share/ament_index/resource_index/packages
[24.266s] copying package.xml -> /root/GZ_DiNiu/install/io_control_py/share/io_control_py
[24.272s] running install_egg_info
[24.316s] Copying ../../build/io_control_py/io_control_py.egg-info to /root/GZ_DiNiu/install/io_control_py/lib/python3.10/site-packages/io_control_py-0.0.1-py3.10.egg-info
[24.357s] running install_scripts
[24.674s] Installing io_control_node script to /root/GZ_DiNiu/install/io_control_py/lib/io_control_py
[24.683s] writing list of installed files to '/root/GZ_DiNiu/build/io_control_py/install.log'
[25.355s] Invoked command in '/root/GZ_DiNiu/src/io_control_py' returned '0': PYTHONPATH=/root/GZ_DiNiu/build/io_control_py/prefix_override:/usr/lib/python3/dist-packages/colcon_core/task/python/colcon_distutils_commands:/root/GZ_DiNiu/install/io_control_py/lib/python3.10/site-packages:${PYTHONPATH} /usr/bin/python3 -W ignore:setup.py install is deprecated -W ignore:easy_install command is deprecated setup.py egg_info --egg-base ../../build/io_control_py build --build-base /root/GZ_DiNiu/build/io_control_py/build install --record /root/GZ_DiNiu/build/io_control_py/install.log --single-version-externally-managed install_data
