[22.966s] Invoking command in '/root/GZ_DiNiu/src/motor_control_py': PYTHONPATH=/root/GZ_DiNiu/build/motor_control_py/prefix_override:/usr/lib/python3/dist-packages/colcon_core/task/python/colcon_distutils_commands:/root/GZ_DiNiu/install/motor_control_py/lib/python3.10/site-packages:${PYTHONPATH} /usr/bin/python3 -W ignore:setup.py install is deprecated -W ignore:easy_install command is deprecated setup.py egg_info --egg-base ../../build/motor_control_py build --build-base /root/GZ_DiNiu/build/motor_control_py/build install --record /root/GZ_DiNiu/build/motor_control_py/install.log --single-version-externally-managed install_data
[38.672s] running egg_info
[38.690s] writing ../../build/motor_control_py/motor_control_py.egg-info/PKG-INFO
[38.699s] writing dependency_links to ../../build/motor_control_py/motor_control_py.egg-info/dependency_links.txt
[38.713s] writing entry points to ../../build/motor_control_py/motor_control_py.egg-info/entry_points.txt
[38.719s] writing requirements to ../../build/motor_control_py/motor_control_py.egg-info/requires.txt
[38.727s] writing top-level names to ../../build/motor_control_py/motor_control_py.egg-info/top_level.txt
[38.779s] reading manifest file '../../build/motor_control_py/motor_control_py.egg-info/SOURCES.txt'
[38.787s] writing manifest file '../../build/motor_control_py/motor_control_py.egg-info/SOURCES.txt'
[38.795s] running build
[38.796s] running build_py
[38.806s] copying motor_control_py/motor_control_node.py -> /root/GZ_DiNiu/build/motor_control_py/build/lib/motor_control_py
[38.818s] running install
[38.827s] running install_lib
[38.828s] copying /root/GZ_DiNiu/build/motor_control_py/build/lib/motor_control_py/motor_control_node.py -> /root/GZ_DiNiu/install/motor_control_py/lib/python3.10/site-packages/motor_control_py
[38.855s] byte-compiling /root/GZ_DiNiu/install/motor_control_py/lib/python3.10/site-packages/motor_control_py/motor_control_node.py to motor_control_node.cpython-310.pyc
[38.919s] running install_data
[38.940s] running install_egg_info
[38.963s] removing '/root/GZ_DiNiu/install/motor_control_py/lib/python3.10/site-packages/motor_control_py-0.0.1-py3.10.egg-info' (and everything under it)
[38.978s] Copying ../../build/motor_control_py/motor_control_py.egg-info to /root/GZ_DiNiu/install/motor_control_py/lib/python3.10/site-packages/motor_control_py-0.0.1-py3.10.egg-info
[39.018s] running install_scripts
[39.395s] Installing motor_control_node script to /root/GZ_DiNiu/install/motor_control_py/lib/motor_control_py
[39.411s] Installing speed_web_node script to /root/GZ_DiNiu/install/motor_control_py/lib/motor_control_py
[39.413s] Installing steer_control_node script to /root/GZ_DiNiu/install/motor_control_py/lib/motor_control_py
[39.428s] writing list of installed files to '/root/GZ_DiNiu/build/motor_control_py/install.log'
[40.107s] Invoked command in '/root/GZ_DiNiu/src/motor_control_py' returned '0': PYTHONPATH=/root/GZ_DiNiu/build/motor_control_py/prefix_override:/usr/lib/python3/dist-packages/colcon_core/task/python/colcon_distutils_commands:/root/GZ_DiNiu/install/motor_control_py/lib/python3.10/site-packages:${PYTHONPATH} /usr/bin/python3 -W ignore:setup.py install is deprecated -W ignore:easy_install command is deprecated setup.py egg_info --egg-base ../../build/motor_control_py build --build-base /root/GZ_DiNiu/build/motor_control_py/build install --record /root/GZ_DiNiu/build/motor_control_py/install.log --single-version-externally-managed install_data
