[11.870s] Invoking command in '/root/GZ_DiNiu/src/io_control_py': PYTHONPATH=/root/GZ_DiNiu/build/io_control_py/prefix_override:/usr/lib/python3/dist-packages/colcon_core/task/python/colcon_distutils_commands:/root/GZ_DiNiu/install/io_control_py/lib/python3.10/site-packages:${PYTHONPATH} /usr/bin/python3 -W ignore:setup.py install is deprecated -W ignore:easy_install command is deprecated setup.py egg_info --egg-base ../../build/io_control_py build --build-base /root/GZ_DiNiu/build/io_control_py/build install --record /root/GZ_DiNiu/build/io_control_py/install.log --single-version-externally-managed install_data
[16.041s] running egg_info
[16.042s] writing ../../build/io_control_py/io_control_py.egg-info/PKG-INFO
[16.044s] writing dependency_links to ../../build/io_control_py/io_control_py.egg-info/dependency_links.txt
[16.049s] writing entry points to ../../build/io_control_py/io_control_py.egg-info/entry_points.txt
[16.055s] writing requirements to ../../build/io_control_py/io_control_py.egg-info/requires.txt
[16.055s] writing top-level names to ../../build/io_control_py/io_control_py.egg-info/top_level.txt
[16.068s] reading manifest file '../../build/io_control_py/io_control_py.egg-info/SOURCES.txt'
[16.080s] writing manifest file '../../build/io_control_py/io_control_py.egg-info/SOURCES.txt'
[16.083s] running build
[16.083s] running build_py
[16.087s] running install
[16.096s] running install_lib
[16.116s] running install_data
[16.126s] running install_egg_info
[16.155s] removing '/root/GZ_DiNiu/install/io_control_py/lib/python3.10/site-packages/io_control_py-0.0.1-py3.10.egg-info' (and everything under it)
[16.166s] Copying ../../build/io_control_py/io_control_py.egg-info to /root/GZ_DiNiu/install/io_control_py/lib/python3.10/site-packages/io_control_py-0.0.1-py3.10.egg-info
[16.195s] running install_scripts
[16.441s] Installing io_control_node script to /root/GZ_DiNiu/install/io_control_py/lib/io_control_py
[16.446s] writing list of installed files to '/root/GZ_DiNiu/build/io_control_py/install.log'
[16.783s] Invoked command in '/root/GZ_DiNiu/src/io_control_py' returned '0': PYTHONPATH=/root/GZ_DiNiu/build/io_control_py/prefix_override:/usr/lib/python3/dist-packages/colcon_core/task/python/colcon_distutils_commands:/root/GZ_DiNiu/install/io_control_py/lib/python3.10/site-packages:${PYTHONPATH} /usr/bin/python3 -W ignore:setup.py install is deprecated -W ignore:easy_install command is deprecated setup.py egg_info --egg-base ../../build/io_control_py build --build-base /root/GZ_DiNiu/build/io_control_py/build install --record /root/GZ_DiNiu/build/io_control_py/install.log --single-version-externally-managed install_data
