[12.503s] Invoking command in '/root/GZ_DiNiu/src/io_control_py': PYTHONPATH=/root/GZ_DiNiu/build/io_control_py/prefix_override:/usr/lib/python3/dist-packages/colcon_core/task/python/colcon_distutils_commands:/root/GZ_DiNiu/install/io_control_py/lib/python3.10/site-packages:${PYTHONPATH} /usr/bin/python3 -W ignore:setup.py install is deprecated -W ignore:easy_install command is deprecated setup.py egg_info --egg-base ../../build/io_control_py build --build-base /root/GZ_DiNiu/build/io_control_py/build install --record /root/GZ_DiNiu/build/io_control_py/install.log --single-version-externally-managed install_data
[15.419s] running egg_info
[15.430s] writing ../../build/io_control_py/io_control_py.egg-info/PKG-INFO
[15.434s] writing dependency_links to ../../build/io_control_py/io_control_py.egg-info/dependency_links.txt
[15.441s] writing entry points to ../../build/io_control_py/io_control_py.egg-info/entry_points.txt
[15.444s] writing requirements to ../../build/io_control_py/io_control_py.egg-info/requires.txt
[15.447s] writing top-level names to ../../build/io_control_py/io_control_py.egg-info/top_level.txt
[15.466s] reading manifest file '../../build/io_control_py/io_control_py.egg-info/SOURCES.txt'
[15.471s] writing manifest file '../../build/io_control_py/io_control_py.egg-info/SOURCES.txt'
[15.478s] running build
[15.479s] running build_py
[15.485s] copying io_control_py/io_control_node.py -> /root/GZ_DiNiu/build/io_control_py/build/lib/io_control_py
[15.497s] running install
[15.500s] running install_lib
[15.506s] copying /root/GZ_DiNiu/build/io_control_py/build/lib/io_control_py/io_control_node.py -> /root/GZ_DiNiu/install/io_control_py/lib/python3.10/site-packages/io_control_py
[15.516s] byte-compiling /root/GZ_DiNiu/install/io_control_py/lib/python3.10/site-packages/io_control_py/io_control_node.py to io_control_node.cpython-310.pyc
[15.533s] running install_data
[15.534s] running install_egg_info
[15.556s] removing '/root/GZ_DiNiu/install/io_control_py/lib/python3.10/site-packages/io_control_py-0.0.1-py3.10.egg-info' (and everything under it)
[15.571s] Copying ../../build/io_control_py/io_control_py.egg-info to /root/GZ_DiNiu/install/io_control_py/lib/python3.10/site-packages/io_control_py-0.0.1-py3.10.egg-info
[15.601s] running install_scripts
[15.843s] Installing io_control_node script to /root/GZ_DiNiu/install/io_control_py/lib/io_control_py
[15.852s] writing list of installed files to '/root/GZ_DiNiu/build/io_control_py/install.log'
[16.309s] Invoked command in '/root/GZ_DiNiu/src/io_control_py' returned '0': PYTHONPATH=/root/GZ_DiNiu/build/io_control_py/prefix_override:/usr/lib/python3/dist-packages/colcon_core/task/python/colcon_distutils_commands:/root/GZ_DiNiu/install/io_control_py/lib/python3.10/site-packages:${PYTHONPATH} /usr/bin/python3 -W ignore:setup.py install is deprecated -W ignore:easy_install command is deprecated setup.py egg_info --egg-base ../../build/io_control_py build --build-base /root/GZ_DiNiu/build/io_control_py/build install --record /root/GZ_DiNiu/build/io_control_py/install.log --single-version-externally-managed install_data
