[0.161s] Invoking command in '/root/GZ_DiNiu/build/ackermann_odom': CMAKE_PREFIX_PATH=${CMAKE_PREFIX_PATH}:/root/GZ_DiNiu/install/motor_control_py:/root/GZ_DiNiu/install/io_control_py:/root/GZ_DiNiu/install/imu_bno08x:/opt/ros/humble /usr/bin/cmake --build /root/GZ_DiNiu/build/ackermann_odom -- -j4 -l4
[1.844s] [100%] Built target ackermann_odom_node
[1.855s] Invoked command in '/root/GZ_DiNiu/build/ackermann_odom' returned '0': CMAKE_PREFIX_PATH=${CMAKE_PREFIX_PATH}:/root/GZ_DiNiu/install/motor_control_py:/root/GZ_DiNiu/install/io_control_py:/root/GZ_DiNiu/install/imu_bno08x:/opt/ros/humble /usr/bin/cmake --build /root/GZ_DiNiu/build/ackermann_odom -- -j4 -l4
[1.900s] Invoking command in '/root/GZ_DiNiu/build/ackermann_odom': CMAKE_PREFIX_PATH=${CMAKE_PREFIX_PATH}:/root/GZ_DiNiu/install/motor_control_py:/root/GZ_DiNiu/install/io_control_py:/root/GZ_DiNiu/install/imu_bno08x:/opt/ros/humble /usr/bin/cmake --install /root/GZ_DiNiu/build/ackermann_odom
[3.340s] -- Install configuration: ""
[3.341s] -- Up-to-date: /root/GZ_DiNiu/install/ackermann_odom/lib/ackermann_odom/ackermann_odom_node
[3.343s] -- Up-to-date: /root/GZ_DiNiu/install/ackermann_odom/share/ackermann_odom/config
[3.343s] -- Up-to-date: /root/GZ_DiNiu/install/ackermann_odom/share/ackermann_odom/config/motor_control_defaults.yaml
[3.345s] -- Up-to-date: /root/GZ_DiNiu/install/ackermann_odom/share/ament_index/resource_index/package_run_dependencies/ackermann_odom
[3.347s] -- Up-to-date: /root/GZ_DiNiu/install/ackermann_odom/share/ament_index/resource_index/parent_prefix_path/ackermann_odom
[3.348s] -- Up-to-date: /root/GZ_DiNiu/install/ackermann_odom/share/ackermann_odom/environment/ament_prefix_path.sh
[3.349s] -- Up-to-date: /root/GZ_DiNiu/install/ackermann_odom/share/ackermann_odom/environment/ament_prefix_path.dsv
[3.350s] -- Up-to-date: /root/GZ_DiNiu/install/ackermann_odom/share/ackermann_odom/environment/path.sh
[3.352s] -- Up-to-date: /root/GZ_DiNiu/install/ackermann_odom/share/ackermann_odom/environment/path.dsv
[3.357s] -- Up-to-date: /root/GZ_DiNiu/install/ackermann_odom/share/ackermann_odom/local_setup.bash
[3.361s] -- Up-to-date: /root/GZ_DiNiu/install/ackermann_odom/share/ackermann_odom/local_setup.sh
[3.363s] -- Up-to-date: /root/GZ_DiNiu/install/ackermann_odom/share/ackermann_odom/local_setup.zsh
[3.373s] -- Up-to-date: /root/GZ_DiNiu/install/ackermann_odom/share/ackermann_odom/local_setup.dsv
[3.374s] -- Installing: /root/GZ_DiNiu/install/ackermann_odom/share/ackermann_odom/package.dsv
[3.375s] -- Up-to-date: /root/GZ_DiNiu/install/ackermann_odom/share/ament_index/resource_index/packages/ackermann_odom
[3.377s] -- Up-to-date: /root/GZ_DiNiu/install/ackermann_odom/share/ackermann_odom/cmake/ackermann_odomConfig.cmake
[3.377s] -- Up-to-date: /root/GZ_DiNiu/install/ackermann_odom/share/ackermann_odom/cmake/ackermann_odomConfig-version.cmake
[3.378s] -- Up-to-date: /root/GZ_DiNiu/install/ackermann_odom/share/ackermann_odom/package.xml
[3.548s] Invoked command in '/root/GZ_DiNiu/build/ackermann_odom' returned '0': CMAKE_PREFIX_PATH=${CMAKE_PREFIX_PATH}:/root/GZ_DiNiu/install/motor_control_py:/root/GZ_DiNiu/install/io_control_py:/root/GZ_DiNiu/install/imu_bno08x:/opt/ros/humble /usr/bin/cmake --install /root/GZ_DiNiu/build/ackermann_odom
