[10.878s] Invoking command in '/root/GZ_DiNiu/src/motor_control_py': PYTHONPATH=/root/GZ_DiNiu/build/motor_control_py/prefix_override:/usr/lib/python3/dist-packages/colcon_core/task/python/colcon_distutils_commands:/root/GZ_DiNiu/install/motor_control_py/lib/python3.10/site-packages:${PYTHONPATH} /usr/bin/python3 -W ignore:setup.py install is deprecated -W ignore:easy_install command is deprecated setup.py egg_info --egg-base ../../build/motor_control_py build --build-base /root/GZ_DiNiu/build/motor_control_py/build install --record /root/GZ_DiNiu/build/motor_control_py/install.log --single-version-externally-managed install_data
[16.615s] running egg_info
[16.630s] writing ../../build/motor_control_py/motor_control_py.egg-info/PKG-INFO
[16.636s] writing dependency_links to ../../build/motor_control_py/motor_control_py.egg-info/dependency_links.txt
[16.646s] writing entry points to ../../build/motor_control_py/motor_control_py.egg-info/entry_points.txt
[16.649s] writing requirements to ../../build/motor_control_py/motor_control_py.egg-info/requires.txt
[16.656s] writing top-level names to ../../build/motor_control_py/motor_control_py.egg-info/top_level.txt
[16.697s] reading manifest file '../../build/motor_control_py/motor_control_py.egg-info/SOURCES.txt'
[16.735s] writing manifest file '../../build/motor_control_py/motor_control_py.egg-info/SOURCES.txt'
[16.744s] running build
[16.753s] running build_py
[16.767s] running install
[16.787s] running install_lib
[16.823s] running install_data
[16.826s] running install_egg_info
[16.883s] removing '/root/GZ_DiNiu/install/motor_control_py/lib/python3.10/site-packages/motor_control_py-0.0.1-py3.10.egg-info' (and everything under it)
[16.897s] Copying ../../build/motor_control_py/motor_control_py.egg-info to /root/GZ_DiNiu/install/motor_control_py/lib/python3.10/site-packages/motor_control_py-0.0.1-py3.10.egg-info
[16.943s] running install_scripts
[17.285s] Installing motor_control_node script to /root/GZ_DiNiu/install/motor_control_py/lib/motor_control_py
[17.294s] Installing speed_web_node script to /root/GZ_DiNiu/install/motor_control_py/lib/motor_control_py
[17.296s] Installing steer_control_node script to /root/GZ_DiNiu/install/motor_control_py/lib/motor_control_py
[17.313s] writing list of installed files to '/root/GZ_DiNiu/build/motor_control_py/install.log'
[17.686s] Invoked command in '/root/GZ_DiNiu/src/motor_control_py' returned '0': PYTHONPATH=/root/GZ_DiNiu/build/motor_control_py/prefix_override:/usr/lib/python3/dist-packages/colcon_core/task/python/colcon_distutils_commands:/root/GZ_DiNiu/install/motor_control_py/lib/python3.10/site-packages:${PYTHONPATH} /usr/bin/python3 -W ignore:setup.py install is deprecated -W ignore:easy_install command is deprecated setup.py egg_info --egg-base ../../build/motor_control_py build --build-base /root/GZ_DiNiu/build/motor_control_py/build install --record /root/GZ_DiNiu/build/motor_control_py/install.log --single-version-externally-managed install_data
