[0.158s] Invoking command in '/root/GZ_DiNiu/build/ackermann_odom': CMAKE_PREFIX_PATH=${CMAKE_PREFIX_PATH}:/root/GZ_DiNiu/install/motor_control_py:/root/GZ_DiNiu/install/io_control_py:/root/GZ_DiNiu/install/imu_bno08x:/opt/ros/humble /usr/bin/cmake --build /root/GZ_DiNiu/build/ackermann_odom -- -j4 -l4
[1.985s] [100%] Built target ackermann_odom_node
[3.791s] Invoked command in '/root/GZ_DiNiu/build/ackermann_odom' returned '0': CMAKE_PREFIX_PATH=${CMAKE_PREFIX_PATH}:/root/GZ_DiNiu/install/motor_control_py:/root/GZ_DiNiu/install/io_control_py:/root/GZ_DiNiu/install/imu_bno08x:/opt/ros/humble /usr/bin/cmake --build /root/GZ_DiNiu/build/ackermann_odom -- -j4 -l4
[3.845s] Invoking command in '/root/GZ_DiNiu/build/ackermann_odom': CMAKE_PREFIX_PATH=${CMAKE_PREFIX_PATH}:/root/GZ_DiNiu/install/motor_control_py:/root/GZ_DiNiu/install/io_control_py:/root/GZ_DiNiu/install/imu_bno08x:/opt/ros/humble /usr/bin/cmake --install /root/GZ_DiNiu/build/ackermann_odom
[3.850s] -- Install configuration: ""
[3.851s] -- Up-to-date: /root/GZ_DiNiu/install/ackermann_odom/lib/ackermann_odom/ackermann_odom_node
[3.852s] -- Up-to-date: /root/GZ_DiNiu/install/ackermann_odom/share/ackermann_odom/config
[3.853s] -- Up-to-date: /root/GZ_DiNiu/install/ackermann_odom/share/ackermann_odom/config/motor_control_defaults.yaml
[3.854s] -- Up-to-date: /root/GZ_DiNiu/install/ackermann_odom/share/ament_index/resource_index/package_run_dependencies/ackermann_odom
[3.856s] -- Up-to-date: /root/GZ_DiNiu/install/ackermann_odom/share/ament_index/resource_index/parent_prefix_path/ackermann_odom
[3.857s] -- Up-to-date: /root/GZ_DiNiu/install/ackermann_odom/share/ackermann_odom/environment/ament_prefix_path.sh
[3.857s] -- Up-to-date: /root/GZ_DiNiu/install/ackermann_odom/share/ackermann_odom/environment/ament_prefix_path.dsv
[3.858s] -- Up-to-date: /root/GZ_DiNiu/install/ackermann_odom/share/ackermann_odom/environment/path.sh
[3.858s] -- Up-to-date: /root/GZ_DiNiu/install/ackermann_odom/share/ackermann_odom/environment/path.dsv
[3.859s] -- Up-to-date: /root/GZ_DiNiu/install/ackermann_odom/share/ackermann_odom/local_setup.bash
[3.859s] -- Up-to-date: /root/GZ_DiNiu/install/ackermann_odom/share/ackermann_odom/local_setup.sh
[3.861s] -- Up-to-date: /root/GZ_DiNiu/install/ackermann_odom/share/ackermann_odom/local_setup.zsh
[3.864s] -- Up-to-date: /root/GZ_DiNiu/install/ackermann_odom/share/ackermann_odom/local_setup.dsv
[3.864s] -- Installing: /root/GZ_DiNiu/install/ackermann_odom/share/ackermann_odom/package.dsv
[3.866s] -- Up-to-date: /root/GZ_DiNiu/install/ackermann_odom/share/ament_index/resource_index/packages/ackermann_odom
[3.867s] -- Up-to-date: /root/GZ_DiNiu/install/ackermann_odom/share/ackermann_odom/cmake/ackermann_odomConfig.cmake
[3.868s] -- Up-to-date: /root/GZ_DiNiu/install/ackermann_odom/share/ackermann_odom/cmake/ackermann_odomConfig-version.cmake
[3.869s] -- Up-to-date: /root/GZ_DiNiu/install/ackermann_odom/share/ackermann_odom/package.xml
[4.073s] Invoked command in '/root/GZ_DiNiu/build/ackermann_odom' returned '0': CMAKE_PREFIX_PATH=${CMAKE_PREFIX_PATH}:/root/GZ_DiNiu/install/motor_control_py:/root/GZ_DiNiu/install/io_control_py:/root/GZ_DiNiu/install/imu_bno08x:/opt/ros/humble /usr/bin/cmake --install /root/GZ_DiNiu/build/ackermann_odom
